[3] W DRAM[0]
[103] R DRAM[1000]
[106] W DRAM[0]
[206] R DRAM[2000]
[209] W DRAM[0]
[309] R DRAM[3000]
[312] W DRAM[0]
[412] R DRAM[4000]
[415] W DRAM[0]
[515] R DRAM[5000]
[518] W DRAM[0]
[618] R DRAM[6000]
[621] W DRAM[0]
[721] R DRAM[7000]
[724] W DRAM[0]
[824] R DRAM[8000]
[827] W DRAM[0]
[927] R DRAM[9000]
[930] W DRAM[0]
[1030] R DRAM[a000]
[1033] W DRAM[0]
[1133] R DRAM[b000]
[1136] W DRAM[0]
[1236] R DRAM[c000]
[1239] W DRAM[0]
[1339] R DRAM[d000]
[1342] W DRAM[0]
[1442] R DRAM[e000]
[1445] W DRAM[0]
[1545] R DRAM[f000]
[1548] W DRAM[0]
[1648] R DRAM[10000]
[1651] W DRAM[0]
[1751] R DRAM[11000]
[1754] W DRAM[0]
[1854] R DRAM[12000]
[1857] W DRAM[0]
[1957] R DRAM[13000]
[1960] W DRAM[0]
[2060] R DRAM[14000]
[2063] W DRAM[0]
[2163] R DRAM[15000]
[2166] W DRAM[0]
[2266] R DRAM[16000]
[2269] W DRAM[0]
[2369] R DRAM[17000]
[2372] W DRAM[0]
[2472] R DRAM[18000]
[2475] W DRAM[0]
[2575] R DRAM[19000]
[2578] W DRAM[0]
[2678] R DRAM[1a000]
[2681] W DRAM[0]
[2781] R DRAM[1b000]
[2784] W DRAM[0]
[2884] R DRAM[1c000]
[2887] W DRAM[0]
[2987] R DRAM[1d000]
[2990] W DRAM[0]
[3090] R DRAM[1e000]
[3093] W DRAM[0]
[3193] R DRAM[1f000]
[3196] W DRAM[0]
[3296] R DRAM[20000]
[3299] W DRAM[0]
[3399] R DRAM[21000]
[3402] W DRAM[0]
[3502] R DRAM[22000]
[3505] W DRAM[0]
[3605] R DRAM[23000]
[3608] W DRAM[0]
[3708] R DRAM[24000]
[3711] W DRAM[0]
[3811] R DRAM[25000]
[3814] W DRAM[0]
[3914] R DRAM[26000]
[3917] W DRAM[0]
[4017] R DRAM[27000]
[4020] W DRAM[0]
[4120] R DRAM[28000]
[4123] W DRAM[0]
[4223] R DRAM[29000]
[4226] W DRAM[0]
[4326] R DRAM[2a000]
[4329] W DRAM[0]
[4429] R DRAM[2b000]
[4432] W DRAM[0]
[4532] R DRAM[2c000]
[4535] W DRAM[0]
[4635] R DRAM[2d000]
[4638] W DRAM[0]
[4738] R DRAM[2e000]
[4741] W DRAM[0]
[4841] R DRAM[2f000]
[4844] W DRAM[0]
[4944] R DRAM[30000]
[4947] W DRAM[0]
[5047] R DRAM[31000]
[5050] W DRAM[0]
[5150] R DRAM[32000]
[5153] W DRAM[0]
[5253] R DRAM[33000]
[5256] W DRAM[0]
[5356] R DRAM[34000]
[5359] W DRAM[0]
[5459] R DRAM[35000]
[5462] W DRAM[0]
[5562] R DRAM[36000]
[5565] W DRAM[0]
[5665] R DRAM[37000]
[5668] W DRAM[0]
[5768] R DRAM[38000]
[5771] W DRAM[0]
[5871] R DRAM[39000]
[5874] W DRAM[0]
[5974] R DRAM[3a000]
[5977] W DRAM[0]
[6077] R DRAM[3b000]
[6080] W DRAM[0]
[6180] R DRAM[3c000]
[6183] W DRAM[0]
[6283] R DRAM[3d000]
[6286] W DRAM[0]
[6386] R DRAM[3e000]
[6389] W DRAM[0]
[6489] R DRAM[3f000]
[6492] W DRAM[0]
[6592] R DRAM[40000]
[6595] W DRAM[0]
[6695] R DRAM[41000]
[6698] W DRAM[0]
[6798] R DRAM[42000]
[6801] W DRAM[0]
[6901] R DRAM[43000]
[6904] W DRAM[0]
[7004] R DRAM[44000]
[7007] W DRAM[0]
[7107] R DRAM[45000]
[7110] W DRAM[0]
[7210] R DRAM[46000]
[7213] W DRAM[0]
[7313] R DRAM[47000]
[7316] W DRAM[0]
[7416] R DRAM[48000]
[7419] W DRAM[0]
[7519] R DRAM[49000]
[7522] W DRAM[0]
[7622] R DRAM[4a000]
[7625] W DRAM[0]
[7725] R DRAM[4b000]
[7728] W DRAM[0]
[7828] R DRAM[4c000]
[7831] W DRAM[0]
[7931] R DRAM[4d000]
[7934] W DRAM[0]
[8034] R DRAM[4e000]
[8037] W DRAM[0]
[8137] R DRAM[4f000]
[8140] W DRAM[0]
[8240] R DRAM[50000]
[8243] W DRAM[0]
[8343] R DRAM[51000]
[8346] W DRAM[0]
[8446] R DRAM[52000]
[8449] W DRAM[0]
[8549] R DRAM[53000]
[8552] W DRAM[0]
[8652] R DRAM[54000]
[8655] W DRAM[0]
[8755] R DRAM[55000]
[8758] W DRAM[0]
[8858] R DRAM[56000]
[8861] W DRAM[0]
[8961] R DRAM[57000]
[8964] W DRAM[0]
[9064] R DRAM[58000]
[9067] W DRAM[0]
[9167] R DRAM[59000]
[9170] W DRAM[0]
[9270] R DRAM[5a000]
[9273] W DRAM[0]
[9373] R DRAM[5b000]
[9376] W DRAM[0]
[9476] R DRAM[5c000]
[9479] W DRAM[0]
[9579] R DRAM[5d000]
[9582] W DRAM[0]
[9682] R DRAM[5e000]
[9685] W DRAM[0]
[9785] R DRAM[5f000]
[9788] W DRAM[0]
[9888] R DRAM[60000]
[9891] W DRAM[1000]
[9894] W DRAM[2000]
[9897] W DRAM[3000]
[9900] W DRAM[4000]
[9903] W DRAM[5000]
[9906] W DRAM[6000]
[9909] W DRAM[7000]
[9912] W DRAM[8000]
[9915] W DRAM[9000]
[9918] W DRAM[a000]
[9921] W DRAM[b000]
[9924] W DRAM[c000]
[9927] W DRAM[d000]
[9930] W DRAM[e000]
[9933] W DRAM[f000]
[9936] W DRAM[10000]
[9939] W DRAM[11000]
[9942] W DRAM[12000]
[9945] W DRAM[13000]
[9948] W DRAM[14000]
[9951] W DRAM[15000]
[9954] W DRAM[16000]
[9957] W DRAM[17000]
[9960] W DRAM[18000]
[9963] W DRAM[19000]
[9966] W DRAM[1a000]
[9969] W DRAM[1b000]
[9972] W DRAM[1c000]
[9975] W DRAM[1d000]
[9978] W DRAM[1e000]
[9981] W DRAM[1f000]
[9984] W DRAM[20000]
[9987] R DRAM[21000]
[9990] R DRAM[22000]
[9993] R DRAM[23000]
[9996] R DRAM[24000]
[9999] R DRAM[25000]
[10002] R DRAM[26000]
[10005] R DRAM[27000]
[10008] R DRAM[28000]
[10011] R DRAM[29000]
[10014] R DRAM[2a000]
[10017] R DRAM[2b000]
[10020] R DRAM[2c000]
[10023] R DRAM[2d000]
[10026] R DRAM[2e000]
[10029] R DRAM[2f000]
[10032] R DRAM[30000]
[10035] R DRAM[31000]
[10038] R DRAM[32000]
[10041] R DRAM[33000]
[10044] R DRAM[34000]
[10047] R DRAM[35000]
[10050] R DRAM[36000]
[10053] R DRAM[37000]
[10056] R DRAM[38000]
[10059] R DRAM[39000]
[10062] R DRAM[3a000]
[10065] R DRAM[3b000]
[10068] R DRAM[3c000]
[10071] R DRAM[3d000]
[10074] R DRAM[3e000]
[10077] R DRAM[3f000]
[10080] R DRAM[40000]
Elapsed: 10080 ns
Total instructions executed: 160
Total page faults: 96
Total page evictions: 0
Total TLB L1 hits: 0 (0.00%)
Total TLB L2 hits: 64 (40.00%)
Total TLB L1 invalidations: 0
Total TLB L2 invalidations: 0
