[3] W DRAM[0]
[103] W DRAM[1000]
[106] W DRAM[0]
[206] W DRAM[2000]
[209] W DRAM[0]
[309] W DRAM[3000]
[312] W DRAM[0]
[412] W DRAM[4000]
[415] W DRAM[0]
[515] W DRAM[5000]
[518] W DRAM[0]
[618] W DRAM[6000]
[621] W DRAM[0]
[721] W DRAM[7000]
[724] W DRAM[0]
[824] W DRAM[8000]
[827] W DRAM[0]
[927] W DRAM[9000]
[930] W DRAM[0]
[1030] W DRAM[a000]
[1033] W DRAM[0]
[1133] W DRAM[b000]
[1136] W DRAM[0]
[1236] W DRAM[c000]
[1239] W DRAM[0]
[1339] W DRAM[d000]
[1342] W DRAM[0]
[1442] W DRAM[e000]
[1445] W DRAM[0]
[1545] W DRAM[f000]
[1548] W DRAM[0]
[1648] W DRAM[10000]
[1651] W DRAM[0]
[1751] W DRAM[11000]
[1754] W DRAM[0]
[1854] W DRAM[12000]
[1857] W DRAM[0]
[1957] W DRAM[13000]
[1960] W DRAM[0]
[2060] W DRAM[14000]
[2063] W DRAM[0]
[2163] W DRAM[15000]
[2166] W DRAM[0]
[2266] W DRAM[16000]
[2269] W DRAM[0]
[2369] W DRAM[17000]
[2372] W DRAM[0]
[2472] W DRAM[18000]
[2475] W DRAM[0]
[2575] W DRAM[19000]
[2578] W DRAM[0]
[2678] W DRAM[1a000]
[2681] W DRAM[0]
[2781] W DRAM[1b000]
[2784] W DRAM[0]
[2884] W DRAM[1c000]
[2887] W DRAM[0]
[2987] W DRAM[1d000]
[2990] W DRAM[0]
[3090] W DRAM[1e000]
[3093] W DRAM[0]
[3193] W DRAM[1f000]
[3196] W DRAM[0]
[3296] W DRAM[20000]
[3299] W DRAM[0]
[3399] W DRAM[21000]
[3402] W DRAM[0]
[3502] W DRAM[22000]
[3505] W DRAM[0]
[3605] W DRAM[23000]
[3608] W DRAM[0]
[3708] W DRAM[24000]
[3711] W DRAM[0]
[3811] W DRAM[25000]
[3814] W DRAM[0]
[3914] W DRAM[26000]
[3917] W DRAM[0]
[4017] W DRAM[27000]
[4020] W DRAM[0]
[4120] W DRAM[28000]
[4123] W DRAM[0]
[4223] W DRAM[29000]
[4226] W DRAM[0]
[4326] W DRAM[2a000]
[4329] W DRAM[0]
[4429] W DRAM[2b000]
[4432] W DRAM[0]
[4532] W DRAM[2c000]
[4535] W DRAM[0]
[4635] W DRAM[2d000]
[4638] W DRAM[0]
[4738] W DRAM[2e000]
[4741] W DRAM[0]
[4841] W DRAM[2f000]
[4844] W DRAM[0]
[4944] W DRAM[30000]
[4947] W DRAM[0]
[5047] W DRAM[31000]
[5050] W DRAM[0]
[5150] W DRAM[32000]
[5153] W DRAM[0]
[5253] W DRAM[33000]
[5256] W DRAM[0]
[5356] W DRAM[34000]
[5359] W DRAM[0]
[5459] W DRAM[35000]
[5462] W DRAM[0]
[5562] W DRAM[36000]
[5565] W DRAM[0]
[5665] W DRAM[37000]
[5668] W DRAM[0]
[5768] W DRAM[38000]
[5771] W DRAM[0]
[5871] W DRAM[39000]
[5874] W DRAM[0]
[5974] W DRAM[3a000]
[5977] W DRAM[0]
[6077] W DRAM[3b000]
[6080] W DRAM[0]
[6180] W DRAM[3c000]
[6183] W DRAM[0]
[6283] W DRAM[3d000]
[6286] W DRAM[0]
[6386] W DRAM[3e000]
[6389] W DRAM[0]
[6489] W DRAM[3f000]
[6492] W DRAM[0]
[6592] W DRAM[40000]
[6595] W DRAM[0]
[6695] W DRAM[41000]
[6698] W DRAM[0]
[6798] W DRAM[42000]
[6801] W DRAM[0]
[6901] W DRAM[43000]
[6904] W DRAM[0]
[7004] W DRAM[44000]
[7007] W DRAM[0]
[7107] W DRAM[45000]
[7110] W DRAM[0]
[7210] W DRAM[46000]
[7213] W DRAM[0]
[7313] W DRAM[47000]
[7316] W DRAM[0]
[7416] W DRAM[48000]
[7419] W DRAM[0]
[7519] W DRAM[49000]
[7522] W DRAM[0]
[7622] W DRAM[4a000]
[7625] W DRAM[0]
[7725] W DRAM[4b000]
[7728] W DRAM[0]
[7828] W DRAM[4c000]
[7831] W DRAM[0]
[7931] W DRAM[4d000]
[7934] W DRAM[0]
[8034] W DRAM[4e000]
[8037] W DRAM[0]
[8137] W DRAM[4f000]
[8140] W DRAM[0]
[8240] W DRAM[50000]
[8243] W DRAM[0]
[8343] W DRAM[51000]
[8346] W DRAM[0]
[8446] W DRAM[52000]
[8449] W DRAM[0]
[8549] W DRAM[53000]
[8552] W DRAM[0]
[8652] W DRAM[54000]
[8655] W DRAM[0]
[8755] W DRAM[55000]
[8758] W DRAM[0]
[8858] W DRAM[56000]
[8861] W DRAM[0]
[8961] W DRAM[57000]
[8964] W DRAM[0]
[9064] W DRAM[58000]
[9067] W DRAM[0]
[9167] W DRAM[59000]
[9170] W DRAM[0]
[9270] W DRAM[5a000]
[9273] W DRAM[0]
[9373] W DRAM[5b000]
[9376] W DRAM[0]
[9476] W DRAM[5c000]
[9479] W DRAM[0]
[9579] W DRAM[5d000]
[9582] W DRAM[0]
[9682] W DRAM[5e000]
[9685] W DRAM[0]
[9785] W DRAM[5f000]
[9788] W DRAM[0]
[9888] W DRAM[60000]
[9891] W DRAM[0]
[9991] W DRAM[61000]
[9994] W DRAM[0]
[10094] W DRAM[62000]
[10097] W DRAM[0]
[10197] W DRAM[63000]
[10200] W DRAM[0]
[10300] W DRAM[64000]
[10303] W DRAM[0]
[10403] W DRAM[65000]
[10406] W DRAM[0]
[10506] W DRAM[66000]
[10509] W DRAM[0]
[10609] W DRAM[67000]
[10612] W DRAM[0]
[10712] W DRAM[68000]
[10715] W DRAM[0]
[10815] W DRAM[69000]
[10818] W DRAM[0]
[10918] W DRAM[6a000]
[10921] W DRAM[0]
[11021] W DRAM[6b000]
[11024] W DRAM[0]
[11124] W DRAM[6c000]
[11127] W DRAM[0]
[11227] W DRAM[6d000]
[11230] W DRAM[0]
[11330] W DRAM[6e000]
[11333] W DRAM[0]
[11433] W DRAM[6f000]
[11436] W DRAM[0]
[11536] W DRAM[70000]
[11539] W DRAM[0]
[11639] W DRAM[71000]
[11642] W DRAM[0]
[11742] W DRAM[72000]
[11745] W DRAM[0]
[11845] W DRAM[73000]
[11848] W DRAM[0]
[11948] W DRAM[74000]
[11951] W DRAM[0]
[12051] W DRAM[75000]
[12054] W DRAM[0]
[12154] W DRAM[76000]
[12157] W DRAM[0]
[12257] W DRAM[77000]
[12260] W DRAM[0]
[12360] W DRAM[78000]
[12363] W DRAM[0]
[12463] W DRAM[79000]
[12466] W DRAM[0]
[12566] W DRAM[7a000]
[12569] W DRAM[0]
[12669] W DRAM[7b000]
[12672] W DRAM[0]
[12772] W DRAM[7c000]
[12775] W DRAM[0]
[12875] W DRAM[7d000]
[12878] W DRAM[0]
[12978] W DRAM[7e000]
[12981] W DRAM[0]
[13081] W DRAM[7f000]
[13084] W DRAM[0]
[13184] W DRAM[80000]
[13187] W DRAM[0]
[13287] W DRAM[81000]
[13290] W DRAM[0]
[13390] W DRAM[82000]
[13393] W DRAM[0]
[13493] W DRAM[83000]
[13496] W DRAM[0]
[13596] W DRAM[84000]
[13599] W DRAM[0]
[13699] W DRAM[85000]
[13702] W DRAM[0]
[13802] W DRAM[86000]
[13805] W DRAM[0]
[13905] W DRAM[87000]
[13908] W DRAM[0]
[14008] W DRAM[88000]
[14011] W DRAM[0]
[14111] W DRAM[89000]
[14114] W DRAM[0]
[14214] W DRAM[8a000]
[14217] W DRAM[0]
[14317] W DRAM[8b000]
[14320] W DRAM[0]
[14420] W DRAM[8c000]
[14423] W DRAM[0]
[14523] W DRAM[8d000]
[14526] W DRAM[0]
[14626] W DRAM[8e000]
[14629] W DRAM[0]
[14729] W DRAM[8f000]
[14732] W DRAM[0]
[14832] W DRAM[90000]
[14835] W DRAM[0]
[14935] W DRAM[91000]
[14938] W DRAM[0]
[15038] W DRAM[92000]
[15041] W DRAM[0]
[15141] W DRAM[93000]
[15144] W DRAM[0]
[15244] W DRAM[94000]
[15247] W DRAM[0]
[15347] W DRAM[95000]
[15350] W DRAM[0]
[15450] W DRAM[96000]
[15453] W DRAM[0]
[15553] W DRAM[97000]
[15556] W DRAM[0]
[15656] W DRAM[98000]
[15659] W DRAM[0]
[15759] W DRAM[99000]
[15762] W DRAM[0]
[15862] W DRAM[9a000]
[15865] W DRAM[0]
[15965] W DRAM[9b000]
[15968] W DRAM[0]
[16068] W DRAM[9c000]
[16071] W DRAM[0]
[16171] W DRAM[9d000]
[16174] W DRAM[0]
[16274] W DRAM[9e000]
[16277] W DRAM[0]
[16377] W DRAM[9f000]
[16380] W DRAM[0]
[16480] W DRAM[a0000]
[16483] W DRAM[0]
[16583] W DRAM[a1000]
[16586] W DRAM[0]
[16686] W DRAM[a2000]
[16689] W DRAM[0]
[16789] W DRAM[a3000]
[16792] W DRAM[0]
[16892] W DRAM[a4000]
[16895] W DRAM[0]
[16995] W DRAM[a5000]
[16998] W DRAM[0]
[17098] W DRAM[a6000]
[17101] W DRAM[0]
[17201] W DRAM[a7000]
[17204] W DRAM[0]
[17304] W DRAM[a8000]
[17307] W DRAM[0]
[17407] W DRAM[a9000]
[17410] W DRAM[0]
[17510] W DRAM[aa000]
[17513] W DRAM[0]
[17613] W DRAM[ab000]
[17616] W DRAM[0]
[17716] W DRAM[ac000]
[17719] W DRAM[0]
[17819] W DRAM[ad000]
[17822] W DRAM[0]
[17922] W DRAM[ae000]
[17925] W DRAM[0]
[18025] W DRAM[af000]
[18028] W DRAM[0]
[18128] W DRAM[b0000]
[18131] W DRAM[0]
[18231] W DRAM[b1000]
[18234] W DRAM[0]
[18334] W DRAM[b2000]
[18337] W DRAM[0]
[18437] W DRAM[b3000]
[18440] W DRAM[0]
[18540] W DRAM[b4000]
[18543] W DRAM[0]
[18643] W DRAM[b5000]
[18646] W DRAM[0]
[18746] W DRAM[b6000]
[18749] W DRAM[0]
[18849] W DRAM[b7000]
[18852] W DRAM[0]
[18952] W DRAM[b8000]
[18955] W DRAM[0]
[19055] W DRAM[b9000]
[19058] W DRAM[0]
[19158] W DRAM[ba000]
[19161] W DRAM[0]
[19261] W DRAM[bb000]
[19264] W DRAM[0]
[19364] W DRAM[bc000]
[19367] W DRAM[0]
[19467] W DRAM[bd000]
[19470] W DRAM[0]
[19570] W DRAM[be000]
[19573] W DRAM[0]
[19673] W DRAM[bf000]
[19676] W DRAM[0]
[19776] W DRAM[c0000]
[19779] W DRAM[0]
[19879] W DRAM[c1000]
[19882] W DRAM[0]
[19982] W DRAM[c2000]
[19985] W DRAM[0]
[20085] W DRAM[c3000]
[20088] W DRAM[0]
[20188] W DRAM[c4000]
[20191] W DRAM[0]
[20291] W DRAM[c5000]
[20294] W DRAM[0]
[20394] W DRAM[c6000]
[20397] W DRAM[0]
[20497] W DRAM[c7000]
[20500] W DRAM[0]
[20600] W DRAM[c8000]
[20603] W DRAM[0]
[20703] W DRAM[c9000]
[20706] W DRAM[0]
[20806] W DRAM[ca000]
[20809] W DRAM[0]
[20909] W DRAM[cb000]
[20912] W DRAM[0]
[21012] W DRAM[cc000]
[21015] W DRAM[0]
[21115] W DRAM[cd000]
[21118] W DRAM[0]
[21218] W DRAM[ce000]
[21221] W DRAM[0]
[21321] W DRAM[cf000]
[21324] W DRAM[0]
[21424] W DRAM[d0000]
[21427] W DRAM[0]
[21527] W DRAM[d1000]
[21530] W DRAM[0]
[21630] W DRAM[d2000]
[21633] W DRAM[0]
[21733] W DRAM[d3000]
[21736] W DRAM[0]
[21836] W DRAM[d4000]
[21839] W DRAM[0]
[21939] W DRAM[d5000]
[21942] W DRAM[0]
[22042] W DRAM[d6000]
[22045] W DRAM[0]
[22145] W DRAM[d7000]
[22148] W DRAM[0]
[22248] W DRAM[d8000]
[22251] W DRAM[0]
[22351] W DRAM[d9000]
[22354] W DRAM[0]
[22454] W DRAM[da000]
[22457] W DRAM[0]
[22557] W DRAM[db000]
[22560] W DRAM[0]
[22660] W DRAM[dc000]
[22663] W DRAM[0]
[22763] W DRAM[dd000]
[22766] W DRAM[0]
[22866] W DRAM[de000]
[22869] W DRAM[0]
[22969] W DRAM[df000]
[22972] W DRAM[0]
[23072] W DRAM[e0000]
[23075] W DRAM[0]
[23175] W DRAM[e1000]
[23178] W DRAM[0]
[23278] W DRAM[e2000]
[23281] W DRAM[0]
[23381] W DRAM[e3000]
[23384] W DRAM[0]
[23484] W DRAM[e4000]
[23487] W DRAM[0]
[23587] W DRAM[e5000]
[23590] W DRAM[0]
[23690] W DRAM[e6000]
[23693] W DRAM[0]
[23793] W DRAM[e7000]
[23796] W DRAM[0]
[23896] W DRAM[e8000]
[23899] W DRAM[0]
[23999] W DRAM[e9000]
[24002] W DRAM[0]
[24102] W DRAM[ea000]
[24105] W DRAM[0]
[24205] W DRAM[eb000]
[24208] W DRAM[0]
[24308] W DRAM[ec000]
[24311] W DRAM[0]
[24411] W DRAM[ed000]
[24414] W DRAM[0]
[24514] W DRAM[ee000]
[24517] W DRAM[0]
[24617] W DRAM[ef000]
[24620] W DRAM[0]
[24720] W DRAM[f0000]
[24723] W DRAM[0]
[24823] W DRAM[f1000]
[24826] W DRAM[0]
[24926] W DRAM[f2000]
[24929] W DRAM[0]
[25029] W DRAM[f3000]
[25032] W DRAM[0]
[25132] W DRAM[f4000]
[25135] W DRAM[0]
[25235] W DRAM[f5000]
[25238] W DRAM[0]
[25338] W DRAM[f6000]
[25341] W DRAM[0]
[25441] W DRAM[f7000]
[25444] W DRAM[0]
[25544] W DRAM[f8000]
[25547] W DRAM[0]
[25647] W DRAM[f9000]
[25650] W DRAM[0]
[25750] W DRAM[fa000]
[25753] W DRAM[0]
[25853] W DRAM[fb000]
[25856] W DRAM[0]
[25956] W DRAM[fc000]
[25959] W DRAM[0]
[26059] W DRAM[fd000]
[26062] W DRAM[0]
[26162] W DRAM[fe000]
[26165] W DRAM[0]
[26265] W DRAM[ff000]
[26268] W DRAM[0]
[26368] W DRAM[100000]
[26371] W DRAM[0]
[26471] W DRAM[101000]
[26474] W DRAM[0]
[26574] W DRAM[102000]
[26577] W DRAM[0]
[26677] W DRAM[103000]
[26680] W DRAM[0]
[26780] W DRAM[104000]
[26783] W DRAM[0]
[26883] W DRAM[105000]
[26886] W DRAM[0]
[26986] W DRAM[106000]
[26989] W DRAM[0]
[27089] W DRAM[107000]
[27092] W DRAM[0]
[27192] W DRAM[108000]
[27195] W DRAM[0]
[27295] W DRAM[109000]
[27298] W DRAM[0]
[27398] W DRAM[10a000]
[27401] W DRAM[0]
[27501] W DRAM[10b000]
[27504] W DRAM[0]
[27604] W DRAM[10c000]
[27607] W DRAM[0]
[27707] W DRAM[10d000]
[27710] W DRAM[0]
[27810] W DRAM[10e000]
[27813] W DRAM[0]
[27913] W DRAM[10f000]
[27916] W DRAM[0]
[28016] W DRAM[110000]
[28019] W DRAM[0]
[28119] W DRAM[111000]
[28122] W DRAM[0]
[28222] W DRAM[112000]
[28225] W DRAM[0]
[28325] W DRAM[113000]
[28328] W DRAM[0]
[28428] W DRAM[114000]
[28431] W DRAM[0]
[28531] W DRAM[115000]
[28534] W DRAM[0]
[28634] W DRAM[116000]
[28637] W DRAM[0]
[28737] W DRAM[117000]
[28740] W DRAM[0]
[28840] W DRAM[118000]
[28843] W DRAM[0]
[28943] W DRAM[119000]
[28946] W DRAM[0]
[29046] W DRAM[11a000]
[29049] W DRAM[0]
[29149] W DRAM[11b000]
[29152] W DRAM[0]
[29252] W DRAM[11c000]
[29255] W DRAM[0]
[29355] W DRAM[11d000]
[29358] W DRAM[0]
[29458] W DRAM[11e000]
[29461] W DRAM[0]
[29561] W DRAM[11f000]
[29564] W DRAM[0]
[29664] W DRAM[120000]
[29667] W DRAM[0]
[29767] W DRAM[121000]
[29770] W DRAM[0]
[29870] W DRAM[122000]
[29873] W DRAM[0]
[29973] W DRAM[123000]
[29976] W DRAM[0]
[30076] W DRAM[124000]
[30079] W DRAM[0]
[30179] W DRAM[125000]
[30182] W DRAM[0]
[30282] W DRAM[126000]
[30285] W DRAM[0]
[30385] W DRAM[127000]
[30388] W DRAM[0]
[30488] W DRAM[128000]
[30491] W DRAM[0]
[30591] W DRAM[129000]
[30594] W DRAM[0]
[30694] W DRAM[12a000]
[30697] W DRAM[0]
[30797] W DRAM[12b000]
[30800] W DRAM[0]
[30900] W DRAM[12c000]
[30903] W DRAM[0]
[31003] W DRAM[12d000]
[31006] W DRAM[0]
[31106] W DRAM[12e000]
[31109] W DRAM[0]
[31209] W DRAM[12f000]
[31212] W DRAM[0]
[31312] W DRAM[130000]
[31315] W DRAM[0]
[31415] W DRAM[131000]
[31418] W DRAM[0]
[31518] W DRAM[132000]
[31521] W DRAM[0]
[31621] W DRAM[133000]
[31624] W DRAM[0]
[31724] W DRAM[134000]
[31727] W DRAM[0]
[31827] W DRAM[135000]
[31830] W DRAM[0]
[31930] W DRAM[136000]
[31933] W DRAM[0]
[32033] W DRAM[137000]
[32036] W DRAM[0]
[32136] W DRAM[138000]
[32139] W DRAM[0]
[32239] W DRAM[139000]
[32242] W DRAM[0]
[32342] W DRAM[13a000]
[32345] W DRAM[0]
[32445] W DRAM[13b000]
[32448] W DRAM[0]
[32548] W DRAM[13c000]
[32551] W DRAM[0]
[32651] W DRAM[13d000]
[32654] W DRAM[0]
[32754] W DRAM[13e000]
[32757] W DRAM[0]
[32857] W DRAM[13f000]
[32860] W DRAM[0]
[32960] W DRAM[140000]
[32963] W DRAM[0]
[33063] W DRAM[141000]
[33066] W DRAM[0]
[33166] W DRAM[142000]
[33169] W DRAM[0]
[33269] W DRAM[143000]
[33272] W DRAM[0]
[33372] W DRAM[144000]
[33375] W DRAM[0]
[33475] W DRAM[145000]
[33478] W DRAM[0]
[33578] W DRAM[146000]
[33581] W DRAM[0]
[33681] W DRAM[147000]
[33684] W DRAM[0]
[33784] W DRAM[148000]
[33787] W DRAM[0]
[33887] W DRAM[149000]
[33890] W DRAM[0]
[33990] W DRAM[14a000]
[33993] W DRAM[0]
[34093] W DRAM[14b000]
[34096] W DRAM[0]
[34196] W DRAM[14c000]
[34199] W DRAM[0]
[34299] W DRAM[14d000]
[34302] W DRAM[0]
[34402] W DRAM[14e000]
[34405] W DRAM[0]
[34505] W DRAM[14f000]
[34508] W DRAM[0]
[34608] W DRAM[150000]
[34611] W DRAM[0]
[34711] W DRAM[151000]
[34714] W DRAM[0]
[34814] W DRAM[152000]
[34817] W DRAM[0]
[34917] W DRAM[153000]
[34920] W DRAM[0]
[35020] W DRAM[154000]
[35023] W DRAM[0]
[35123] W DRAM[155000]
[35126] W DRAM[0]
[35226] W DRAM[156000]
[35229] W DRAM[0]
[35329] W DRAM[157000]
[35332] W DRAM[0]
[35432] W DRAM[158000]
[35435] W DRAM[0]
[35535] W DRAM[159000]
[35538] W DRAM[0]
[35638] W DRAM[15a000]
[35641] W DRAM[0]
[35741] W DRAM[15b000]
[35744] W DRAM[0]
[35844] W DRAM[15c000]
[35847] W DRAM[0]
[35947] W DRAM[15d000]
[35950] W DRAM[0]
[36050] W DRAM[15e000]
[36053] W DRAM[0]
[36153] W DRAM[15f000]
[36156] W DRAM[0]
[36256] W DRAM[160000]
[36259] W DRAM[0]
[36359] W DRAM[161000]
[36362] W DRAM[0]
[36462] W DRAM[162000]
[36465] W DRAM[0]
[36565] W DRAM[163000]
[36568] W DRAM[0]
[36668] W DRAM[164000]
[36671] W DRAM[0]
[36771] W DRAM[165000]
[36774] W DRAM[0]
[36874] W DRAM[166000]
[36877] W DRAM[0]
[36977] W DRAM[167000]
[36980] W DRAM[0]
[37080] W DRAM[168000]
[37083] W DRAM[0]
[37183] W DRAM[169000]
[37186] W DRAM[0]
[37286] W DRAM[16a000]
[37289] W DRAM[0]
[37389] W DRAM[16b000]
[37392] W DRAM[0]
[37492] W DRAM[16c000]
[37495] W DRAM[0]
[37595] W DRAM[16d000]
[37598] W DRAM[0]
[37698] W DRAM[16e000]
[37701] W DRAM[0]
[37801] W DRAM[16f000]
[37804] W DRAM[0]
[37904] W DRAM[170000]
[37907] W DRAM[0]
[38007] W DRAM[171000]
[38010] W DRAM[0]
[38110] W DRAM[172000]
[38113] W DRAM[0]
[38213] W DRAM[173000]
[38216] W DRAM[0]
[38316] W DRAM[174000]
[38319] W DRAM[0]
[38419] W DRAM[175000]
[38422] W DRAM[0]
[38522] W DRAM[176000]
[38525] W DRAM[0]
[38625] W DRAM[177000]
[38628] W DRAM[0]
[38728] W DRAM[178000]
[38731] W DRAM[0]
[38831] W DRAM[179000]
[38834] W DRAM[0]
[38934] W DRAM[17a000]
[38937] W DRAM[0]
[39037] W DRAM[17b000]
[39040] W DRAM[0]
[39140] W DRAM[17c000]
[39143] W DRAM[0]
[39243] W DRAM[17d000]
[39246] W DRAM[0]
[39346] W DRAM[17e000]
[39349] W DRAM[0]
[39449] W DRAM[17f000]
[39452] W DRAM[0]
[39552] W DRAM[180000]
[39555] W DRAM[0]
[39655] W DRAM[181000]
[39658] W DRAM[0]
[39758] W DRAM[182000]
[39761] W DRAM[0]
[39861] W DRAM[183000]
[39864] W DRAM[0]
[39964] W DRAM[184000]
[39967] W DRAM[0]
[40067] W DRAM[185000]
[40070] W DRAM[0]
[40170] W DRAM[186000]
[40173] W DRAM[0]
[40273] W DRAM[187000]
[40276] W DRAM[0]
[40376] W DRAM[188000]
[40379] W DRAM[0]
[40479] W DRAM[189000]
[40482] W DRAM[0]
[40582] W DRAM[18a000]
[40585] W DRAM[0]
[40685] W DRAM[18b000]
[40688] W DRAM[0]
[40788] W DRAM[18c000]
[40791] W DRAM[0]
[40891] W DRAM[18d000]
[40894] W DRAM[0]
[40994] W DRAM[18e000]
[40997] W DRAM[0]
[41097] W DRAM[18f000]
[41100] W DRAM[0]
[41200] W DRAM[190000]
[41203] W DRAM[0]
[41303] W DRAM[191000]
[41306] W DRAM[0]
[41406] W DRAM[192000]
[41409] W DRAM[0]
[41509] W DRAM[193000]
[41512] W DRAM[0]
[41612] W DRAM[194000]
[41615] W DRAM[0]
[41715] W DRAM[195000]
[41718] W DRAM[0]
[41818] W DRAM[196000]
[41821] W DRAM[0]
[41921] W DRAM[197000]
[41924] W DRAM[0]
[42024] W DRAM[198000]
[42027] W DRAM[0]
[42127] W DRAM[199000]
[42130] W DRAM[0]
[42230] W DRAM[19a000]
[42233] W DRAM[0]
[42333] W DRAM[19b000]
[42336] W DRAM[0]
[42436] W DRAM[19c000]
[42439] W DRAM[0]
[42539] W DRAM[19d000]
[42542] W DRAM[0]
[42642] W DRAM[19e000]
[42645] W DRAM[0]
[42745] W DRAM[19f000]
[42748] W DRAM[0]
[42848] W DRAM[1a0000]
[42851] W DRAM[0]
[42951] W DRAM[1a1000]
[42954] W DRAM[0]
[43054] W DRAM[1a2000]
[43057] W DRAM[0]
[43157] W DRAM[1a3000]
[43160] W DRAM[0]
[43260] W DRAM[1a4000]
[43263] W DRAM[0]
[43363] W DRAM[1a5000]
[43366] W DRAM[0]
[43466] W DRAM[1a6000]
[43469] W DRAM[0]
[43569] W DRAM[1a7000]
[43572] W DRAM[0]
[43672] W DRAM[1a8000]
[43675] W DRAM[0]
[43775] W DRAM[1a9000]
[43778] W DRAM[0]
[43878] W DRAM[1aa000]
[43881] W DRAM[0]
[43981] W DRAM[1ab000]
[43984] W DRAM[0]
[44084] W DRAM[1ac000]
[44087] W DRAM[0]
[44187] W DRAM[1ad000]
[44190] W DRAM[0]
[44290] W DRAM[1ae000]
[44293] W DRAM[0]
[44393] W DRAM[1af000]
[44396] W DRAM[0]
[44496] W DRAM[1b0000]
[44499] W DRAM[0]
[44599] W DRAM[1b1000]
[44602] W DRAM[0]
[44702] W DRAM[1b2000]
[44705] W DRAM[0]
[44805] W DRAM[1b3000]
[44808] W DRAM[0]
[44908] W DRAM[1b4000]
[44911] W DRAM[0]
[45011] W DRAM[1b5000]
[45014] W DRAM[0]
[45114] W DRAM[1b6000]
[45117] W DRAM[0]
[45217] W DRAM[1b7000]
[45220] W DRAM[0]
[45320] W DRAM[1b8000]
[45323] W DRAM[0]
[45423] W DRAM[1b9000]
[45426] W DRAM[0]
[45526] W DRAM[1ba000]
[45529] W DRAM[0]
[45629] W DRAM[1bb000]
[45632] W DRAM[0]
[45732] W DRAM[1bc000]
[45735] W DRAM[0]
[45835] W DRAM[1bd000]
[45838] W DRAM[0]
[45938] W DRAM[1be000]
[45941] W DRAM[0]
[46041] W DRAM[1bf000]
[46044] W DRAM[0]
[46144] W DRAM[1c0000]
[46147] W DRAM[0]
[46247] W DRAM[1c1000]
[46250] W DRAM[0]
[46350] W DRAM[1c2000]
[46353] W DRAM[0]
[46453] W DRAM[1c3000]
[46456] W DRAM[0]
[46556] W DRAM[1c4000]
[46559] W DRAM[0]
[46659] W DRAM[1c5000]
[46662] W DRAM[0]
[46762] W DRAM[1c6000]
[46765] W DRAM[0]
[46865] W DRAM[1c7000]
[46868] W DRAM[0]
[46968] W DRAM[1c8000]
[46971] W DRAM[0]
[47071] W DRAM[1c9000]
[47074] W DRAM[0]
[47174] W DRAM[1ca000]
[47177] W DRAM[0]
[47277] W DRAM[1cb000]
[47280] W DRAM[0]
[47380] W DRAM[1cc000]
[47383] W DRAM[0]
[47483] W DRAM[1cd000]
[47486] W DRAM[0]
[47586] W DRAM[1ce000]
[47589] W DRAM[0]
[47689] W DRAM[1cf000]
[47692] W DRAM[0]
[47792] W DRAM[1d0000]
[47795] W DRAM[0]
[47895] W DRAM[1d1000]
[47898] W DRAM[0]
[47998] W DRAM[1d2000]
[48001] W DRAM[0]
[48101] W DRAM[1d3000]
[48104] W DRAM[0]
[48204] W DRAM[1d4000]
[48207] W DRAM[0]
[48307] W DRAM[1d5000]
[48310] W DRAM[0]
[48410] W DRAM[1d6000]
[48413] W DRAM[0]
[48513] W DRAM[1d7000]
[48516] W DRAM[0]
[48616] W DRAM[1d8000]
[48619] W DRAM[0]
[48719] W DRAM[1d9000]
[48722] W DRAM[0]
[48822] W DRAM[1da000]
[48825] W DRAM[0]
[48925] W DRAM[1db000]
[48928] W DRAM[0]
[49028] W DRAM[1dc000]
[49031] W DRAM[0]
[49131] W DRAM[1dd000]
[49134] W DRAM[0]
[49234] W DRAM[1de000]
[49237] W DRAM[0]
[49337] W DRAM[1df000]
[49340] W DRAM[0]
[49440] W DRAM[1e0000]
[49443] W DRAM[0]
[49543] W DRAM[1e1000]
[49546] W DRAM[0]
[49646] W DRAM[1e2000]
[49649] W DRAM[0]
[49749] W DRAM[1e3000]
[49752] W DRAM[0]
[49852] W DRAM[1e4000]
[49855] W DRAM[0]
[49955] W DRAM[1e5000]
[49958] W DRAM[0]
[50058] W DRAM[1e6000]
[50061] W DRAM[0]
[50161] W DRAM[1e7000]
[50164] W DRAM[0]
[50264] W DRAM[1e8000]
[50267] W DRAM[0]
[50367] W DRAM[1e9000]
[50370] W DRAM[0]
[50470] W DRAM[1ea000]
[50473] W DRAM[0]
[50573] W DRAM[1eb000]
[50576] W DRAM[0]
[50676] W DRAM[1ec000]
[50679] W DRAM[0]
[50779] W DRAM[1ed000]
[50782] W DRAM[0]
[50882] W DRAM[1ee000]
[50885] W DRAM[0]
[50985] W DRAM[1ef000]
[50988] W DRAM[0]
[51088] W DRAM[1f0000]
[51091] W DRAM[0]
[51191] W DRAM[1f1000]
[51194] W DRAM[0]
[51294] W DRAM[1f2000]
[51297] W DRAM[0]
[51397] W DRAM[1f3000]
[51400] W DRAM[0]
[51500] W DRAM[1f4000]
[51503] W DRAM[0]
[51603] W DRAM[1f5000]
[51606] W DRAM[0]
[51706] W DRAM[1f6000]
[51709] W DRAM[0]
[51809] W DRAM[1f7000]
[51812] W DRAM[0]
[51912] W DRAM[1f8000]
[51915] W DRAM[0]
[52015] W DRAM[1f9000]
[52018] W DRAM[0]
[52118] W DRAM[1fa000]
[52121] W DRAM[0]
[52221] W DRAM[1fb000]
[52224] W DRAM[0]
[52324] W DRAM[1fc000]
[52327] W DRAM[0]
[52427] W DRAM[1fd000]
[52430] W DRAM[0]
[52530] W DRAM[1fe000]
[52533] W DRAM[0]
[52633] W DRAM[1ff000]
[52636] W DRAM[0]
[52736] W DRAM[200000]
[52739] W DRAM[0]
[52839] W DRAM[1000]
[52939] W DRAM[201000]
[52942] R DRAM[0]
[53042] W DRAM[2000]
[53142] R DRAM[1000]
[53145] R DRAM[0]
[53245] W DRAM[3000]
[53345] R DRAM[2000]
[53348] R DRAM[0]
[53448] W DRAM[4000]
[53548] R DRAM[3000]
[53551] R DRAM[0]
[53651] W DRAM[5000]
[53751] R DRAM[4000]
[53754] R DRAM[0]
[53854] W DRAM[6000]
[53954] R DRAM[5000]
[53957] R DRAM[0]
[54057] W DRAM[7000]
[54157] R DRAM[6000]
[54160] R DRAM[0]
[54260] W DRAM[8000]
[54360] R DRAM[7000]
[54363] R DRAM[0]
[54463] W DRAM[9000]
[54563] R DRAM[8000]
[54566] R DRAM[0]
[54666] W DRAM[a000]
[54766] R DRAM[9000]
[54769] R DRAM[0]
[54869] W DRAM[b000]
[54969] R DRAM[a000]
[54972] R DRAM[0]
[55072] W DRAM[c000]
[55172] R DRAM[b000]
[55175] R DRAM[0]
[55275] W DRAM[d000]
[55375] R DRAM[c000]
[55378] R DRAM[0]
[55478] W DRAM[e000]
[55578] R DRAM[d000]
[55581] R DRAM[0]
[55681] W DRAM[f000]
[55781] R DRAM[e000]
[55784] R DRAM[0]
[55884] W DRAM[10000]
[55984] R DRAM[f000]
[55987] R DRAM[0]
[56087] W DRAM[11000]
[56187] R DRAM[10000]
[56190] R DRAM[0]
[56290] W DRAM[12000]
[56390] R DRAM[11000]
[56393] R DRAM[0]
[56493] W DRAM[13000]
[56593] R DRAM[12000]
[56596] R DRAM[0]
[56696] W DRAM[14000]
[56796] R DRAM[13000]
[56799] R DRAM[0]
[56899] W DRAM[15000]
[56999] R DRAM[14000]
[57002] R DRAM[0]
[57102] W DRAM[16000]
[57202] R DRAM[15000]
[57205] R DRAM[0]
[57305] W DRAM[17000]
[57405] R DRAM[16000]
[57408] R DRAM[0]
[57508] W DRAM[18000]
[57608] R DRAM[17000]
[57611] R DRAM[0]
[57711] W DRAM[19000]
[57811] R DRAM[18000]
[57814] R DRAM[0]
[57914] W DRAM[1a000]
[58014] R DRAM[19000]
[58017] R DRAM[0]
[58117] W DRAM[1b000]
[58217] R DRAM[1a000]
[58220] R DRAM[0]
[58320] W DRAM[1c000]
[58420] R DRAM[1b000]
[58423] R DRAM[0]
[58523] W DRAM[1d000]
[58623] R DRAM[1c000]
[58626] R DRAM[0]
[58726] W DRAM[1e000]
[58826] R DRAM[1d000]
[58829] R DRAM[0]
[58929] W DRAM[1f000]
[59029] R DRAM[1e000]
[59032] R DRAM[0]
[59132] W DRAM[20000]
[59232] R DRAM[1f000]
[59235] R DRAM[0]
[59335] W DRAM[21000]
[59435] R DRAM[20000]
Elapsed: 59435 ns
Total instructions executed: 545
Total page faults: 513
Total page evictions: 0
Total TLB L1 hits: 0 (0.00%)
Total TLB L2 hits: 0 (0.00%)
Total TLB L1 invalidations: 0
Total TLB L2 invalidations: 0
=========== System Properties ===========
Virtual address:       32 bits
Page index:            12 bits
DRAM address:          28 bits
Disk address:          48 bits
Virtual address space: 4294967296 B
DRAM address space:    268435456 B
Disk address space:    281474976710656 B
Page size:             4096 B
Total pages:           1048576
=========================================
* W 4000000
***** Page fault! *****
PTE found (VA=4000000 VPN=4000 PA=1000)
* W 4001000
***** Page fault! *****
PTE found (VA=4001000 VPN=4001 PA=2000)
* W 4002000
***** Page fault! *****
PTE found (VA=4002000 VPN=4002 PA=3000)
* W 4003000
***** Page fault! *****
PTE found (VA=4003000 VPN=4003 PA=4000)
* W 4004000
***** Page fault! *****
PTE found (VA=4004000 VPN=4004 PA=5000)
* W 4005000
***** Page fault! *****
PTE found (VA=4005000 VPN=4005 PA=6000)
* W 4006000
***** Page fault! *****
PTE found (VA=4006000 VPN=4006 PA=7000)
* W 4007000
***** Page fault! *****
PTE found (VA=4007000 VPN=4007 PA=8000)
* W 4008000
***** Page fault! *****
PTE found (VA=4008000 VPN=4008 PA=9000)
* W 4009000
***** Page fault! *****
PTE found (VA=4009000 VPN=4009 PA=a000)
* W 400a000
***** Page fault! *****
PTE found (VA=400a000 VPN=400a PA=b000)
* W 400b000
***** Page fault! *****
PTE found (VA=400b000 VPN=400b PA=c000)
* W 400c000
***** Page fault! *****
PTE found (VA=400c000 VPN=400c PA=d000)
* W 400d000
***** Page fault! *****
PTE found (VA=400d000 VPN=400d PA=e000)
* W 400e000
***** Page fault! *****
PTE found (VA=400e000 VPN=400e PA=f000)
* W 400f000
***** Page fault! *****
PTE found (VA=400f000 VPN=400f PA=10000)
* W 4010000
***** Page fault! *****
PTE found (VA=4010000 VPN=4010 PA=11000)
* W 4011000
***** Page fault! *****
PTE found (VA=4011000 VPN=4011 PA=12000)
* W 4012000
***** Page fault! *****
PTE found (VA=4012000 VPN=4012 PA=13000)
* W 4013000
***** Page fault! *****
PTE found (VA=4013000 VPN=4013 PA=14000)
* W 4014000
***** Page fault! *****
PTE found (VA=4014000 VPN=4014 PA=15000)
* W 4015000
***** Page fault! *****
PTE found (VA=4015000 VPN=4015 PA=16000)
* W 4016000
***** Page fault! *****
PTE found (VA=4016000 VPN=4016 PA=17000)
* W 4017000
***** Page fault! *****
PTE found (VA=4017000 VPN=4017 PA=18000)
* W 4018000
***** Page fault! *****
PTE found (VA=4018000 VPN=4018 PA=19000)
* W 4019000
***** Page fault! *****
PTE found (VA=4019000 VPN=4019 PA=1a000)
* W 401a000
***** Page fault! *****
PTE found (VA=401a000 VPN=401a PA=1b000)
* W 401b000
***** Page fault! *****
PTE found (VA=401b000 VPN=401b PA=1c000)
* W 401c000
***** Page fault! *****
PTE found (VA=401c000 VPN=401c PA=1d000)
* W 401d000
***** Page fault! *****
PTE found (VA=401d000 VPN=401d PA=1e000)
* W 401e000
***** Page fault! *****
PTE found (VA=401e000 VPN=401e PA=1f000)
* W 401f000
***** Page fault! *****
PTE found (VA=401f000 VPN=401f PA=20000)
* W 4020000
***** Page fault! *****
PTE found (VA=4020000 VPN=4020 PA=21000)
* W 4021000
***** Page fault! *****
PTE found (VA=4021000 VPN=4021 PA=22000)
* W 4022000
***** Page fault! *****
PTE found (VA=4022000 VPN=4022 PA=23000)
* W 4023000
***** Page fault! *****
PTE found (VA=4023000 VPN=4023 PA=24000)
* W 4024000
***** Page fault! *****
PTE found (VA=4024000 VPN=4024 PA=25000)
* W 4025000
***** Page fault! *****
PTE found (VA=4025000 VPN=4025 PA=26000)
* W 4026000
***** Page fault! *****
PTE found (VA=4026000 VPN=4026 PA=27000)
* W 4027000
***** Page fault! *****
PTE found (VA=4027000 VPN=4027 PA=28000)
* W 4028000
***** Page fault! *****
PTE found (VA=4028000 VPN=4028 PA=29000)
* W 4029000
***** Page fault! *****
PTE found (VA=4029000 VPN=4029 PA=2a000)
* W 402a000
***** Page fault! *****
PTE found (VA=402a000 VPN=402a PA=2b000)
* W 402b000
***** Page fault! *****
PTE found (VA=402b000 VPN=402b PA=2c000)
* W 402c000
***** Page fault! *****
PTE found (VA=402c000 VPN=402c PA=2d000)
* W 402d000
***** Page fault! *****
PTE found (VA=402d000 VPN=402d PA=2e000)
* W 402e000
***** Page fault! *****
PTE found (VA=402e000 VPN=402e PA=2f000)
* W 402f000
***** Page fault! *****
PTE found (VA=402f000 VPN=402f PA=30000)
* W 4030000
***** Page fault! *****
PTE found (VA=4030000 VPN=4030 PA=31000)
* W 4031000
***** Page fault! *****
PTE found (VA=4031000 VPN=4031 PA=32000)
* W 4032000
***** Page fault! *****
PTE found (VA=4032000 VPN=4032 PA=33000)
* W 4033000
***** Page fault! *****
PTE found (VA=4033000 VPN=4033 PA=34000)
* W 4034000
***** Page fault! *****
PTE found (VA=4034000 VPN=4034 PA=35000)
* W 4035000
***** Page fault! *****
PTE found (VA=4035000 VPN=4035 PA=36000)
* W 4036000
***** Page fault! *****
PTE found (VA=4036000 VPN=4036 PA=37000)
* W 4037000
***** Page fault! *****
PTE found (VA=4037000 VPN=4037 PA=38000)
* W 4038000
***** Page fault! *****
PTE found (VA=4038000 VPN=4038 PA=39000)
* W 4039000
***** Page fault! *****
PTE found (VA=4039000 VPN=4039 PA=3a000)
* W 403a000
***** Page fault! *****
PTE found (VA=403a000 VPN=403a PA=3b000)
* W 403b000
***** Page fault! *****
PTE found (VA=403b000 VPN=403b PA=3c000)
* W 403c000
***** Page fault! *****
PTE found (VA=403c000 VPN=403c PA=3d000)
* W 403d000
***** Page fault! *****
PTE found (VA=403d000 VPN=403d PA=3e000)
* W 403e000
***** Page fault! *****
PTE found (VA=403e000 VPN=403e PA=3f000)
* W 403f000
***** Page fault! *****
PTE found (VA=403f000 VPN=403f PA=40000)
* W 4040000
***** Page fault! *****
PTE found (VA=4040000 VPN=4040 PA=41000)
* W 4041000
***** Page fault! *****
PTE found (VA=4041000 VPN=4041 PA=42000)
* W 4042000
***** Page fault! *****
PTE found (VA=4042000 VPN=4042 PA=43000)
* W 4043000
***** Page fault! *****
PTE found (VA=4043000 VPN=4043 PA=44000)
* W 4044000
***** Page fault! *****
PTE found (VA=4044000 VPN=4044 PA=45000)
* W 4045000
***** Page fault! *****
PTE found (VA=4045000 VPN=4045 PA=46000)
* W 4046000
***** Page fault! *****
PTE found (VA=4046000 VPN=4046 PA=47000)
* W 4047000
***** Page fault! *****
PTE found (VA=4047000 VPN=4047 PA=48000)
* W 4048000
***** Page fault! *****
PTE found (VA=4048000 VPN=4048 PA=49000)
* W 4049000
***** Page fault! *****
PTE found (VA=4049000 VPN=4049 PA=4a000)
* W 404a000
***** Page fault! *****
PTE found (VA=404a000 VPN=404a PA=4b000)
* W 404b000
***** Page fault! *****
PTE found (VA=404b000 VPN=404b PA=4c000)
* W 404c000
***** Page fault! *****
PTE found (VA=404c000 VPN=404c PA=4d000)
* W 404d000
***** Page fault! *****
PTE found (VA=404d000 VPN=404d PA=4e000)
* W 404e000
***** Page fault! *****
PTE found (VA=404e000 VPN=404e PA=4f000)
* W 404f000
***** Page fault! *****
PTE found (VA=404f000 VPN=404f PA=50000)
* W 4050000
***** Page fault! *****
PTE found (VA=4050000 VPN=4050 PA=51000)
* W 4051000
***** Page fault! *****
PTE found (VA=4051000 VPN=4051 PA=52000)
* W 4052000
***** Page fault! *****
PTE found (VA=4052000 VPN=4052 PA=53000)
* W 4053000
***** Page fault! *****
PTE found (VA=4053000 VPN=4053 PA=54000)
* W 4054000
***** Page fault! *****
PTE found (VA=4054000 VPN=4054 PA=55000)
* W 4055000
***** Page fault! *****
PTE found (VA=4055000 VPN=4055 PA=56000)
* W 4056000
***** Page fault! *****
PTE found (VA=4056000 VPN=4056 PA=57000)
* W 4057000
***** Page fault! *****
PTE found (VA=4057000 VPN=4057 PA=58000)
* W 4058000
***** Page fault! *****
PTE found (VA=4058000 VPN=4058 PA=59000)
* W 4059000
***** Page fault! *****
PTE found (VA=4059000 VPN=4059 PA=5a000)
* W 405a000
***** Page fault! *****
PTE found (VA=405a000 VPN=405a PA=5b000)
* W 405b000
***** Page fault! *****
PTE found (VA=405b000 VPN=405b PA=5c000)
* W 405c000
***** Page fault! *****
PTE found (VA=405c000 VPN=405c PA=5d000)
* W 405d000
***** Page fault! *****
PTE found (VA=405d000 VPN=405d PA=5e000)
* W 405e000
***** Page fault! *****
PTE found (VA=405e000 VPN=405e PA=5f000)
* W 405f000
***** Page fault! *****
PTE found (VA=405f000 VPN=405f PA=60000)
* W 4060000
***** Page fault! *****
PTE found (VA=4060000 VPN=4060 PA=61000)
* W 4061000
***** Page fault! *****
PTE found (VA=4061000 VPN=4061 PA=62000)
* W 4062000
***** Page fault! *****
PTE found (VA=4062000 VPN=4062 PA=63000)
* W 4063000
***** Page fault! *****
PTE found (VA=4063000 VPN=4063 PA=64000)
* W 4064000
***** Page fault! *****
PTE found (VA=4064000 VPN=4064 PA=65000)
* W 4065000
***** Page fault! *****
PTE found (VA=4065000 VPN=4065 PA=66000)
* W 4066000
***** Page fault! *****
PTE found (VA=4066000 VPN=4066 PA=67000)
* W 4067000
***** Page fault! *****
PTE found (VA=4067000 VPN=4067 PA=68000)
* W 4068000
***** Page fault! *****
PTE found (VA=4068000 VPN=4068 PA=69000)
* W 4069000
***** Page fault! *****
PTE found (VA=4069000 VPN=4069 PA=6a000)
* W 406a000
***** Page fault! *****
PTE found (VA=406a000 VPN=406a PA=6b000)
* W 406b000
***** Page fault! *****
PTE found (VA=406b000 VPN=406b PA=6c000)
* W 406c000
***** Page fault! *****
PTE found (VA=406c000 VPN=406c PA=6d000)
* W 406d000
***** Page fault! *****
PTE found (VA=406d000 VPN=406d PA=6e000)
* W 406e000
***** Page fault! *****
PTE found (VA=406e000 VPN=406e PA=6f000)
* W 406f000
***** Page fault! *****
PTE found (VA=406f000 VPN=406f PA=70000)
* W 4070000
***** Page fault! *****
PTE found (VA=4070000 VPN=4070 PA=71000)
* W 4071000
***** Page fault! *****
PTE found (VA=4071000 VPN=4071 PA=72000)
* W 4072000
***** Page fault! *****
PTE found (VA=4072000 VPN=4072 PA=73000)
* W 4073000
***** Page fault! *****
PTE found (VA=4073000 VPN=4073 PA=74000)
* W 4074000
***** Page fault! *****
PTE found (VA=4074000 VPN=4074 PA=75000)
* W 4075000
***** Page fault! *****
PTE found (VA=4075000 VPN=4075 PA=76000)
* W 4076000
***** Page fault! *****
PTE found (VA=4076000 VPN=4076 PA=77000)
* W 4077000
***** Page fault! *****
PTE found (VA=4077000 VPN=4077 PA=78000)
* W 4078000
***** Page fault! *****
PTE found (VA=4078000 VPN=4078 PA=79000)
* W 4079000
***** Page fault! *****
PTE found (VA=4079000 VPN=4079 PA=7a000)
* W 407a000
***** Page fault! *****
PTE found (VA=407a000 VPN=407a PA=7b000)
* W 407b000
***** Page fault! *****
PTE found (VA=407b000 VPN=407b PA=7c000)
* W 407c000
***** Page fault! *****
PTE found (VA=407c000 VPN=407c PA=7d000)
* W 407d000
***** Page fault! *****
PTE found (VA=407d000 VPN=407d PA=7e000)
* W 407e000
***** Page fault! *****
PTE found (VA=407e000 VPN=407e PA=7f000)
* W 407f000
***** Page fault! *****
PTE found (VA=407f000 VPN=407f PA=80000)
* W 4080000
***** Page fault! *****
PTE found (VA=4080000 VPN=4080 PA=81000)
* W 4081000
***** Page fault! *****
PTE found (VA=4081000 VPN=4081 PA=82000)
* W 4082000
***** Page fault! *****
PTE found (VA=4082000 VPN=4082 PA=83000)
* W 4083000
***** Page fault! *****
PTE found (VA=4083000 VPN=4083 PA=84000)
* W 4084000
***** Page fault! *****
PTE found (VA=4084000 VPN=4084 PA=85000)
* W 4085000
***** Page fault! *****
PTE found (VA=4085000 VPN=4085 PA=86000)
* W 4086000
***** Page fault! *****
PTE found (VA=4086000 VPN=4086 PA=87000)
* W 4087000
***** Page fault! *****
PTE found (VA=4087000 VPN=4087 PA=88000)
* W 4088000
***** Page fault! *****
PTE found (VA=4088000 VPN=4088 PA=89000)
* W 4089000
***** Page fault! *****
PTE found (VA=4089000 VPN=4089 PA=8a000)
* W 408a000
***** Page fault! *****
PTE found (VA=408a000 VPN=408a PA=8b000)
* W 408b000
***** Page fault! *****
PTE found (VA=408b000 VPN=408b PA=8c000)
* W 408c000
***** Page fault! *****
PTE found (VA=408c000 VPN=408c PA=8d000)
* W 408d000
***** Page fault! *****
PTE found (VA=408d000 VPN=408d PA=8e000)
* W 408e000
***** Page fault! *****
PTE found (VA=408e000 VPN=408e PA=8f000)
* W 408f000
***** Page fault! *****
PTE found (VA=408f000 VPN=408f PA=90000)
* W 4090000
***** Page fault! *****
PTE found (VA=4090000 VPN=4090 PA=91000)
* W 4091000
***** Page fault! *****
PTE found (VA=4091000 VPN=4091 PA=92000)
* W 4092000
***** Page fault! *****
PTE found (VA=4092000 VPN=4092 PA=93000)
* W 4093000
***** Page fault! *****
PTE found (VA=4093000 VPN=4093 PA=94000)
* W 4094000
***** Page fault! *****
PTE found (VA=4094000 VPN=4094 PA=95000)
* W 4095000
***** Page fault! *****
PTE found (VA=4095000 VPN=4095 PA=96000)
* W 4096000
***** Page fault! *****
PTE found (VA=4096000 VPN=4096 PA=97000)
* W 4097000
***** Page fault! *****
PTE found (VA=4097000 VPN=4097 PA=98000)
* W 4098000
***** Page fault! *****
PTE found (VA=4098000 VPN=4098 PA=99000)
* W 4099000
***** Page fault! *****
PTE found (VA=4099000 VPN=4099 PA=9a000)
* W 409a000
***** Page fault! *****
PTE found (VA=409a000 VPN=409a PA=9b000)
* W 409b000
***** Page fault! *****
PTE found (VA=409b000 VPN=409b PA=9c000)
* W 409c000
***** Page fault! *****
PTE found (VA=409c000 VPN=409c PA=9d000)
* W 409d000
***** Page fault! *****
PTE found (VA=409d000 VPN=409d PA=9e000)
* W 409e000
***** Page fault! *****
PTE found (VA=409e000 VPN=409e PA=9f000)
* W 409f000
***** Page fault! *****
PTE found (VA=409f000 VPN=409f PA=a0000)
* W 40a0000
***** Page fault! *****
PTE found (VA=40a0000 VPN=40a0 PA=a1000)
* W 40a1000
***** Page fault! *****
PTE found (VA=40a1000 VPN=40a1 PA=a2000)
* W 40a2000
***** Page fault! *****
PTE found (VA=40a2000 VPN=40a2 PA=a3000)
* W 40a3000
***** Page fault! *****
PTE found (VA=40a3000 VPN=40a3 PA=a4000)
* W 40a4000
***** Page fault! *****
PTE found (VA=40a4000 VPN=40a4 PA=a5000)
* W 40a5000
***** Page fault! *****
PTE found (VA=40a5000 VPN=40a5 PA=a6000)
* W 40a6000
***** Page fault! *****
PTE found (VA=40a6000 VPN=40a6 PA=a7000)
* W 40a7000
***** Page fault! *****
PTE found (VA=40a7000 VPN=40a7 PA=a8000)
* W 40a8000
***** Page fault! *****
PTE found (VA=40a8000 VPN=40a8 PA=a9000)
* W 40a9000
***** Page fault! *****
PTE found (VA=40a9000 VPN=40a9 PA=aa000)
* W 40aa000
***** Page fault! *****
PTE found (VA=40aa000 VPN=40aa PA=ab000)
* W 40ab000
***** Page fault! *****
PTE found (VA=40ab000 VPN=40ab PA=ac000)
* W 40ac000
***** Page fault! *****
PTE found (VA=40ac000 VPN=40ac PA=ad000)
* W 40ad000
***** Page fault! *****
PTE found (VA=40ad000 VPN=40ad PA=ae000)
* W 40ae000
***** Page fault! *****
PTE found (VA=40ae000 VPN=40ae PA=af000)
* W 40af000
***** Page fault! *****
PTE found (VA=40af000 VPN=40af PA=b0000)
* W 40b0000
***** Page fault! *****
PTE found (VA=40b0000 VPN=40b0 PA=b1000)
* W 40b1000
***** Page fault! *****
PTE found (VA=40b1000 VPN=40b1 PA=b2000)
* W 40b2000
***** Page fault! *****
PTE found (VA=40b2000 VPN=40b2 PA=b3000)
* W 40b3000
***** Page fault! *****
PTE found (VA=40b3000 VPN=40b3 PA=b4000)
* W 40b4000
***** Page fault! *****
PTE found (VA=40b4000 VPN=40b4 PA=b5000)
* W 40b5000
***** Page fault! *****
PTE found (VA=40b5000 VPN=40b5 PA=b6000)
* W 40b6000
***** Page fault! *****
PTE found (VA=40b6000 VPN=40b6 PA=b7000)
* W 40b7000
***** Page fault! *****
PTE found (VA=40b7000 VPN=40b7 PA=b8000)
* W 40b8000
***** Page fault! *****
PTE found (VA=40b8000 VPN=40b8 PA=b9000)
* W 40b9000
***** Page fault! *****
PTE found (VA=40b9000 VPN=40b9 PA=ba000)
* W 40ba000
***** Page fault! *****
PTE found (VA=40ba000 VPN=40ba PA=bb000)
* W 40bb000
***** Page fault! *****
PTE found (VA=40bb000 VPN=40bb PA=bc000)
* W 40bc000
***** Page fault! *****
PTE found (VA=40bc000 VPN=40bc PA=bd000)
* W 40bd000
***** Page fault! *****
PTE found (VA=40bd000 VPN=40bd PA=be000)
* W 40be000
***** Page fault! *****
PTE found (VA=40be000 VPN=40be PA=bf000)
* W 40bf000
***** Page fault! *****
PTE found (VA=40bf000 VPN=40bf PA=c0000)
* W 40c0000
***** Page fault! *****
PTE found (VA=40c0000 VPN=40c0 PA=c1000)
* W 40c1000
***** Page fault! *****
PTE found (VA=40c1000 VPN=40c1 PA=c2000)
* W 40c2000
***** Page fault! *****
PTE found (VA=40c2000 VPN=40c2 PA=c3000)
* W 40c3000
***** Page fault! *****
PTE found (VA=40c3000 VPN=40c3 PA=c4000)
* W 40c4000
***** Page fault! *****
PTE found (VA=40c4000 VPN=40c4 PA=c5000)
* W 40c5000
***** Page fault! *****
PTE found (VA=40c5000 VPN=40c5 PA=c6000)
* W 40c6000
***** Page fault! *****
PTE found (VA=40c6000 VPN=40c6 PA=c7000)
* W 40c7000
***** Page fault! *****
PTE found (VA=40c7000 VPN=40c7 PA=c8000)
* W 40c8000
***** Page fault! *****
PTE found (VA=40c8000 VPN=40c8 PA=c9000)
* W 40c9000
***** Page fault! *****
PTE found (VA=40c9000 VPN=40c9 PA=ca000)
* W 40ca000
***** Page fault! *****
PTE found (VA=40ca000 VPN=40ca PA=cb000)
* W 40cb000
***** Page fault! *****
PTE found (VA=40cb000 VPN=40cb PA=cc000)
* W 40cc000
***** Page fault! *****
PTE found (VA=40cc000 VPN=40cc PA=cd000)
* W 40cd000
***** Page fault! *****
PTE found (VA=40cd000 VPN=40cd PA=ce000)
* W 40ce000
***** Page fault! *****
PTE found (VA=40ce000 VPN=40ce PA=cf000)
* W 40cf000
***** Page fault! *****
PTE found (VA=40cf000 VPN=40cf PA=d0000)
* W 40d0000
***** Page fault! *****
PTE found (VA=40d0000 VPN=40d0 PA=d1000)
* W 40d1000
***** Page fault! *****
PTE found (VA=40d1000 VPN=40d1 PA=d2000)
* W 40d2000
***** Page fault! *****
PTE found (VA=40d2000 VPN=40d2 PA=d3000)
* W 40d3000
***** Page fault! *****
PTE found (VA=40d3000 VPN=40d3 PA=d4000)
* W 40d4000
***** Page fault! *****
PTE found (VA=40d4000 VPN=40d4 PA=d5000)
* W 40d5000
***** Page fault! *****
PTE found (VA=40d5000 VPN=40d5 PA=d6000)
* W 40d6000
***** Page fault! *****
PTE found (VA=40d6000 VPN=40d6 PA=d7000)
* W 40d7000
***** Page fault! *****
PTE found (VA=40d7000 VPN=40d7 PA=d8000)
* W 40d8000
***** Page fault! *****
PTE found (VA=40d8000 VPN=40d8 PA=d9000)
* W 40d9000
***** Page fault! *****
PTE found (VA=40d9000 VPN=40d9 PA=da000)
* W 40da000
***** Page fault! *****
PTE found (VA=40da000 VPN=40da PA=db000)
* W 40db000
***** Page fault! *****
PTE found (VA=40db000 VPN=40db PA=dc000)
* W 40dc000
***** Page fault! *****
PTE found (VA=40dc000 VPN=40dc PA=dd000)
* W 40dd000
***** Page fault! *****
PTE found (VA=40dd000 VPN=40dd PA=de000)
* W 40de000
***** Page fault! *****
PTE found (VA=40de000 VPN=40de PA=df000)
* W 40df000
***** Page fault! *****
PTE found (VA=40df000 VPN=40df PA=e0000)
* W 40e0000
***** Page fault! *****
PTE found (VA=40e0000 VPN=40e0 PA=e1000)
* W 40e1000
***** Page fault! *****
PTE found (VA=40e1000 VPN=40e1 PA=e2000)
* W 40e2000
***** Page fault! *****
PTE found (VA=40e2000 VPN=40e2 PA=e3000)
* W 40e3000
***** Page fault! *****
PTE found (VA=40e3000 VPN=40e3 PA=e4000)
* W 40e4000
***** Page fault! *****
PTE found (VA=40e4000 VPN=40e4 PA=e5000)
* W 40e5000
***** Page fault! *****
PTE found (VA=40e5000 VPN=40e5 PA=e6000)
* W 40e6000
***** Page fault! *****
PTE found (VA=40e6000 VPN=40e6 PA=e7000)
* W 40e7000
***** Page fault! *****
PTE found (VA=40e7000 VPN=40e7 PA=e8000)
* W 40e8000
***** Page fault! *****
PTE found (VA=40e8000 VPN=40e8 PA=e9000)
* W 40e9000
***** Page fault! *****
PTE found (VA=40e9000 VPN=40e9 PA=ea000)
* W 40ea000
***** Page fault! *****
PTE found (VA=40ea000 VPN=40ea PA=eb000)
* W 40eb000
***** Page fault! *****
PTE found (VA=40eb000 VPN=40eb PA=ec000)
* W 40ec000
***** Page fault! *****
PTE found (VA=40ec000 VPN=40ec PA=ed000)
* W 40ed000
***** Page fault! *****
PTE found (VA=40ed000 VPN=40ed PA=ee000)
* W 40ee000
***** Page fault! *****
PTE found (VA=40ee000 VPN=40ee PA=ef000)
* W 40ef000
***** Page fault! *****
PTE found (VA=40ef000 VPN=40ef PA=f0000)
* W 40f0000
***** Page fault! *****
PTE found (VA=40f0000 VPN=40f0 PA=f1000)
* W 40f1000
***** Page fault! *****
PTE found (VA=40f1000 VPN=40f1 PA=f2000)
* W 40f2000
***** Page fault! *****
PTE found (VA=40f2000 VPN=40f2 PA=f3000)
* W 40f3000
***** Page fault! *****
PTE found (VA=40f3000 VPN=40f3 PA=f4000)
* W 40f4000
***** Page fault! *****
PTE found (VA=40f4000 VPN=40f4 PA=f5000)
* W 40f5000
***** Page fault! *****
PTE found (VA=40f5000 VPN=40f5 PA=f6000)
* W 40f6000
***** Page fault! *****
PTE found (VA=40f6000 VPN=40f6 PA=f7000)
* W 40f7000
***** Page fault! *****
PTE found (VA=40f7000 VPN=40f7 PA=f8000)
* W 40f8000
***** Page fault! *****
PTE found (VA=40f8000 VPN=40f8 PA=f9000)
* W 40f9000
***** Page fault! *****
PTE found (VA=40f9000 VPN=40f9 PA=fa000)
* W 40fa000
***** Page fault! *****
PTE found (VA=40fa000 VPN=40fa PA=fb000)
* W 40fb000
***** Page fault! *****
PTE found (VA=40fb000 VPN=40fb PA=fc000)
* W 40fc000
***** Page fault! *****
PTE found (VA=40fc000 VPN=40fc PA=fd000)
* W 40fd000
***** Page fault! *****
PTE found (VA=40fd000 VPN=40fd PA=fe000)
* W 40fe000
***** Page fault! *****
PTE found (VA=40fe000 VPN=40fe PA=ff000)
* W 40ff000
***** Page fault! *****
PTE found (VA=40ff000 VPN=40ff PA=100000)
* W 4100000
***** Page fault! *****
PTE found (VA=4100000 VPN=4100 PA=101000)
* W 4101000
***** Page fault! *****
PTE found (VA=4101000 VPN=4101 PA=102000)
* W 4102000
***** Page fault! *****
PTE found (VA=4102000 VPN=4102 PA=103000)
* W 4103000
***** Page fault! *****
PTE found (VA=4103000 VPN=4103 PA=104000)
* W 4104000
***** Page fault! *****
PTE found (VA=4104000 VPN=4104 PA=105000)
* W 4105000
***** Page fault! *****
PTE found (VA=4105000 VPN=4105 PA=106000)
* W 4106000
***** Page fault! *****
PTE found (VA=4106000 VPN=4106 PA=107000)
* W 4107000
***** Page fault! *****
PTE found (VA=4107000 VPN=4107 PA=108000)
* W 4108000
***** Page fault! *****
PTE found (VA=4108000 VPN=4108 PA=109000)
* W 4109000
***** Page fault! *****
PTE found (VA=4109000 VPN=4109 PA=10a000)
* W 410a000
***** Page fault! *****
PTE found (VA=410a000 VPN=410a PA=10b000)
* W 410b000
***** Page fault! *****
PTE found (VA=410b000 VPN=410b PA=10c000)
* W 410c000
***** Page fault! *****
PTE found (VA=410c000 VPN=410c PA=10d000)
* W 410d000
***** Page fault! *****
PTE found (VA=410d000 VPN=410d PA=10e000)
* W 410e000
***** Page fault! *****
PTE found (VA=410e000 VPN=410e PA=10f000)
* W 410f000
***** Page fault! *****
PTE found (VA=410f000 VPN=410f PA=110000)
* W 4110000
***** Page fault! *****
PTE found (VA=4110000 VPN=4110 PA=111000)
* W 4111000
***** Page fault! *****
PTE found (VA=4111000 VPN=4111 PA=112000)
* W 4112000
***** Page fault! *****
PTE found (VA=4112000 VPN=4112 PA=113000)
* W 4113000
***** Page fault! *****
PTE found (VA=4113000 VPN=4113 PA=114000)
* W 4114000
***** Page fault! *****
PTE found (VA=4114000 VPN=4114 PA=115000)
* W 4115000
***** Page fault! *****
PTE found (VA=4115000 VPN=4115 PA=116000)
* W 4116000
***** Page fault! *****
PTE found (VA=4116000 VPN=4116 PA=117000)
* W 4117000
***** Page fault! *****
PTE found (VA=4117000 VPN=4117 PA=118000)
* W 4118000
***** Page fault! *****
PTE found (VA=4118000 VPN=4118 PA=119000)
* W 4119000
***** Page fault! *****
PTE found (VA=4119000 VPN=4119 PA=11a000)
* W 411a000
***** Page fault! *****
PTE found (VA=411a000 VPN=411a PA=11b000)
* W 411b000
***** Page fault! *****
PTE found (VA=411b000 VPN=411b PA=11c000)
* W 411c000
***** Page fault! *****
PTE found (VA=411c000 VPN=411c PA=11d000)
* W 411d000
***** Page fault! *****
PTE found (VA=411d000 VPN=411d PA=11e000)
* W 411e000
***** Page fault! *****
PTE found (VA=411e000 VPN=411e PA=11f000)
* W 411f000
***** Page fault! *****
PTE found (VA=411f000 VPN=411f PA=120000)
* W 4120000
***** Page fault! *****
PTE found (VA=4120000 VPN=4120 PA=121000)
* W 4121000
***** Page fault! *****
PTE found (VA=4121000 VPN=4121 PA=122000)
* W 4122000
***** Page fault! *****
PTE found (VA=4122000 VPN=4122 PA=123000)
* W 4123000
***** Page fault! *****
PTE found (VA=4123000 VPN=4123 PA=124000)
* W 4124000
***** Page fault! *****
PTE found (VA=4124000 VPN=4124 PA=125000)
* W 4125000
***** Page fault! *****
PTE found (VA=4125000 VPN=4125 PA=126000)
* W 4126000
***** Page fault! *****
PTE found (VA=4126000 VPN=4126 PA=127000)
* W 4127000
***** Page fault! *****
PTE found (VA=4127000 VPN=4127 PA=128000)
* W 4128000
***** Page fault! *****
PTE found (VA=4128000 VPN=4128 PA=129000)
* W 4129000
***** Page fault! *****
PTE found (VA=4129000 VPN=4129 PA=12a000)
* W 412a000
***** Page fault! *****
PTE found (VA=412a000 VPN=412a PA=12b000)
* W 412b000
***** Page fault! *****
PTE found (VA=412b000 VPN=412b PA=12c000)
* W 412c000
***** Page fault! *****
PTE found (VA=412c000 VPN=412c PA=12d000)
* W 412d000
***** Page fault! *****
PTE found (VA=412d000 VPN=412d PA=12e000)
* W 412e000
***** Page fault! *****
PTE found (VA=412e000 VPN=412e PA=12f000)
* W 412f000
***** Page fault! *****
PTE found (VA=412f000 VPN=412f PA=130000)
* W 4130000
***** Page fault! *****
PTE found (VA=4130000 VPN=4130 PA=131000)
* W 4131000
***** Page fault! *****
PTE found (VA=4131000 VPN=4131 PA=132000)
* W 4132000
***** Page fault! *****
PTE found (VA=4132000 VPN=4132 PA=133000)
* W 4133000
***** Page fault! *****
PTE found (VA=4133000 VPN=4133 PA=134000)
* W 4134000
***** Page fault! *****
PTE found (VA=4134000 VPN=4134 PA=135000)
* W 4135000
***** Page fault! *****
PTE found (VA=4135000 VPN=4135 PA=136000)
* W 4136000
***** Page fault! *****
PTE found (VA=4136000 VPN=4136 PA=137000)
* W 4137000
***** Page fault! *****
PTE found (VA=4137000 VPN=4137 PA=138000)
* W 4138000
***** Page fault! *****
PTE found (VA=4138000 VPN=4138 PA=139000)
* W 4139000
***** Page fault! *****
PTE found (VA=4139000 VPN=4139 PA=13a000)
* W 413a000
***** Page fault! *****
PTE found (VA=413a000 VPN=413a PA=13b000)
* W 413b000
***** Page fault! *****
PTE found (VA=413b000 VPN=413b PA=13c000)
* W 413c000
***** Page fault! *****
PTE found (VA=413c000 VPN=413c PA=13d000)
* W 413d000
***** Page fault! *****
PTE found (VA=413d000 VPN=413d PA=13e000)
* W 413e000
***** Page fault! *****
PTE found (VA=413e000 VPN=413e PA=13f000)
* W 413f000
***** Page fault! *****
PTE found (VA=413f000 VPN=413f PA=140000)
* W 4140000
***** Page fault! *****
PTE found (VA=4140000 VPN=4140 PA=141000)
* W 4141000
***** Page fault! *****
PTE found (VA=4141000 VPN=4141 PA=142000)
* W 4142000
***** Page fault! *****
PTE found (VA=4142000 VPN=4142 PA=143000)
* W 4143000
***** Page fault! *****
PTE found (VA=4143000 VPN=4143 PA=144000)
* W 4144000
***** Page fault! *****
PTE found (VA=4144000 VPN=4144 PA=145000)
* W 4145000
***** Page fault! *****
PTE found (VA=4145000 VPN=4145 PA=146000)
* W 4146000
***** Page fault! *****
PTE found (VA=4146000 VPN=4146 PA=147000)
* W 4147000
***** Page fault! *****
PTE found (VA=4147000 VPN=4147 PA=148000)
* W 4148000
***** Page fault! *****
PTE found (VA=4148000 VPN=4148 PA=149000)
* W 4149000
***** Page fault! *****
PTE found (VA=4149000 VPN=4149 PA=14a000)
* W 414a000
***** Page fault! *****
PTE found (VA=414a000 VPN=414a PA=14b000)
* W 414b000
***** Page fault! *****
PTE found (VA=414b000 VPN=414b PA=14c000)
* W 414c000
***** Page fault! *****
PTE found (VA=414c000 VPN=414c PA=14d000)
* W 414d000
***** Page fault! *****
PTE found (VA=414d000 VPN=414d PA=14e000)
* W 414e000
***** Page fault! *****
PTE found (VA=414e000 VPN=414e PA=14f000)
* W 414f000
***** Page fault! *****
PTE found (VA=414f000 VPN=414f PA=150000)
* W 4150000
***** Page fault! *****
PTE found (VA=4150000 VPN=4150 PA=151000)
* W 4151000
***** Page fault! *****
PTE found (VA=4151000 VPN=4151 PA=152000)
* W 4152000
***** Page fault! *****
PTE found (VA=4152000 VPN=4152 PA=153000)
* W 4153000
***** Page fault! *****
PTE found (VA=4153000 VPN=4153 PA=154000)
* W 4154000
***** Page fault! *****
PTE found (VA=4154000 VPN=4154 PA=155000)
* W 4155000
***** Page fault! *****
PTE found (VA=4155000 VPN=4155 PA=156000)
* W 4156000
***** Page fault! *****
PTE found (VA=4156000 VPN=4156 PA=157000)
* W 4157000
***** Page fault! *****
PTE found (VA=4157000 VPN=4157 PA=158000)
* W 4158000
***** Page fault! *****
PTE found (VA=4158000 VPN=4158 PA=159000)
* W 4159000
***** Page fault! *****
PTE found (VA=4159000 VPN=4159 PA=15a000)
* W 415a000
***** Page fault! *****
PTE found (VA=415a000 VPN=415a PA=15b000)
* W 415b000
***** Page fault! *****
PTE found (VA=415b000 VPN=415b PA=15c000)
* W 415c000
***** Page fault! *****
PTE found (VA=415c000 VPN=415c PA=15d000)
* W 415d000
***** Page fault! *****
PTE found (VA=415d000 VPN=415d PA=15e000)
* W 415e000
***** Page fault! *****
PTE found (VA=415e000 VPN=415e PA=15f000)
* W 415f000
***** Page fault! *****
PTE found (VA=415f000 VPN=415f PA=160000)
* W 4160000
***** Page fault! *****
PTE found (VA=4160000 VPN=4160 PA=161000)
* W 4161000
***** Page fault! *****
PTE found (VA=4161000 VPN=4161 PA=162000)
* W 4162000
***** Page fault! *****
PTE found (VA=4162000 VPN=4162 PA=163000)
* W 4163000
***** Page fault! *****
PTE found (VA=4163000 VPN=4163 PA=164000)
* W 4164000
***** Page fault! *****
PTE found (VA=4164000 VPN=4164 PA=165000)
* W 4165000
***** Page fault! *****
PTE found (VA=4165000 VPN=4165 PA=166000)
* W 4166000
***** Page fault! *****
PTE found (VA=4166000 VPN=4166 PA=167000)
* W 4167000
***** Page fault! *****
PTE found (VA=4167000 VPN=4167 PA=168000)
* W 4168000
***** Page fault! *****
PTE found (VA=4168000 VPN=4168 PA=169000)
* W 4169000
***** Page fault! *****
PTE found (VA=4169000 VPN=4169 PA=16a000)
* W 416a000
***** Page fault! *****
PTE found (VA=416a000 VPN=416a PA=16b000)
* W 416b000
***** Page fault! *****
PTE found (VA=416b000 VPN=416b PA=16c000)
* W 416c000
***** Page fault! *****
PTE found (VA=416c000 VPN=416c PA=16d000)
* W 416d000
***** Page fault! *****
PTE found (VA=416d000 VPN=416d PA=16e000)
* W 416e000
***** Page fault! *****
PTE found (VA=416e000 VPN=416e PA=16f000)
* W 416f000
***** Page fault! *****
PTE found (VA=416f000 VPN=416f PA=170000)
* W 4170000
***** Page fault! *****
PTE found (VA=4170000 VPN=4170 PA=171000)
* W 4171000
***** Page fault! *****
PTE found (VA=4171000 VPN=4171 PA=172000)
* W 4172000
***** Page fault! *****
PTE found (VA=4172000 VPN=4172 PA=173000)
* W 4173000
***** Page fault! *****
PTE found (VA=4173000 VPN=4173 PA=174000)
* W 4174000
***** Page fault! *****
PTE found (VA=4174000 VPN=4174 PA=175000)
* W 4175000
***** Page fault! *****
PTE found (VA=4175000 VPN=4175 PA=176000)
* W 4176000
***** Page fault! *****
PTE found (VA=4176000 VPN=4176 PA=177000)
* W 4177000
***** Page fault! *****
PTE found (VA=4177000 VPN=4177 PA=178000)
* W 4178000
***** Page fault! *****
PTE found (VA=4178000 VPN=4178 PA=179000)
* W 4179000
***** Page fault! *****
PTE found (VA=4179000 VPN=4179 PA=17a000)
* W 417a000
***** Page fault! *****
PTE found (VA=417a000 VPN=417a PA=17b000)
* W 417b000
***** Page fault! *****
PTE found (VA=417b000 VPN=417b PA=17c000)
* W 417c000
***** Page fault! *****
PTE found (VA=417c000 VPN=417c PA=17d000)
* W 417d000
***** Page fault! *****
PTE found (VA=417d000 VPN=417d PA=17e000)
* W 417e000
***** Page fault! *****
PTE found (VA=417e000 VPN=417e PA=17f000)
* W 417f000
***** Page fault! *****
PTE found (VA=417f000 VPN=417f PA=180000)
* W 4180000
***** Page fault! *****
PTE found (VA=4180000 VPN=4180 PA=181000)
* W 4181000
***** Page fault! *****
PTE found (VA=4181000 VPN=4181 PA=182000)
* W 4182000
***** Page fault! *****
PTE found (VA=4182000 VPN=4182 PA=183000)
* W 4183000
***** Page fault! *****
PTE found (VA=4183000 VPN=4183 PA=184000)
* W 4184000
***** Page fault! *****
PTE found (VA=4184000 VPN=4184 PA=185000)
* W 4185000
***** Page fault! *****
PTE found (VA=4185000 VPN=4185 PA=186000)
* W 4186000
***** Page fault! *****
PTE found (VA=4186000 VPN=4186 PA=187000)
* W 4187000
***** Page fault! *****
PTE found (VA=4187000 VPN=4187 PA=188000)
* W 4188000
***** Page fault! *****
PTE found (VA=4188000 VPN=4188 PA=189000)
* W 4189000
***** Page fault! *****
PTE found (VA=4189000 VPN=4189 PA=18a000)
* W 418a000
***** Page fault! *****
PTE found (VA=418a000 VPN=418a PA=18b000)
* W 418b000
***** Page fault! *****
PTE found (VA=418b000 VPN=418b PA=18c000)
* W 418c000
***** Page fault! *****
PTE found (VA=418c000 VPN=418c PA=18d000)
* W 418d000
***** Page fault! *****
PTE found (VA=418d000 VPN=418d PA=18e000)
* W 418e000
***** Page fault! *****
PTE found (VA=418e000 VPN=418e PA=18f000)
* W 418f000
***** Page fault! *****
PTE found (VA=418f000 VPN=418f PA=190000)
* W 4190000
***** Page fault! *****
PTE found (VA=4190000 VPN=4190 PA=191000)
* W 4191000
***** Page fault! *****
PTE found (VA=4191000 VPN=4191 PA=192000)
* W 4192000
***** Page fault! *****
PTE found (VA=4192000 VPN=4192 PA=193000)
* W 4193000
***** Page fault! *****
PTE found (VA=4193000 VPN=4193 PA=194000)
* W 4194000
***** Page fault! *****
PTE found (VA=4194000 VPN=4194 PA=195000)
* W 4195000
***** Page fault! *****
PTE found (VA=4195000 VPN=4195 PA=196000)
* W 4196000
***** Page fault! *****
PTE found (VA=4196000 VPN=4196 PA=197000)
* W 4197000
***** Page fault! *****
PTE found (VA=4197000 VPN=4197 PA=198000)
* W 4198000
***** Page fault! *****
PTE found (VA=4198000 VPN=4198 PA=199000)
* W 4199000
***** Page fault! *****
PTE found (VA=4199000 VPN=4199 PA=19a000)
* W 419a000
***** Page fault! *****
PTE found (VA=419a000 VPN=419a PA=19b000)
* W 419b000
***** Page fault! *****
PTE found (VA=419b000 VPN=419b PA=19c000)
* W 419c000
***** Page fault! *****
PTE found (VA=419c000 VPN=419c PA=19d000)
* W 419d000
***** Page fault! *****
PTE found (VA=419d000 VPN=419d PA=19e000)
* W 419e000
***** Page fault! *****
PTE found (VA=419e000 VPN=419e PA=19f000)
* W 419f000
***** Page fault! *****
PTE found (VA=419f000 VPN=419f PA=1a0000)
* W 41a0000
***** Page fault! *****
PTE found (VA=41a0000 VPN=41a0 PA=1a1000)
* W 41a1000
***** Page fault! *****
PTE found (VA=41a1000 VPN=41a1 PA=1a2000)
* W 41a2000
***** Page fault! *****
PTE found (VA=41a2000 VPN=41a2 PA=1a3000)
* W 41a3000
***** Page fault! *****
PTE found (VA=41a3000 VPN=41a3 PA=1a4000)
* W 41a4000
***** Page fault! *****
PTE found (VA=41a4000 VPN=41a4 PA=1a5000)
* W 41a5000
***** Page fault! *****
PTE found (VA=41a5000 VPN=41a5 PA=1a6000)
* W 41a6000
***** Page fault! *****
PTE found (VA=41a6000 VPN=41a6 PA=1a7000)
* W 41a7000
***** Page fault! *****
PTE found (VA=41a7000 VPN=41a7 PA=1a8000)
* W 41a8000
***** Page fault! *****
PTE found (VA=41a8000 VPN=41a8 PA=1a9000)
* W 41a9000
***** Page fault! *****
PTE found (VA=41a9000 VPN=41a9 PA=1aa000)
* W 41aa000
***** Page fault! *****
PTE found (VA=41aa000 VPN=41aa PA=1ab000)
* W 41ab000
***** Page fault! *****
PTE found (VA=41ab000 VPN=41ab PA=1ac000)
* W 41ac000
***** Page fault! *****
PTE found (VA=41ac000 VPN=41ac PA=1ad000)
* W 41ad000
***** Page fault! *****
PTE found (VA=41ad000 VPN=41ad PA=1ae000)
* W 41ae000
***** Page fault! *****
PTE found (VA=41ae000 VPN=41ae PA=1af000)
* W 41af000
***** Page fault! *****
PTE found (VA=41af000 VPN=41af PA=1b0000)
* W 41b0000
***** Page fault! *****
PTE found (VA=41b0000 VPN=41b0 PA=1b1000)
* W 41b1000
***** Page fault! *****
PTE found (VA=41b1000 VPN=41b1 PA=1b2000)
* W 41b2000
***** Page fault! *****
PTE found (VA=41b2000 VPN=41b2 PA=1b3000)
* W 41b3000
***** Page fault! *****
PTE found (VA=41b3000 VPN=41b3 PA=1b4000)
* W 41b4000
***** Page fault! *****
PTE found (VA=41b4000 VPN=41b4 PA=1b5000)
* W 41b5000
***** Page fault! *****
PTE found (VA=41b5000 VPN=41b5 PA=1b6000)
* W 41b6000
***** Page fault! *****
PTE found (VA=41b6000 VPN=41b6 PA=1b7000)
* W 41b7000
***** Page fault! *****
PTE found (VA=41b7000 VPN=41b7 PA=1b8000)
* W 41b8000
***** Page fault! *****
PTE found (VA=41b8000 VPN=41b8 PA=1b9000)
* W 41b9000
***** Page fault! *****
PTE found (VA=41b9000 VPN=41b9 PA=1ba000)
* W 41ba000
***** Page fault! *****
PTE found (VA=41ba000 VPN=41ba PA=1bb000)
* W 41bb000
***** Page fault! *****
PTE found (VA=41bb000 VPN=41bb PA=1bc000)
* W 41bc000
***** Page fault! *****
PTE found (VA=41bc000 VPN=41bc PA=1bd000)
* W 41bd000
***** Page fault! *****
PTE found (VA=41bd000 VPN=41bd PA=1be000)
* W 41be000
***** Page fault! *****
PTE found (VA=41be000 VPN=41be PA=1bf000)
* W 41bf000
***** Page fault! *****
PTE found (VA=41bf000 VPN=41bf PA=1c0000)
* W 41c0000
***** Page fault! *****
PTE found (VA=41c0000 VPN=41c0 PA=1c1000)
* W 41c1000
***** Page fault! *****
PTE found (VA=41c1000 VPN=41c1 PA=1c2000)
* W 41c2000
***** Page fault! *****
PTE found (VA=41c2000 VPN=41c2 PA=1c3000)
* W 41c3000
***** Page fault! *****
PTE found (VA=41c3000 VPN=41c3 PA=1c4000)
* W 41c4000
***** Page fault! *****
PTE found (VA=41c4000 VPN=41c4 PA=1c5000)
* W 41c5000
***** Page fault! *****
PTE found (VA=41c5000 VPN=41c5 PA=1c6000)
* W 41c6000
***** Page fault! *****
PTE found (VA=41c6000 VPN=41c6 PA=1c7000)
* W 41c7000
***** Page fault! *****
PTE found (VA=41c7000 VPN=41c7 PA=1c8000)
* W 41c8000
***** Page fault! *****
PTE found (VA=41c8000 VPN=41c8 PA=1c9000)
* W 41c9000
***** Page fault! *****
PTE found (VA=41c9000 VPN=41c9 PA=1ca000)
* W 41ca000
***** Page fault! *****
PTE found (VA=41ca000 VPN=41ca PA=1cb000)
* W 41cb000
***** Page fault! *****
PTE found (VA=41cb000 VPN=41cb PA=1cc000)
* W 41cc000
***** Page fault! *****
PTE found (VA=41cc000 VPN=41cc PA=1cd000)
* W 41cd000
***** Page fault! *****
PTE found (VA=41cd000 VPN=41cd PA=1ce000)
* W 41ce000
***** Page fault! *****
PTE found (VA=41ce000 VPN=41ce PA=1cf000)
* W 41cf000
***** Page fault! *****
PTE found (VA=41cf000 VPN=41cf PA=1d0000)
* W 41d0000
***** Page fault! *****
PTE found (VA=41d0000 VPN=41d0 PA=1d1000)
* W 41d1000
***** Page fault! *****
PTE found (VA=41d1000 VPN=41d1 PA=1d2000)
* W 41d2000
***** Page fault! *****
PTE found (VA=41d2000 VPN=41d2 PA=1d3000)
* W 41d3000
***** Page fault! *****
PTE found (VA=41d3000 VPN=41d3 PA=1d4000)
* W 41d4000
***** Page fault! *****
PTE found (VA=41d4000 VPN=41d4 PA=1d5000)
* W 41d5000
***** Page fault! *****
PTE found (VA=41d5000 VPN=41d5 PA=1d6000)
* W 41d6000
***** Page fault! *****
PTE found (VA=41d6000 VPN=41d6 PA=1d7000)
* W 41d7000
***** Page fault! *****
PTE found (VA=41d7000 VPN=41d7 PA=1d8000)
* W 41d8000
***** Page fault! *****
PTE found (VA=41d8000 VPN=41d8 PA=1d9000)
* W 41d9000
***** Page fault! *****
PTE found (VA=41d9000 VPN=41d9 PA=1da000)
* W 41da000
***** Page fault! *****
PTE found (VA=41da000 VPN=41da PA=1db000)
* W 41db000
***** Page fault! *****
PTE found (VA=41db000 VPN=41db PA=1dc000)
* W 41dc000
***** Page fault! *****
PTE found (VA=41dc000 VPN=41dc PA=1dd000)
* W 41dd000
***** Page fault! *****
PTE found (VA=41dd000 VPN=41dd PA=1de000)
* W 41de000
***** Page fault! *****
PTE found (VA=41de000 VPN=41de PA=1df000)
* W 41df000
***** Page fault! *****
PTE found (VA=41df000 VPN=41df PA=1e0000)
* W 41e0000
***** Page fault! *****
PTE found (VA=41e0000 VPN=41e0 PA=1e1000)
* W 41e1000
***** Page fault! *****
PTE found (VA=41e1000 VPN=41e1 PA=1e2000)
* W 41e2000
***** Page fault! *****
PTE found (VA=41e2000 VPN=41e2 PA=1e3000)
* W 41e3000
***** Page fault! *****
PTE found (VA=41e3000 VPN=41e3 PA=1e4000)
* W 41e4000
***** Page fault! *****
PTE found (VA=41e4000 VPN=41e4 PA=1e5000)
* W 41e5000
***** Page fault! *****
PTE found (VA=41e5000 VPN=41e5 PA=1e6000)
* W 41e6000
***** Page fault! *****
PTE found (VA=41e6000 VPN=41e6 PA=1e7000)
* W 41e7000
***** Page fault! *****
PTE found (VA=41e7000 VPN=41e7 PA=1e8000)
* W 41e8000
***** Page fault! *****
PTE found (VA=41e8000 VPN=41e8 PA=1e9000)
* W 41e9000
***** Page fault! *****
PTE found (VA=41e9000 VPN=41e9 PA=1ea000)
* W 41ea000
***** Page fault! *****
PTE found (VA=41ea000 VPN=41ea PA=1eb000)
* W 41eb000
***** Page fault! *****
PTE found (VA=41eb000 VPN=41eb PA=1ec000)
* W 41ec000
***** Page fault! *****
PTE found (VA=41ec000 VPN=41ec PA=1ed000)
* W 41ed000
***** Page fault! *****
PTE found (VA=41ed000 VPN=41ed PA=1ee000)
* W 41ee000
***** Page fault! *****
PTE found (VA=41ee000 VPN=41ee PA=1ef000)
* W 41ef000
***** Page fault! *****
PTE found (VA=41ef000 VPN=41ef PA=1f0000)
* W 41f0000
***** Page fault! *****
PTE found (VA=41f0000 VPN=41f0 PA=1f1000)
* W 41f1000
***** Page fault! *****
PTE found (VA=41f1000 VPN=41f1 PA=1f2000)
* W 41f2000
***** Page fault! *****
PTE found (VA=41f2000 VPN=41f2 PA=1f3000)
* W 41f3000
***** Page fault! *****
PTE found (VA=41f3000 VPN=41f3 PA=1f4000)
* W 41f4000
***** Page fault! *****
PTE found (VA=41f4000 VPN=41f4 PA=1f5000)
* W 41f5000
***** Page fault! *****
PTE found (VA=41f5000 VPN=41f5 PA=1f6000)
* W 41f6000
***** Page fault! *****
PTE found (VA=41f6000 VPN=41f6 PA=1f7000)
* W 41f7000
***** Page fault! *****
PTE found (VA=41f7000 VPN=41f7 PA=1f8000)
* W 41f8000
***** Page fault! *****
PTE found (VA=41f8000 VPN=41f8 PA=1f9000)
* W 41f9000
***** Page fault! *****
PTE found (VA=41f9000 VPN=41f9 PA=1fa000)
* W 41fa000
***** Page fault! *****
PTE found (VA=41fa000 VPN=41fa PA=1fb000)
* W 41fb000
***** Page fault! *****
PTE found (VA=41fb000 VPN=41fb PA=1fc000)
* W 41fc000
***** Page fault! *****
PTE found (VA=41fc000 VPN=41fc PA=1fd000)
* W 41fd000
***** Page fault! *****
PTE found (VA=41fd000 VPN=41fd PA=1fe000)
* W 41fe000
***** Page fault! *****
PTE found (VA=41fe000 VPN=41fe PA=1ff000)
* W 41ff000
***** Page fault! *****
PTE found (VA=41ff000 VPN=41ff PA=200000)
* W 4200000
***** Page fault! *****
PTE found (VA=4200000 VPN=4200 PA=201000)
* R 4000000
PTE found (VA=4000000 VPN=4000 PA=1000)
* R 4001000
PTE found (VA=4001000 VPN=4001 PA=2000)
* R 4002000
PTE found (VA=4002000 VPN=4002 PA=3000)
* R 4003000
PTE found (VA=4003000 VPN=4003 PA=4000)
* R 4004000
PTE found (VA=4004000 VPN=4004 PA=5000)
* R 4005000
PTE found (VA=4005000 VPN=4005 PA=6000)
* R 4006000
PTE found (VA=4006000 VPN=4006 PA=7000)
* R 4007000
PTE found (VA=4007000 VPN=4007 PA=8000)
* R 4008000
PTE found (VA=4008000 VPN=4008 PA=9000)
* R 4009000
PTE found (VA=4009000 VPN=4009 PA=a000)
* R 400a000
PTE found (VA=400a000 VPN=400a PA=b000)
* R 400b000
PTE found (VA=400b000 VPN=400b PA=c000)
* R 400c000
PTE found (VA=400c000 VPN=400c PA=d000)
* R 400d000
PTE found (VA=400d000 VPN=400d PA=e000)
* R 400e000
PTE found (VA=400e000 VPN=400e PA=f000)
* R 400f000
PTE found (VA=400f000 VPN=400f PA=10000)
* R 4010000
PTE found (VA=4010000 VPN=4010 PA=11000)
* R 4011000
PTE found (VA=4011000 VPN=4011 PA=12000)
* R 4012000
PTE found (VA=4012000 VPN=4012 PA=13000)
* R 4013000
PTE found (VA=4013000 VPN=4013 PA=14000)
* R 4014000
PTE found (VA=4014000 VPN=4014 PA=15000)
* R 4015000
PTE found (VA=4015000 VPN=4015 PA=16000)
* R 4016000
PTE found (VA=4016000 VPN=4016 PA=17000)
* R 4017000
PTE found (VA=4017000 VPN=4017 PA=18000)
* R 4018000
PTE found (VA=4018000 VPN=4018 PA=19000)
* R 4019000
PTE found (VA=4019000 VPN=4019 PA=1a000)
* R 401a000
PTE found (VA=401a000 VPN=401a PA=1b000)
* R 401b000
PTE found (VA=401b000 VPN=401b PA=1c000)
* R 401c000
PTE found (VA=401c000 VPN=401c PA=1d000)
* R 401d000
PTE found (VA=401d000 VPN=401d PA=1e000)
* R 401e000
PTE found (VA=401e000 VPN=401e PA=1f000)
* R 401f000
PTE found (VA=401f000 VPN=401f PA=20000)
