[3] W DRAM[0]
[103] R DRAM[1000]
[104] R DRAM[1010]
[105] W DRAM[1080]
[106] R DRAM[13f0]
[107] R DRAM[17f0]
[108] W DRAM[1ff0]
[109] R DRAM[1000]
[110] R DRAM[1010]
[111] W DRAM[1080]
[112] R DRAM[13f0]
[113] R DRAM[17f0]
[114] W DRAM[1ff0]
[115] R DRAM[1000]
[116] R DRAM[1010]
[117] W DRAM[1080]
[118] R DRAM[13f0]
[119] R DRAM[17f0]
[120] W DRAM[1ff0]
[121] R DRAM[1000]
[122] R DRAM[1010]
[123] W DRAM[1080]
[124] R DRAM[13f0]
[125] R DRAM[17f0]
[126] W DRAM[1ff0]
[127] R DRAM[1000]
[128] R DRAM[1010]
[129] W DRAM[1080]
[130] R DRAM[13f0]
[131] R DRAM[17f0]
[132] W DRAM[1ff0]
[133] R DRAM[1000]
[134] R DRAM[1010]
[135] W DRAM[1080]
[136] R DRAM[13f0]
[137] R DRAM[17f0]
[138] W DRAM[1ff0]
[139] R DRAM[1000]
[140] R DRAM[1010]
[141] W DRAM[1080]
[142] R DRAM[13f0]
[143] R DRAM[17f0]
[144] W DRAM[1ff0]
[145] R DRAM[1000]
[146] R DRAM[1010]
[147] W DRAM[1080]
[148] R DRAM[13f0]
[149] R DRAM[17f0]
[150] W DRAM[1ff0]
[151] R DRAM[1000]
[152] R DRAM[1010]
[153] W DRAM[1080]
[154] R DRAM[13f0]
[155] R DRAM[17f0]
[156] W DRAM[1ff0]
[157] R DRAM[1000]
[158] R DRAM[1010]
[159] W DRAM[1080]
[160] R DRAM[13f0]
[161] R DRAM[17f0]
[162] W DRAM[1ff0]
[163] R DRAM[1000]
[164] R DRAM[1010]
[165] W DRAM[1080]
[166] R DRAM[13f0]
[167] R DRAM[17f0]
[168] W DRAM[1ff0]
[169] R DRAM[1000]
[170] R DRAM[1010]
[171] W DRAM[1080]
[172] R DRAM[13f0]
[173] R DRAM[17f0]
[174] W DRAM[1ff0]
[175] R DRAM[1000]
[176] R DRAM[1010]
[177] W DRAM[1080]
[178] R DRAM[13f0]
[179] R DRAM[17f0]
[180] W DRAM[1ff0]
[181] R DRAM[1000]
[182] R DRAM[1010]
[183] W DRAM[1080]
[184] R DRAM[13f0]
[185] R DRAM[17f0]
[186] W DRAM[1ff0]
[187] R DRAM[1000]
[188] R DRAM[1010]
[189] W DRAM[1080]
[190] R DRAM[13f0]
[191] R DRAM[17f0]
[192] W DRAM[1ff0]
[193] R DRAM[1000]
[194] R DRAM[1010]
[195] W DRAM[1080]
[196] R DRAM[13f0]
[197] R DRAM[17f0]
[198] W DRAM[1ff0]
Elapsed: 198 ns
Total instructions executed: 96
Total page faults: 1
Total page evictions: 0
Total TLB L1 hits: 95 (98.96%)
Total TLB L2 hits: 0 (0.00%)
Total TLB L1 invalidations: 0
Total TLB L2 invalidations: 0
