[3] W DRAM[0]
[103] R DRAM[1000]
[106] W DRAM[0]
[206] R DRAM[2000]
[209] W DRAM[0]
[309] R DRAM[3000]
[312] W DRAM[0]
[412] R DRAM[4000]
[415] W DRAM[0]
[515] R DRAM[5000]
[518] W DRAM[0]
[618] R DRAM[6000]
[621] W DRAM[0]
[721] R DRAM[7000]
[724] W DRAM[0]
[824] R DRAM[8000]
[827] W DRAM[0]
[927] R DRAM[9000]
[930] W DRAM[0]
[1030] R DRAM[a000]
[1033] W DRAM[0]
[1133] R DRAM[b000]
[1136] W DRAM[0]
[1236] R DRAM[c000]
[1239] W DRAM[0]
[1339] R DRAM[d000]
[1342] W DRAM[0]
[1442] R DRAM[e000]
[1445] W DRAM[0]
[1545] R DRAM[f000]
[1548] W DRAM[0]
[1648] R DRAM[10000]
[1651] W DRAM[0]
[1751] R DRAM[11000]
[1754] W DRAM[0]
[1854] R DRAM[12000]
[1857] W DRAM[0]
[1957] R DRAM[13000]
[1960] W DRAM[0]
[2060] R DRAM[14000]
[2063] W DRAM[0]
[2163] R DRAM[15000]
[2166] W DRAM[0]
[2266] R DRAM[16000]
[2269] W DRAM[0]
[2369] R DRAM[17000]
[2372] W DRAM[0]
[2472] R DRAM[18000]
[2475] W DRAM[0]
[2575] R DRAM[19000]
[2578] W DRAM[0]
[2678] R DRAM[1a000]
[2681] W DRAM[0]
[2781] R DRAM[1b000]
[2784] W DRAM[0]
[2884] R DRAM[1c000]
[2887] W DRAM[0]
[2987] R DRAM[1d000]
[2990] W DRAM[0]
[3090] R DRAM[1e000]
[3093] W DRAM[0]
[3193] R DRAM[1f000]
[3196] W DRAM[0]
[3296] R DRAM[20000]
[3299] W DRAM[0]
[3399] R DRAM[21000]
[3402] W DRAM[0]
[3502] R DRAM[22000]
[3505] W DRAM[0]
[3605] R DRAM[23000]
[3608] W DRAM[0]
[3708] R DRAM[24000]
[3711] W DRAM[0]
[3811] R DRAM[25000]
[3814] W DRAM[0]
[3914] R DRAM[26000]
[3917] W DRAM[0]
[4017] R DRAM[27000]
[4020] W DRAM[0]
[4120] R DRAM[28000]
[4123] R DRAM[1000]
[4126] R DRAM[2000]
[4129] R DRAM[3000]
[4132] R DRAM[4000]
[4135] R DRAM[5000]
[4138] R DRAM[6000]
[4141] R DRAM[7000]
[4144] R DRAM[8000]
[4147] R DRAM[9000]
Elapsed: 4147 ns
Total instructions executed: 49
Total page faults: 40
Total page evictions: 0
Total TLB L1 hits: 0 (0.00%)
Total TLB L2 hits: 9 (18.37%)
Total TLB L1 invalidations: 0
Total TLB L2 invalidations: 0
