[3] W DRAM[0]
[103] R DRAM[1000]
[106] W DRAM[0]
[206] R DRAM[2000]
[209] W DRAM[0]
[309] R DRAM[3000]
[312] W DRAM[0]
[412] R DRAM[4000]
[415] W DRAM[0]
[515] R DRAM[5000]
[518] W DRAM[0]
[618] R DRAM[6000]
[621] W DRAM[0]
[721] R DRAM[7000]
[724] W DRAM[0]
[824] R DRAM[8000]
[827] W DRAM[0]
[927] R DRAM[9000]
[930] W DRAM[0]
[1030] R DRAM[a000]
[1033] W DRAM[0]
[1133] R DRAM[b000]
[1136] W DRAM[0]
[1236] R DRAM[c000]
[1239] W DRAM[0]
[1339] R DRAM[d000]
[1342] W DRAM[0]
[1442] R DRAM[e000]
[1445] W DRAM[0]
[1545] R DRAM[f000]
[1548] W DRAM[0]
[1648] R DRAM[10000]
[1651] W DRAM[0]
[1751] R DRAM[11000]
[1754] W DRAM[0]
[1854] R DRAM[12000]
[1857] W DRAM[0]
[1957] R DRAM[13000]
[1960] W DRAM[0]
[2060] R DRAM[14000]
[2063] W DRAM[0]
[2163] R DRAM[15000]
[2166] W DRAM[0]
[2266] R DRAM[16000]
[2269] W DRAM[0]
[2369] R DRAM[17000]
[2372] W DRAM[0]
[2472] R DRAM[18000]
[2475] W DRAM[0]
[2575] R DRAM[19000]
[2578] W DRAM[0]
[2678] R DRAM[1a000]
[2681] W DRAM[0]
[2781] R DRAM[1b000]
[2784] W DRAM[0]
[2884] R DRAM[1c000]
[2887] W DRAM[0]
[2987] R DRAM[1d000]
[2990] W DRAM[0]
[3090] R DRAM[1e000]
[3093] W DRAM[0]
[3193] R DRAM[1f000]
[3196] W DRAM[0]
[3296] R DRAM[20000]
[3299] W DRAM[0]
[3399] R DRAM[21000]
[3402] W DRAM[0]
[3502] R DRAM[22000]
[3505] W DRAM[0]
[3605] R DRAM[23000]
[3608] W DRAM[0]
[3708] R DRAM[24000]
[3711] W DRAM[0]
[3811] R DRAM[25000]
[3814] W DRAM[0]
[3914] R DRAM[26000]
[3917] W DRAM[0]
[4017] R DRAM[27000]
[4020] W DRAM[0]
[4120] R DRAM[28000]
[4123] R DRAM[1000]
[4126] R DRAM[2000]
[4129] R DRAM[3000]
[4132] R DRAM[4000]
[4135] R DRAM[5000]
[4138] R DRAM[6000]
[4141] R DRAM[7000]
[4144] R DRAM[8000]
[4147] R DRAM[9000]
Elapsed: 4147 ns
Total instructions executed: 49
Total page faults: 40
Total page evictions: 0
Total TLB L1 hits: 0 (0.00%)
Total TLB L2 hits: 9 (18.37%)
Total TLB L1 invalidations: 0
Total TLB L2 invalidations: 0
=========== System Properties ===========
Virtual address:       32 bits
Page index:            12 bits
DRAM address:          28 bits
Disk address:          48 bits
Virtual address space: 4294967296 B
DRAM address space:    268435456 B
Disk address space:    281474976710656 B
Page size:             4096 B
Total pages:           1048576
=========================================
* R 0
***** Page fault! *****
PTE found (VA=0 VPN=0 PA=1000)
* R 1000
***** Page fault! *****
PTE found (VA=1000 VPN=1 PA=2000)
* R 2000
***** Page fault! *****
PTE found (VA=2000 VPN=2 PA=3000)
* R 3000
***** Page fault! *****
PTE found (VA=3000 VPN=3 PA=4000)
* R 4000
***** Page fault! *****
PTE found (VA=4000 VPN=4 PA=5000)
* R 5000
***** Page fault! *****
PTE found (VA=5000 VPN=5 PA=6000)
* R 6000
***** Page fault! *****
PTE found (VA=6000 VPN=6 PA=7000)
* R 7000
***** Page fault! *****
PTE found (VA=7000 VPN=7 PA=8000)
* R 8000
***** Page fault! *****
PTE found (VA=8000 VPN=8 PA=9000)
* R 9000
***** Page fault! *****
PTE found (VA=9000 VPN=9 PA=a000)
* R a000
***** Page fault! *****
PTE found (VA=a000 VPN=a PA=b000)
* R b000
***** Page fault! *****
PTE found (VA=b000 VPN=b PA=c000)
* R c000
***** Page fault! *****
PTE found (VA=c000 VPN=c PA=d000)
* R d000
***** Page fault! *****
PTE found (VA=d000 VPN=d PA=e000)
* R e000
***** Page fault! *****
PTE found (VA=e000 VPN=e PA=f000)
* R f000
***** Page fault! *****
PTE found (VA=f000 VPN=f PA=10000)
* R 10000
***** Page fault! *****
PTE found (VA=10000 VPN=10 PA=11000)
* R 11000
***** Page fault! *****
PTE found (VA=11000 VPN=11 PA=12000)
* R 12000
***** Page fault! *****
PTE found (VA=12000 VPN=12 PA=13000)
* R 13000
***** Page fault! *****
PTE found (VA=13000 VPN=13 PA=14000)
* R 14000
***** Page fault! *****
PTE found (VA=14000 VPN=14 PA=15000)
* R 15000
***** Page fault! *****
PTE found (VA=15000 VPN=15 PA=16000)
* R 16000
***** Page fault! *****
PTE found (VA=16000 VPN=16 PA=17000)
* R 17000
***** Page fault! *****
PTE found (VA=17000 VPN=17 PA=18000)
* R 18000
***** Page fault! *****
PTE found (VA=18000 VPN=18 PA=19000)
* R 19000
***** Page fault! *****
PTE found (VA=19000 VPN=19 PA=1a000)
* R 1a000
***** Page fault! *****
PTE found (VA=1a000 VPN=1a PA=1b000)
* R 1b000
***** Page fault! *****
PTE found (VA=1b000 VPN=1b PA=1c000)
* R 1c000
***** Page fault! *****
PTE found (VA=1c000 VPN=1c PA=1d000)
* R 1d000
***** Page fault! *****
PTE found (VA=1d000 VPN=1d PA=1e000)
* R 1e000
***** Page fault! *****
PTE found (VA=1e000 VPN=1e PA=1f000)
* R 1f000
***** Page fault! *****
PTE found (VA=1f000 VPN=1f PA=20000)
* R 20000
***** Page fault! *****
PTE found (VA=20000 VPN=20 PA=21000)
* R 21000
***** Page fault! *****
PTE found (VA=21000 VPN=21 PA=22000)
* R 22000
***** Page fault! *****
PTE found (VA=22000 VPN=22 PA=23000)
* R 23000
***** Page fault! *****
PTE found (VA=23000 VPN=23 PA=24000)
* R 24000
***** Page fault! *****
PTE found (VA=24000 VPN=24 PA=25000)
* R 25000
***** Page fault! *****
PTE found (VA=25000 VPN=25 PA=26000)
* R 26000
***** Page fault! *****
PTE found (VA=26000 VPN=26 PA=27000)
* R 27000
***** Page fault! *****
PTE found (VA=27000 VPN=27 PA=28000)
* R 0
* R 1000
* R 2000
* R 3000
* R 4000
* R 5000
* R 6000
* R 7000
* R 8000
