[3] W DRAM[0]
[103] W DRAM[1000]
[106] W DRAM[0]
[206] W DRAM[2000]
[209] W DRAM[0]
[309] W DRAM[3000]
[312] W DRAM[0]
[412] W DRAM[4000]
[415] W DRAM[0]
[515] W DRAM[5000]
[518] W DRAM[0]
[618] W DRAM[6000]
[621] W DRAM[0]
[721] W DRAM[7000]
[724] W DRAM[0]
[824] W DRAM[8000]
[827] W DRAM[0]
[927] W DRAM[9000]
[930] W DRAM[0]
[1030] W DRAM[a000]
[1033] W DRAM[0]
[1133] W DRAM[b000]
[1136] W DRAM[0]
[1236] W DRAM[c000]
[1239] W DRAM[0]
[1339] W DRAM[d000]
[1342] W DRAM[0]
[1442] W DRAM[e000]
[1445] W DRAM[0]
[1545] W DRAM[f000]
[1548] W DRAM[0]
[1648] W DRAM[10000]
[1651] W DRAM[0]
[1751] W DRAM[11000]
[1754] W DRAM[0]
[1854] W DRAM[12000]
[1857] W DRAM[0]
[1957] W DRAM[13000]
[1960] W DRAM[0]
[2060] W DRAM[14000]
[2063] W DRAM[0]
[2163] W DRAM[15000]
[2166] W DRAM[0]
[2266] W DRAM[16000]
[2269] W DRAM[0]
[2369] W DRAM[17000]
[2372] W DRAM[0]
[2472] W DRAM[18000]
[2475] W DRAM[0]
[2575] W DRAM[19000]
[2578] W DRAM[0]
[2678] W DRAM[1a000]
[2681] W DRAM[0]
[2781] W DRAM[1b000]
[2784] W DRAM[0]
[2884] W DRAM[1c000]
[2887] W DRAM[0]
[2987] W DRAM[1d000]
[2990] W DRAM[0]
[3090] W DRAM[1e000]
[3093] W DRAM[0]
[3193] W DRAM[1f000]
[3196] W DRAM[0]
[3296] W DRAM[20000]
[3299] W DRAM[0]
[3399] W DRAM[21000]
[3402] W DRAM[0]
[3502] W DRAM[22000]
[3505] W DRAM[0]
[3605] W DRAM[23000]
[3608] W DRAM[0]
[3708] W DRAM[24000]
[3711] W DRAM[0]
[3811] W DRAM[25000]
[3814] W DRAM[0]
[3914] W DRAM[26000]
[3917] W DRAM[0]
[4017] W DRAM[27000]
[4020] W DRAM[0]
[4120] W DRAM[28000]
[4123] W DRAM[0]
[4223] W DRAM[29000]
[4226] W DRAM[0]
[4326] W DRAM[2a000]
[4329] W DRAM[0]
[4429] W DRAM[2b000]
[4432] W DRAM[0]
[4532] W DRAM[2c000]
[4535] W DRAM[0]
[4635] W DRAM[2d000]
[4638] W DRAM[0]
[4738] W DRAM[2e000]
[4741] W DRAM[0]
[4841] W DRAM[2f000]
[4844] W DRAM[0]
[4944] W DRAM[30000]
[4947] W DRAM[0]
[5047] W DRAM[31000]
[5050] W DRAM[0]
[5150] W DRAM[32000]
[5153] W DRAM[0]
[5253] W DRAM[33000]
[5256] W DRAM[0]
[5356] W DRAM[34000]
[5359] W DRAM[0]
[5459] W DRAM[35000]
[5462] W DRAM[0]
[5562] W DRAM[36000]
[5565] W DRAM[0]
[5665] W DRAM[37000]
[5668] W DRAM[0]
[5768] W DRAM[38000]
[5771] W DRAM[0]
[5871] W DRAM[39000]
[5874] W DRAM[0]
[5974] W DRAM[3a000]
[5977] W DRAM[0]
[6077] W DRAM[3b000]
[6080] W DRAM[0]
[6180] W DRAM[3c000]
[6183] W DRAM[0]
[6283] W DRAM[3d000]
[6286] W DRAM[0]
[6386] W DRAM[3e000]
[6389] W DRAM[0]
[6489] W DRAM[3f000]
[6492] W DRAM[0]
[6592] W DRAM[40000]
[6595] W DRAM[0]
[6695] W DRAM[41000]
[6698] W DRAM[0]
[6798] W DRAM[42000]
[6801] W DRAM[0]
[6901] W DRAM[43000]
[6904] W DRAM[0]
[7004] W DRAM[44000]
[7007] W DRAM[0]
[7107] W DRAM[45000]
[7110] W DRAM[0]
[7210] W DRAM[46000]
[7213] W DRAM[0]
[7313] W DRAM[47000]
[7316] W DRAM[0]
[7416] W DRAM[48000]
[7419] W DRAM[0]
[7519] W DRAM[49000]
[7522] W DRAM[0]
[7622] W DRAM[4a000]
[7625] W DRAM[0]
[7725] W DRAM[4b000]
[7728] W DRAM[0]
[7828] W DRAM[4c000]
[7831] W DRAM[0]
[7931] W DRAM[4d000]
[7934] W DRAM[0]
[8034] W DRAM[4e000]
[8037] W DRAM[0]
[8137] W DRAM[4f000]
[8140] W DRAM[0]
[8240] W DRAM[50000]
[8243] W DRAM[0]
[8343] W DRAM[51000]
[8346] W DRAM[0]
[8446] W DRAM[52000]
[8449] W DRAM[0]
[8549] W DRAM[53000]
[8552] W DRAM[0]
[8652] W DRAM[54000]
[8655] W DRAM[0]
[8755] W DRAM[55000]
[8758] W DRAM[0]
[8858] W DRAM[56000]
[8861] W DRAM[0]
[8961] W DRAM[57000]
[8964] W DRAM[0]
[9064] W DRAM[58000]
[9067] W DRAM[0]
[9167] W DRAM[59000]
[9170] W DRAM[0]
[9270] W DRAM[5a000]
[9273] W DRAM[0]
[9373] W DRAM[5b000]
[9376] W DRAM[0]
[9476] W DRAM[5c000]
[9479] W DRAM[0]
[9579] W DRAM[5d000]
[9582] W DRAM[0]
[9682] W DRAM[5e000]
[9685] W DRAM[0]
[9785] W DRAM[5f000]
[9788] W DRAM[0]
[9888] W DRAM[60000]
[9891] W DRAM[0]
[9991] W DRAM[61000]
[9994] W DRAM[0]
[10094] W DRAM[62000]
[10097] W DRAM[0]
[10197] W DRAM[63000]
[10200] W DRAM[0]
[10300] W DRAM[64000]
[10303] W DRAM[0]
[10403] W DRAM[65000]
[10406] W DRAM[0]
[10506] W DRAM[66000]
[10509] W DRAM[0]
[10609] W DRAM[67000]
[10612] W DRAM[0]
[10712] W DRAM[68000]
[10715] W DRAM[0]
[10815] W DRAM[69000]
[10818] W DRAM[0]
[10918] W DRAM[6a000]
[10921] W DRAM[0]
[11021] W DRAM[6b000]
[11024] W DRAM[0]
[11124] W DRAM[6c000]
[11127] W DRAM[0]
[11227] W DRAM[6d000]
[11230] W DRAM[0]
[11330] W DRAM[6e000]
[11333] W DRAM[0]
[11433] W DRAM[6f000]
[11436] W DRAM[0]
[11536] W DRAM[70000]
[11539] W DRAM[0]
[11639] W DRAM[71000]
[11642] W DRAM[0]
[11742] W DRAM[72000]
[11745] W DRAM[0]
[11845] W DRAM[73000]
[11848] W DRAM[0]
[11948] W DRAM[74000]
[11951] W DRAM[0]
[12051] W DRAM[75000]
[12054] W DRAM[0]
[12154] W DRAM[76000]
[12157] W DRAM[0]
[12257] W DRAM[77000]
[12260] W DRAM[0]
[12360] W DRAM[78000]
[12363] W DRAM[0]
[12463] W DRAM[79000]
[12466] W DRAM[0]
[12566] W DRAM[7a000]
[12569] W DRAM[0]
[12669] W DRAM[7b000]
[12672] W DRAM[0]
[12772] W DRAM[7c000]
[12775] W DRAM[0]
[12875] W DRAM[7d000]
[12878] W DRAM[0]
[12978] W DRAM[7e000]
[12981] W DRAM[0]
[13081] W DRAM[7f000]
[13084] W DRAM[0]
[13184] W DRAM[80000]
[13187] W DRAM[0]
[13287] W DRAM[81000]
[13290] W DRAM[0]
[13390] W DRAM[82000]
[13393] W DRAM[0]
[13493] W DRAM[83000]
[13496] W DRAM[0]
[13596] W DRAM[84000]
[13599] W DRAM[0]
[13699] W DRAM[85000]
[13702] W DRAM[0]
[13802] W DRAM[86000]
[13805] W DRAM[0]
[13905] W DRAM[87000]
[13908] W DRAM[0]
[14008] W DRAM[88000]
[14011] W DRAM[0]
[14111] W DRAM[89000]
[14114] W DRAM[0]
[14214] W DRAM[8a000]
[14217] W DRAM[0]
[14317] W DRAM[8b000]
[14320] W DRAM[0]
[14420] W DRAM[8c000]
[14423] W DRAM[0]
[14523] W DRAM[8d000]
[14526] W DRAM[0]
[14626] W DRAM[8e000]
[14629] W DRAM[0]
[14729] W DRAM[8f000]
[14732] W DRAM[0]
[14832] W DRAM[90000]
[14835] W DRAM[0]
[14935] W DRAM[91000]
[14938] W DRAM[0]
[15038] W DRAM[92000]
[15041] W DRAM[0]
[15141] W DRAM[93000]
[15144] W DRAM[0]
[15244] W DRAM[94000]
[15247] W DRAM[0]
[15347] W DRAM[95000]
[15350] W DRAM[0]
[15450] W DRAM[96000]
[15453] W DRAM[0]
[15553] W DRAM[97000]
[15556] W DRAM[0]
[15656] W DRAM[98000]
[15659] W DRAM[0]
[15759] W DRAM[99000]
[15762] W DRAM[0]
[15862] W DRAM[9a000]
[15865] W DRAM[0]
[15965] W DRAM[9b000]
[15968] W DRAM[0]
[16068] W DRAM[9c000]
[16071] W DRAM[0]
[16171] W DRAM[9d000]
[16174] W DRAM[0]
[16274] W DRAM[9e000]
[16277] W DRAM[0]
[16377] W DRAM[9f000]
[16380] W DRAM[0]
[16480] W DRAM[a0000]
[16483] W DRAM[0]
[16583] W DRAM[a1000]
[16586] W DRAM[0]
[16686] W DRAM[a2000]
[16689] W DRAM[0]
[16789] W DRAM[a3000]
[16792] W DRAM[0]
[16892] W DRAM[a4000]
[16895] W DRAM[0]
[16995] W DRAM[a5000]
[16998] W DRAM[0]
[17098] W DRAM[a6000]
[17101] W DRAM[0]
[17201] W DRAM[a7000]
[17204] W DRAM[0]
[17304] W DRAM[a8000]
[17307] W DRAM[0]
[17407] W DRAM[a9000]
[17410] W DRAM[0]
[17510] W DRAM[aa000]
[17513] W DRAM[0]
[17613] W DRAM[ab000]
[17616] W DRAM[0]
[17716] W DRAM[ac000]
[17719] W DRAM[0]
[17819] W DRAM[ad000]
[17822] W DRAM[0]
[17922] W DRAM[ae000]
[17925] W DRAM[0]
[18025] W DRAM[af000]
[18028] W DRAM[0]
[18128] W DRAM[b0000]
[18131] W DRAM[0]
[18231] W DRAM[b1000]
[18234] W DRAM[0]
[18334] W DRAM[b2000]
[18337] W DRAM[0]
[18437] W DRAM[b3000]
[18440] W DRAM[0]
[18540] W DRAM[b4000]
[18543] W DRAM[0]
[18643] W DRAM[b5000]
[18646] W DRAM[0]
[18746] W DRAM[b6000]
[18749] W DRAM[0]
[18849] W DRAM[b7000]
[18852] W DRAM[0]
[18952] W DRAM[b8000]
[18955] W DRAM[0]
[19055] W DRAM[b9000]
[19058] W DRAM[0]
[19158] W DRAM[ba000]
[19161] W DRAM[0]
[19261] W DRAM[bb000]
[19264] W DRAM[0]
[19364] W DRAM[bc000]
[19367] W DRAM[0]
[19467] W DRAM[bd000]
[19470] W DRAM[0]
[19570] W DRAM[be000]
[19573] W DRAM[0]
[19673] W DRAM[bf000]
[19676] W DRAM[0]
[19776] W DRAM[c0000]
[19779] W DRAM[0]
[19879] W DRAM[c1000]
[19882] W DRAM[0]
[19982] W DRAM[c2000]
[19985] W DRAM[0]
[20085] W DRAM[c3000]
[20088] W DRAM[0]
[20188] W DRAM[c4000]
[20191] W DRAM[0]
[20291] W DRAM[c5000]
[20294] W DRAM[0]
[20394] W DRAM[c6000]
[20397] W DRAM[0]
[20497] W DRAM[c7000]
[20500] W DRAM[0]
[20600] W DRAM[c8000]
[20603] W DRAM[0]
[20703] W DRAM[c9000]
[20706] W DRAM[0]
[20806] W DRAM[ca000]
[20809] W DRAM[0]
[20909] W DRAM[cb000]
[20912] W DRAM[0]
[21012] W DRAM[cc000]
[21015] W DRAM[0]
[21115] W DRAM[cd000]
[21118] W DRAM[0]
[21218] W DRAM[ce000]
[21221] W DRAM[0]
[21321] W DRAM[cf000]
[21324] W DRAM[0]
[21424] W DRAM[d0000]
[21427] W DRAM[0]
[21527] W DRAM[d1000]
[21530] W DRAM[0]
[21630] W DRAM[d2000]
[21633] W DRAM[0]
[21733] W DRAM[d3000]
[21736] W DRAM[0]
[21836] W DRAM[d4000]
[21839] W DRAM[0]
[21939] W DRAM[d5000]
[21942] W DRAM[0]
[22042] W DRAM[d6000]
[22045] W DRAM[0]
[22145] W DRAM[d7000]
[22148] W DRAM[0]
[22248] W DRAM[d8000]
[22251] W DRAM[0]
[22351] W DRAM[d9000]
[22354] W DRAM[0]
[22454] W DRAM[da000]
[22457] W DRAM[0]
[22557] W DRAM[db000]
[22560] W DRAM[0]
[22660] W DRAM[dc000]
[22663] W DRAM[0]
[22763] W DRAM[dd000]
[22766] W DRAM[0]
[22866] W DRAM[de000]
[22869] W DRAM[0]
[22969] W DRAM[df000]
[22972] W DRAM[0]
[23072] W DRAM[e0000]
[23075] W DRAM[0]
[23175] W DRAM[e1000]
[23178] W DRAM[0]
[23278] W DRAM[e2000]
[23281] W DRAM[0]
[23381] W DRAM[e3000]
[23384] W DRAM[0]
[23484] W DRAM[e4000]
[23487] W DRAM[0]
[23587] W DRAM[e5000]
[23590] W DRAM[0]
[23690] W DRAM[e6000]
[23693] W DRAM[0]
[23793] W DRAM[e7000]
[23796] W DRAM[0]
[23896] W DRAM[e8000]
[23899] W DRAM[0]
[23999] W DRAM[e9000]
[24002] W DRAM[0]
[24102] W DRAM[ea000]
[24105] W DRAM[0]
[24205] W DRAM[eb000]
[24208] W DRAM[0]
[24308] W DRAM[ec000]
[24311] W DRAM[0]
[24411] W DRAM[ed000]
[24414] W DRAM[0]
[24514] W DRAM[ee000]
[24517] W DRAM[0]
[24617] W DRAM[ef000]
[24620] W DRAM[0]
[24720] W DRAM[f0000]
[24723] W DRAM[0]
[24823] W DRAM[f1000]
[24826] W DRAM[0]
[24926] W DRAM[f2000]
[24929] W DRAM[0]
[25029] W DRAM[f3000]
[25032] W DRAM[0]
[25132] W DRAM[f4000]
[25135] W DRAM[0]
[25235] W DRAM[f5000]
[25238] W DRAM[0]
[25338] W DRAM[f6000]
[25341] W DRAM[0]
[25441] W DRAM[f7000]
[25444] W DRAM[0]
[25544] W DRAM[f8000]
[25547] W DRAM[0]
[25647] W DRAM[f9000]
[25650] W DRAM[0]
[25750] W DRAM[fa000]
[25753] W DRAM[0]
[25853] W DRAM[fb000]
[25856] W DRAM[0]
[25956] W DRAM[fc000]
[25959] W DRAM[0]
[26059] W DRAM[fd000]
[26062] W DRAM[0]
[26162] W DRAM[fe000]
[26165] W DRAM[0]
[26265] W DRAM[ff000]
[26268] W DRAM[0]
[26368] W DRAM[100000]
[26371] W DRAM[0]
[26471] W DRAM[101000]
[26474] W DRAM[0]
[26574] W DRAM[102000]
[26577] W DRAM[0]
[26677] W DRAM[103000]
[26680] W DRAM[0]
[26780] W DRAM[104000]
[26783] W DRAM[0]
[26883] W DRAM[105000]
[26886] W DRAM[0]
[26986] W DRAM[106000]
[26989] W DRAM[0]
[27089] W DRAM[107000]
[27092] W DRAM[0]
[27192] W DRAM[108000]
[27195] W DRAM[0]
[27295] W DRAM[109000]
[27298] W DRAM[0]
[27398] W DRAM[10a000]
[27401] W DRAM[0]
[27501] W DRAM[10b000]
[27504] W DRAM[0]
[27604] W DRAM[10c000]
[27607] W DRAM[0]
[27707] W DRAM[10d000]
[27710] W DRAM[0]
[27810] W DRAM[10e000]
[27813] W DRAM[0]
[27913] W DRAM[10f000]
[27916] W DRAM[0]
[28016] W DRAM[110000]
[28019] W DRAM[0]
[28119] W DRAM[111000]
[28122] W DRAM[0]
[28222] W DRAM[112000]
[28225] W DRAM[0]
[28325] W DRAM[113000]
[28328] W DRAM[0]
[28428] W DRAM[114000]
[28431] W DRAM[0]
[28531] W DRAM[115000]
[28534] W DRAM[0]
[28634] W DRAM[116000]
[28637] W DRAM[0]
[28737] W DRAM[117000]
[28740] W DRAM[0]
[28840] W DRAM[118000]
[28843] W DRAM[0]
[28943] W DRAM[119000]
[28946] W DRAM[0]
[29046] W DRAM[11a000]
[29049] W DRAM[0]
[29149] W DRAM[11b000]
[29152] W DRAM[0]
[29252] W DRAM[11c000]
[29255] W DRAM[0]
[29355] W DRAM[11d000]
[29358] W DRAM[0]
[29458] W DRAM[11e000]
[29461] W DRAM[0]
[29561] W DRAM[11f000]
[29564] W DRAM[0]
[29664] W DRAM[120000]
[29667] W DRAM[0]
[29767] W DRAM[121000]
[29770] W DRAM[0]
[29870] W DRAM[122000]
[29873] W DRAM[0]
[29973] W DRAM[123000]
[29976] W DRAM[0]
[30076] W DRAM[124000]
[30079] W DRAM[0]
[30179] W DRAM[125000]
[30182] W DRAM[0]
[30282] W DRAM[126000]
[30285] W DRAM[0]
[30385] W DRAM[127000]
[30388] W DRAM[0]
[30488] W DRAM[128000]
[30491] W DRAM[0]
[30591] W DRAM[129000]
[30594] W DRAM[0]
[30694] W DRAM[12a000]
[30697] W DRAM[0]
[30797] W DRAM[12b000]
[30800] W DRAM[0]
[30900] W DRAM[12c000]
[30903] W DRAM[0]
[31003] W DRAM[12d000]
[31006] W DRAM[0]
[31106] W DRAM[12e000]
[31109] W DRAM[0]
[31209] W DRAM[12f000]
[31212] W DRAM[0]
[31312] W DRAM[130000]
[31315] W DRAM[0]
[31415] W DRAM[131000]
[31418] W DRAM[0]
[31518] W DRAM[132000]
[31521] W DRAM[0]
[31621] W DRAM[133000]
[31624] W DRAM[0]
[31724] W DRAM[134000]
[31727] W DRAM[0]
[31827] W DRAM[135000]
[31830] W DRAM[0]
[31930] W DRAM[136000]
[31933] W DRAM[0]
[32033] W DRAM[137000]
[32036] W DRAM[0]
[32136] W DRAM[138000]
[32139] W DRAM[0]
[32239] W DRAM[139000]
[32242] W DRAM[0]
[32342] W DRAM[13a000]
[32345] W DRAM[0]
[32445] W DRAM[13b000]
[32448] W DRAM[0]
[32548] W DRAM[13c000]
[32551] W DRAM[0]
[32651] W DRAM[13d000]
[32654] W DRAM[0]
[32754] W DRAM[13e000]
[32757] W DRAM[0]
[32857] W DRAM[13f000]
[32860] W DRAM[0]
[32960] W DRAM[140000]
[32963] W DRAM[0]
[33063] W DRAM[141000]
[33066] W DRAM[0]
[33166] W DRAM[142000]
[33169] W DRAM[0]
[33269] W DRAM[143000]
[33272] W DRAM[0]
[33372] W DRAM[144000]
[33375] W DRAM[0]
[33475] W DRAM[145000]
[33478] W DRAM[0]
[33578] W DRAM[146000]
[33581] W DRAM[0]
[33681] W DRAM[147000]
[33684] W DRAM[0]
[33784] W DRAM[148000]
[33787] W DRAM[0]
[33887] W DRAM[149000]
[33890] W DRAM[0]
[33990] W DRAM[14a000]
[33993] W DRAM[0]
[34093] W DRAM[14b000]
[34096] W DRAM[0]
[34196] W DRAM[14c000]
[34199] W DRAM[0]
[34299] W DRAM[14d000]
[34302] W DRAM[0]
[34402] W DRAM[14e000]
[34405] W DRAM[0]
[34505] W DRAM[14f000]
[34508] W DRAM[0]
[34608] W DRAM[150000]
[34611] W DRAM[0]
[34711] W DRAM[151000]
[34714] W DRAM[0]
[34814] W DRAM[152000]
[34817] W DRAM[0]
[34917] W DRAM[153000]
[34920] W DRAM[0]
[35020] W DRAM[154000]
[35023] W DRAM[0]
[35123] W DRAM[155000]
[35126] W DRAM[0]
[35226] W DRAM[156000]
[35229] W DRAM[0]
[35329] W DRAM[157000]
[35332] W DRAM[0]
[35432] W DRAM[158000]
[35435] W DRAM[0]
[35535] W DRAM[159000]
[35538] W DRAM[0]
[35638] W DRAM[15a000]
[35641] W DRAM[0]
[35741] W DRAM[15b000]
[35744] W DRAM[0]
[35844] W DRAM[15c000]
[35847] W DRAM[0]
[35947] W DRAM[15d000]
[35950] W DRAM[0]
[36050] W DRAM[15e000]
[36053] W DRAM[0]
[36153] W DRAM[15f000]
[36156] W DRAM[0]
[36256] W DRAM[160000]
[36259] W DRAM[0]
[36359] W DRAM[161000]
[36362] W DRAM[0]
[36462] W DRAM[162000]
[36465] W DRAM[0]
[36565] W DRAM[163000]
[36568] W DRAM[0]
[36668] W DRAM[164000]
[36671] W DRAM[0]
[36771] W DRAM[165000]
[36774] W DRAM[0]
[36874] W DRAM[166000]
[36877] W DRAM[0]
[36977] W DRAM[167000]
[36980] W DRAM[0]
[37080] W DRAM[168000]
[37083] W DRAM[0]
[37183] W DRAM[169000]
[37186] W DRAM[0]
[37286] W DRAM[16a000]
[37289] W DRAM[0]
[37389] W DRAM[16b000]
[37392] W DRAM[0]
[37492] W DRAM[16c000]
[37495] W DRAM[0]
[37595] W DRAM[16d000]
[37598] W DRAM[0]
[37698] W DRAM[16e000]
[37701] W DRAM[0]
[37801] W DRAM[16f000]
[37804] W DRAM[0]
[37904] W DRAM[170000]
[37907] W DRAM[0]
[38007] W DRAM[171000]
[38010] W DRAM[0]
[38110] W DRAM[172000]
[38113] W DRAM[0]
[38213] W DRAM[173000]
[38216] W DRAM[0]
[38316] W DRAM[174000]
[38319] W DRAM[0]
[38419] W DRAM[175000]
[38422] W DRAM[0]
[38522] W DRAM[176000]
[38525] W DRAM[0]
[38625] W DRAM[177000]
[38628] W DRAM[0]
[38728] W DRAM[178000]
[38731] W DRAM[0]
[38831] W DRAM[179000]
[38834] W DRAM[0]
[38934] W DRAM[17a000]
[38937] W DRAM[0]
[39037] W DRAM[17b000]
[39040] W DRAM[0]
[39140] W DRAM[17c000]
[39143] W DRAM[0]
[39243] W DRAM[17d000]
[39246] W DRAM[0]
[39346] W DRAM[17e000]
[39349] W DRAM[0]
[39449] W DRAM[17f000]
[39452] W DRAM[0]
[39552] W DRAM[180000]
[39555] W DRAM[0]
[39655] W DRAM[181000]
[39658] W DRAM[0]
[39758] W DRAM[182000]
[39761] W DRAM[0]
[39861] W DRAM[183000]
[39864] W DRAM[0]
[39964] W DRAM[184000]
[39967] W DRAM[0]
[40067] W DRAM[185000]
[40070] W DRAM[0]
[40170] W DRAM[186000]
[40173] W DRAM[0]
[40273] W DRAM[187000]
[40276] W DRAM[0]
[40376] W DRAM[188000]
[40379] W DRAM[0]
[40479] W DRAM[189000]
[40482] W DRAM[0]
[40582] W DRAM[18a000]
[40585] W DRAM[0]
[40685] W DRAM[18b000]
[40688] W DRAM[0]
[40788] W DRAM[18c000]
[40791] W DRAM[0]
[40891] W DRAM[18d000]
[40894] W DRAM[0]
[40994] W DRAM[18e000]
[40997] W DRAM[0]
[41097] W DRAM[18f000]
[41100] W DRAM[0]
[41200] W DRAM[190000]
[41203] W DRAM[0]
[41303] W DRAM[191000]
[41306] W DRAM[0]
[41406] W DRAM[192000]
[41409] W DRAM[0]
[41509] W DRAM[193000]
[41512] W DRAM[0]
[41612] W DRAM[194000]
[41615] W DRAM[0]
[41715] W DRAM[195000]
[41718] W DRAM[0]
[41818] W DRAM[196000]
[41821] W DRAM[0]
[41921] W DRAM[197000]
[41924] W DRAM[0]
[42024] W DRAM[198000]
[42027] W DRAM[0]
[42127] W DRAM[199000]
[42130] W DRAM[0]
[42230] W DRAM[19a000]
[42233] W DRAM[0]
[42333] W DRAM[19b000]
[42336] W DRAM[0]
[42436] W DRAM[19c000]
[42439] W DRAM[0]
[42539] W DRAM[19d000]
[42542] W DRAM[0]
[42642] W DRAM[19e000]
[42645] W DRAM[0]
[42745] W DRAM[19f000]
[42748] W DRAM[0]
[42848] W DRAM[1a0000]
[42851] W DRAM[0]
[42951] W DRAM[1a1000]
[42954] W DRAM[0]
[43054] W DRAM[1a2000]
[43057] W DRAM[0]
[43157] W DRAM[1a3000]
[43160] W DRAM[0]
[43260] W DRAM[1a4000]
[43263] W DRAM[0]
[43363] W DRAM[1a5000]
[43366] W DRAM[0]
[43466] W DRAM[1a6000]
[43469] W DRAM[0]
[43569] W DRAM[1a7000]
[43572] W DRAM[0]
[43672] W DRAM[1a8000]
[43675] W DRAM[0]
[43775] W DRAM[1a9000]
[43778] W DRAM[0]
[43878] W DRAM[1aa000]
[43881] W DRAM[0]
[43981] W DRAM[1ab000]
[43984] W DRAM[0]
[44084] W DRAM[1ac000]
[44087] W DRAM[0]
[44187] W DRAM[1ad000]
[44190] W DRAM[0]
[44290] W DRAM[1ae000]
[44293] W DRAM[0]
[44393] W DRAM[1af000]
[44396] W DRAM[0]
[44496] W DRAM[1b0000]
[44499] W DRAM[0]
[44599] W DRAM[1b1000]
[44602] W DRAM[0]
[44702] W DRAM[1b2000]
[44705] W DRAM[0]
[44805] W DRAM[1b3000]
[44808] W DRAM[0]
[44908] W DRAM[1b4000]
[44911] W DRAM[0]
[45011] W DRAM[1b5000]
[45014] W DRAM[0]
[45114] W DRAM[1b6000]
[45117] W DRAM[0]
[45217] W DRAM[1b7000]
[45220] W DRAM[0]
[45320] W DRAM[1b8000]
[45323] W DRAM[0]
[45423] W DRAM[1b9000]
[45426] W DRAM[0]
[45526] W DRAM[1ba000]
[45529] W DRAM[0]
[45629] W DRAM[1bb000]
[45632] W DRAM[0]
[45732] W DRAM[1bc000]
[45735] W DRAM[0]
[45835] W DRAM[1bd000]
[45838] W DRAM[0]
[45938] W DRAM[1be000]
[45941] W DRAM[0]
[46041] W DRAM[1bf000]
[46044] W DRAM[0]
[46144] W DRAM[1c0000]
[46147] W DRAM[0]
[46247] W DRAM[1c1000]
[46250] W DRAM[0]
[46350] W DRAM[1c2000]
[46353] W DRAM[0]
[46453] W DRAM[1c3000]
[46456] W DRAM[0]
[46556] W DRAM[1c4000]
[46559] W DRAM[0]
[46659] W DRAM[1c5000]
[46662] W DRAM[0]
[46762] W DRAM[1c6000]
[46765] W DRAM[0]
[46865] W DRAM[1c7000]
[46868] W DRAM[0]
[46968] W DRAM[1c8000]
[46971] W DRAM[0]
[47071] W DRAM[1c9000]
[47074] W DRAM[0]
[47174] W DRAM[1ca000]
[47177] W DRAM[0]
[47277] W DRAM[1cb000]
[47280] W DRAM[0]
[47380] W DRAM[1cc000]
[47383] W DRAM[0]
[47483] W DRAM[1cd000]
[47486] W DRAM[0]
[47586] W DRAM[1ce000]
[47589] W DRAM[0]
[47689] W DRAM[1cf000]
[47692] W DRAM[0]
[47792] W DRAM[1d0000]
[47795] W DRAM[0]
[47895] W DRAM[1d1000]
[47898] W DRAM[0]
[47998] W DRAM[1d2000]
[48001] W DRAM[0]
[48101] W DRAM[1d3000]
[48104] W DRAM[0]
[48204] W DRAM[1d4000]
[48207] W DRAM[0]
[48307] W DRAM[1d5000]
[48310] W DRAM[0]
[48410] W DRAM[1d6000]
[48413] W DRAM[0]
[48513] W DRAM[1d7000]
[48516] W DRAM[0]
[48616] W DRAM[1d8000]
[48619] W DRAM[0]
[48719] W DRAM[1d9000]
[48722] W DRAM[0]
[48822] W DRAM[1da000]
[48825] W DRAM[0]
[48925] W DRAM[1db000]
[48928] W DRAM[0]
[49028] W DRAM[1dc000]
[49031] W DRAM[0]
[49131] W DRAM[1dd000]
[49134] W DRAM[0]
[49234] W DRAM[1de000]
[49237] W DRAM[0]
[49337] W DRAM[1df000]
[49340] W DRAM[0]
[49440] W DRAM[1e0000]
[49443] W DRAM[0]
[49543] W DRAM[1e1000]
[49546] W DRAM[0]
[49646] W DRAM[1e2000]
[49649] W DRAM[0]
[49749] W DRAM[1e3000]
[49752] W DRAM[0]
[49852] W DRAM[1e4000]
[49855] W DRAM[0]
[49955] W DRAM[1e5000]
[49958] W DRAM[0]
[50058] W DRAM[1e6000]
[50061] W DRAM[0]
[50161] W DRAM[1e7000]
[50164] W DRAM[0]
[50264] W DRAM[1e8000]
[50267] W DRAM[0]
[50367] W DRAM[1e9000]
[50370] W DRAM[0]
[50470] W DRAM[1ea000]
[50473] W DRAM[0]
[50573] W DRAM[1eb000]
[50576] W DRAM[0]
[50676] W DRAM[1ec000]
[50679] W DRAM[0]
[50779] W DRAM[1ed000]
[50782] W DRAM[0]
[50882] W DRAM[1ee000]
[50885] W DRAM[0]
[50985] W DRAM[1ef000]
[50988] W DRAM[0]
[51088] W DRAM[1f0000]
[51091] W DRAM[0]
[51191] W DRAM[1f1000]
[51194] W DRAM[0]
[51294] W DRAM[1f2000]
[51297] W DRAM[0]
[51397] W DRAM[1f3000]
[51400] W DRAM[0]
[51500] W DRAM[1f4000]
[51503] W DRAM[0]
[51603] W DRAM[1f5000]
[51606] W DRAM[0]
[51706] W DRAM[1f6000]
[51709] W DRAM[0]
[51809] W DRAM[1f7000]
[51812] W DRAM[0]
[51912] W DRAM[1f8000]
[51915] W DRAM[0]
[52015] W DRAM[1f9000]
[52018] W DRAM[0]
[52118] W DRAM[1fa000]
[52121] W DRAM[0]
[52221] W DRAM[1fb000]
[52224] W DRAM[0]
[52324] W DRAM[1fc000]
[52327] W DRAM[0]
[52427] W DRAM[1fd000]
[52430] W DRAM[0]
[52530] W DRAM[1fe000]
[52533] W DRAM[0]
[52633] W DRAM[1ff000]
[52636] W DRAM[0]
[52736] W DRAM[200000]
[52739] W DRAM[0]
[52839] W DRAM[1000]
[52939] W DRAM[201000]
[52942] W DRAM[0]
[53042] W DRAM[2000]
[53142] W DRAM[202000]
[53145] W DRAM[0]
[53245] W DRAM[3000]
[53345] W DRAM[203000]
[53348] W DRAM[0]
[53448] W DRAM[4000]
[53548] W DRAM[204000]
[53551] W DRAM[0]
[53651] W DRAM[5000]
[53751] W DRAM[205000]
[53754] W DRAM[0]
[53854] W DRAM[6000]
[53954] W DRAM[206000]
[53957] W DRAM[0]
[54057] W DRAM[7000]
[54157] W DRAM[207000]
[54160] W DRAM[0]
[54260] W DRAM[8000]
[54360] W DRAM[208000]
[54363] R DRAM[0]
[54463] W DRAM[9000]
[54563] R DRAM[1000]
[54566] R DRAM[12000]
[54569] R DRAM[23000]
[54572] R DRAM[34000]
[54575] R DRAM[45000]
[54578] R DRAM[56000]
[54581] R DRAM[67000]
[54584] R DRAM[78000]
[54587] R DRAM[89000]
[54590] R DRAM[9a000]
[54593] R DRAM[ab000]
[54596] R DRAM[bc000]
[54599] R DRAM[cd000]
[54602] R DRAM[de000]
[54605] R DRAM[ef000]
[54608] R DRAM[100000]
[54611] R DRAM[111000]
[54614] R DRAM[122000]
[54617] R DRAM[133000]
[54620] R DRAM[144000]
[54623] R DRAM[155000]
[54626] R DRAM[166000]
[54629] R DRAM[177000]
[54632] R DRAM[188000]
[54635] R DRAM[199000]
[54638] R DRAM[1aa000]
[54641] R DRAM[1bb000]
[54644] R DRAM[1cc000]
[54647] R DRAM[1dd000]
[54650] R DRAM[1ee000]
[54653] R DRAM[1ff000]
Elapsed: 54653 ns
Total instructions executed: 551
Total page faults: 520
Total page evictions: 0
Total TLB L1 hits: 0 (0.00%)
Total TLB L2 hits: 30 (5.44%)
Total TLB L1 invalidations: 0
Total TLB L2 invalidations: 0
