[3] W DRAM[0]
[103] W DRAM[1000]
[106] W DRAM[0]
[206] W DRAM[2000]
[209] W DRAM[0]
[309] W DRAM[3000]
[312] W DRAM[0]
[412] W DRAM[4000]
[415] W DRAM[0]
[515] W DRAM[5000]
[518] W DRAM[0]
[618] W DRAM[6000]
[621] W DRAM[0]
[721] W DRAM[7000]
[724] W DRAM[0]
[824] W DRAM[8000]
[827] W DRAM[0]
[927] W DRAM[9000]
[930] W DRAM[0]
[1030] W DRAM[a000]
[1033] W DRAM[0]
[1133] W DRAM[b000]
[1136] W DRAM[0]
[1236] W DRAM[c000]
[1239] W DRAM[0]
[1339] W DRAM[d000]
[1342] W DRAM[0]
[1442] W DRAM[e000]
[1445] W DRAM[0]
[1545] W DRAM[f000]
[1548] W DRAM[0]
[1648] W DRAM[10000]
[1651] W DRAM[0]
[1751] W DRAM[11000]
[1754] W DRAM[0]
[1854] W DRAM[12000]
[1857] W DRAM[0]
[1957] W DRAM[13000]
[1960] W DRAM[0]
[2060] W DRAM[14000]
[2063] W DRAM[0]
[2163] W DRAM[15000]
[2166] W DRAM[0]
[2266] W DRAM[16000]
[2269] W DRAM[0]
[2369] W DRAM[17000]
[2372] W DRAM[0]
[2472] W DRAM[18000]
[2475] W DRAM[0]
[2575] W DRAM[19000]
[2578] W DRAM[0]
[2678] W DRAM[1a000]
[2681] W DRAM[0]
[2781] W DRAM[1b000]
[2784] W DRAM[0]
[2884] W DRAM[1c000]
[2887] W DRAM[0]
[2987] W DRAM[1d000]
[2990] W DRAM[0]
[3090] W DRAM[1e000]
[3093] W DRAM[0]
[3193] W DRAM[1f000]
[3196] W DRAM[0]
[3296] W DRAM[20000]
[3299] W DRAM[0]
[3399] W DRAM[21000]
[3402] W DRAM[0]
[3502] W DRAM[22000]
[3505] W DRAM[0]
[3605] W DRAM[23000]
[3608] W DRAM[0]
[3708] W DRAM[24000]
[3711] W DRAM[0]
[3811] W DRAM[25000]
[3814] W DRAM[0]
[3914] W DRAM[26000]
[3917] W DRAM[0]
[4017] W DRAM[27000]
[4020] W DRAM[0]
[4120] W DRAM[28000]
[4123] W DRAM[0]
[4223] W DRAM[29000]
[4226] W DRAM[0]
[4326] W DRAM[2a000]
[4329] W DRAM[0]
[4429] W DRAM[2b000]
[4432] W DRAM[0]
[4532] W DRAM[2c000]
[4535] W DRAM[0]
[4635] W DRAM[2d000]
[4638] W DRAM[0]
[4738] W DRAM[2e000]
[4741] W DRAM[0]
[4841] W DRAM[2f000]
[4844] W DRAM[0]
[4944] W DRAM[30000]
[4947] W DRAM[0]
[5047] W DRAM[31000]
[5050] W DRAM[0]
[5150] W DRAM[32000]
[5153] W DRAM[0]
[5253] W DRAM[33000]
[5256] W DRAM[0]
[5356] W DRAM[34000]
[5359] W DRAM[0]
[5459] W DRAM[35000]
[5462] W DRAM[0]
[5562] W DRAM[36000]
[5565] W DRAM[0]
[5665] W DRAM[37000]
[5668] W DRAM[0]
[5768] W DRAM[38000]
[5771] W DRAM[0]
[5871] W DRAM[39000]
[5874] W DRAM[0]
[5974] W DRAM[3a000]
[5977] W DRAM[0]
[6077] W DRAM[3b000]
[6080] W DRAM[0]
[6180] W DRAM[3c000]
[6183] W DRAM[0]
[6283] W DRAM[3d000]
[6286] W DRAM[0]
[6386] W DRAM[3e000]
[6389] W DRAM[0]
[6489] W DRAM[3f000]
[6492] W DRAM[0]
[6592] W DRAM[40000]
[6595] W DRAM[0]
[6695] W DRAM[41000]
[6698] W DRAM[0]
[6798] W DRAM[42000]
[6801] W DRAM[0]
[6901] W DRAM[43000]
[6904] W DRAM[0]
[7004] W DRAM[44000]
[7007] W DRAM[0]
[7107] W DRAM[45000]
[7110] W DRAM[0]
[7210] W DRAM[46000]
[7213] W DRAM[0]
[7313] W DRAM[47000]
[7316] W DRAM[0]
[7416] W DRAM[48000]
[7419] W DRAM[0]
[7519] W DRAM[49000]
[7522] W DRAM[0]
[7622] W DRAM[4a000]
[7625] W DRAM[0]
[7725] W DRAM[4b000]
[7728] W DRAM[0]
[7828] W DRAM[4c000]
[7831] W DRAM[0]
[7931] W DRAM[4d000]
[7934] W DRAM[0]
[8034] W DRAM[4e000]
[8037] W DRAM[0]
[8137] W DRAM[4f000]
[8140] W DRAM[0]
[8240] W DRAM[50000]
[8243] W DRAM[0]
[8343] W DRAM[51000]
[8346] W DRAM[0]
[8446] W DRAM[52000]
[8449] W DRAM[0]
[8549] W DRAM[53000]
[8552] W DRAM[0]
[8652] W DRAM[54000]
[8655] W DRAM[0]
[8755] W DRAM[55000]
[8758] W DRAM[0]
[8858] W DRAM[56000]
[8861] W DRAM[0]
[8961] W DRAM[57000]
[8964] W DRAM[0]
[9064] W DRAM[58000]
[9067] W DRAM[0]
[9167] W DRAM[59000]
[9170] W DRAM[0]
[9270] W DRAM[5a000]
[9273] W DRAM[0]
[9373] W DRAM[5b000]
[9376] W DRAM[0]
[9476] W DRAM[5c000]
[9479] W DRAM[0]
[9579] W DRAM[5d000]
[9582] W DRAM[0]
[9682] W DRAM[5e000]
[9685] W DRAM[0]
[9785] W DRAM[5f000]
[9788] W DRAM[0]
[9888] W DRAM[60000]
[9891] W DRAM[0]
[9991] W DRAM[61000]
[9994] W DRAM[0]
[10094] W DRAM[62000]
[10097] W DRAM[0]
[10197] W DRAM[63000]
[10200] W DRAM[0]
[10300] W DRAM[64000]
[10303] W DRAM[0]
[10403] W DRAM[65000]
[10406] W DRAM[0]
[10506] W DRAM[66000]
[10509] W DRAM[0]
[10609] W DRAM[67000]
[10612] W DRAM[0]
[10712] W DRAM[68000]
[10715] W DRAM[0]
[10815] W DRAM[69000]
[10818] W DRAM[0]
[10918] W DRAM[6a000]
[10921] W DRAM[0]
[11021] W DRAM[6b000]
[11024] W DRAM[0]
[11124] W DRAM[6c000]
[11127] W DRAM[0]
[11227] W DRAM[6d000]
[11230] W DRAM[0]
[11330] W DRAM[6e000]
[11333] W DRAM[0]
[11433] W DRAM[6f000]
[11436] W DRAM[0]
[11536] W DRAM[70000]
[11539] W DRAM[0]
[11639] W DRAM[71000]
[11642] W DRAM[0]
[11742] W DRAM[72000]
[11745] W DRAM[0]
[11845] W DRAM[73000]
[11848] W DRAM[0]
[11948] W DRAM[74000]
[11951] W DRAM[0]
[12051] W DRAM[75000]
[12054] W DRAM[0]
[12154] W DRAM[76000]
[12157] W DRAM[0]
[12257] W DRAM[77000]
[12260] W DRAM[0]
[12360] W DRAM[78000]
[12363] W DRAM[0]
[12463] W DRAM[79000]
[12466] W DRAM[0]
[12566] W DRAM[7a000]
[12569] W DRAM[0]
[12669] W DRAM[7b000]
[12672] W DRAM[0]
[12772] W DRAM[7c000]
[12775] W DRAM[0]
[12875] W DRAM[7d000]
[12878] W DRAM[0]
[12978] W DRAM[7e000]
[12981] W DRAM[0]
[13081] W DRAM[7f000]
[13084] W DRAM[0]
[13184] W DRAM[80000]
[13187] W DRAM[0]
[13287] W DRAM[81000]
[13290] W DRAM[0]
[13390] W DRAM[82000]
[13393] W DRAM[0]
[13493] W DRAM[83000]
[13496] W DRAM[0]
[13596] W DRAM[84000]
[13599] W DRAM[0]
[13699] W DRAM[85000]
[13702] W DRAM[0]
[13802] W DRAM[86000]
[13805] W DRAM[0]
[13905] W DRAM[87000]
[13908] W DRAM[0]
[14008] W DRAM[88000]
[14011] W DRAM[0]
[14111] W DRAM[89000]
[14114] W DRAM[0]
[14214] W DRAM[8a000]
[14217] W DRAM[0]
[14317] W DRAM[8b000]
[14320] W DRAM[0]
[14420] W DRAM[8c000]
[14423] W DRAM[0]
[14523] W DRAM[8d000]
[14526] W DRAM[0]
[14626] W DRAM[8e000]
[14629] W DRAM[0]
[14729] W DRAM[8f000]
[14732] W DRAM[0]
[14832] W DRAM[90000]
[14835] W DRAM[0]
[14935] W DRAM[91000]
[14938] W DRAM[0]
[15038] W DRAM[92000]
[15041] W DRAM[0]
[15141] W DRAM[93000]
[15144] W DRAM[0]
[15244] W DRAM[94000]
[15247] W DRAM[0]
[15347] W DRAM[95000]
[15350] W DRAM[0]
[15450] W DRAM[96000]
[15453] W DRAM[0]
[15553] W DRAM[97000]
[15556] W DRAM[0]
[15656] W DRAM[98000]
[15659] W DRAM[0]
[15759] W DRAM[99000]
[15762] W DRAM[0]
[15862] W DRAM[9a000]
[15865] W DRAM[0]
[15965] W DRAM[9b000]
[15968] W DRAM[0]
[16068] W DRAM[9c000]
[16071] W DRAM[0]
[16171] W DRAM[9d000]
[16174] W DRAM[0]
[16274] W DRAM[9e000]
[16277] W DRAM[0]
[16377] W DRAM[9f000]
[16380] W DRAM[0]
[16480] W DRAM[a0000]
[16483] W DRAM[0]
[16583] W DRAM[a1000]
[16586] W DRAM[0]
[16686] W DRAM[a2000]
[16689] W DRAM[0]
[16789] W DRAM[a3000]
[16792] W DRAM[0]
[16892] W DRAM[a4000]
[16895] W DRAM[0]
[16995] W DRAM[a5000]
[16998] W DRAM[0]
[17098] W DRAM[a6000]
[17101] W DRAM[0]
[17201] W DRAM[a7000]
[17204] W DRAM[0]
[17304] W DRAM[a8000]
[17307] W DRAM[0]
[17407] W DRAM[a9000]
[17410] W DRAM[0]
[17510] W DRAM[aa000]
[17513] W DRAM[0]
[17613] W DRAM[ab000]
[17616] W DRAM[0]
[17716] W DRAM[ac000]
[17719] W DRAM[0]
[17819] W DRAM[ad000]
[17822] W DRAM[0]
[17922] W DRAM[ae000]
[17925] W DRAM[0]
[18025] W DRAM[af000]
[18028] W DRAM[0]
[18128] W DRAM[b0000]
[18131] W DRAM[0]
[18231] W DRAM[b1000]
[18234] W DRAM[0]
[18334] W DRAM[b2000]
[18337] W DRAM[0]
[18437] W DRAM[b3000]
[18440] W DRAM[0]
[18540] W DRAM[b4000]
[18543] W DRAM[0]
[18643] W DRAM[b5000]
[18646] W DRAM[0]
[18746] W DRAM[b6000]
[18749] W DRAM[0]
[18849] W DRAM[b7000]
[18852] W DRAM[0]
[18952] W DRAM[b8000]
[18955] W DRAM[0]
[19055] W DRAM[b9000]
[19058] W DRAM[0]
[19158] W DRAM[ba000]
[19161] W DRAM[0]
[19261] W DRAM[bb000]
[19264] W DRAM[0]
[19364] W DRAM[bc000]
[19367] W DRAM[0]
[19467] W DRAM[bd000]
[19470] W DRAM[0]
[19570] W DRAM[be000]
[19573] W DRAM[0]
[19673] W DRAM[bf000]
[19676] W DRAM[0]
[19776] W DRAM[c0000]
[19779] W DRAM[0]
[19879] W DRAM[c1000]
[19882] W DRAM[0]
[19982] W DRAM[c2000]
[19985] W DRAM[0]
[20085] W DRAM[c3000]
[20088] W DRAM[0]
[20188] W DRAM[c4000]
[20191] W DRAM[0]
[20291] W DRAM[c5000]
[20294] W DRAM[0]
[20394] W DRAM[c6000]
[20397] W DRAM[0]
[20497] W DRAM[c7000]
[20500] W DRAM[0]
[20600] W DRAM[c8000]
[20603] W DRAM[0]
[20703] W DRAM[c9000]
[20706] W DRAM[0]
[20806] W DRAM[ca000]
[20809] W DRAM[0]
[20909] W DRAM[cb000]
[20912] W DRAM[0]
[21012] W DRAM[cc000]
[21015] W DRAM[0]
[21115] W DRAM[cd000]
[21118] W DRAM[0]
[21218] W DRAM[ce000]
[21221] W DRAM[0]
[21321] W DRAM[cf000]
[21324] W DRAM[0]
[21424] W DRAM[d0000]
[21427] W DRAM[0]
[21527] W DRAM[d1000]
[21530] W DRAM[0]
[21630] W DRAM[d2000]
[21633] W DRAM[0]
[21733] W DRAM[d3000]
[21736] W DRAM[0]
[21836] W DRAM[d4000]
[21839] W DRAM[0]
[21939] W DRAM[d5000]
[21942] W DRAM[0]
[22042] W DRAM[d6000]
[22045] W DRAM[0]
[22145] W DRAM[d7000]
[22148] W DRAM[0]
[22248] W DRAM[d8000]
[22251] W DRAM[0]
[22351] W DRAM[d9000]
[22354] W DRAM[0]
[22454] W DRAM[da000]
[22457] W DRAM[0]
[22557] W DRAM[db000]
[22560] W DRAM[0]
[22660] W DRAM[dc000]
[22663] W DRAM[0]
[22763] W DRAM[dd000]
[22766] W DRAM[0]
[22866] W DRAM[de000]
[22869] W DRAM[0]
[22969] W DRAM[df000]
[22972] W DRAM[0]
[23072] W DRAM[e0000]
[23075] W DRAM[0]
[23175] W DRAM[e1000]
[23178] W DRAM[0]
[23278] W DRAM[e2000]
[23281] W DRAM[0]
[23381] W DRAM[e3000]
[23384] W DRAM[0]
[23484] W DRAM[e4000]
[23487] W DRAM[0]
[23587] W DRAM[e5000]
[23590] W DRAM[0]
[23690] W DRAM[e6000]
[23693] W DRAM[0]
[23793] W DRAM[e7000]
[23796] W DRAM[0]
[23896] W DRAM[e8000]
[23899] W DRAM[0]
[23999] W DRAM[e9000]
[24002] W DRAM[0]
[24102] W DRAM[ea000]
[24105] W DRAM[0]
[24205] W DRAM[eb000]
[24208] W DRAM[0]
[24308] W DRAM[ec000]
[24311] W DRAM[0]
[24411] W DRAM[ed000]
[24414] W DRAM[0]
[24514] W DRAM[ee000]
[24517] W DRAM[0]
[24617] W DRAM[ef000]
[24620] W DRAM[0]
[24720] W DRAM[f0000]
[24723] W DRAM[0]
[24823] W DRAM[f1000]
[24826] W DRAM[0]
[24926] W DRAM[f2000]
[24929] W DRAM[0]
[25029] W DRAM[f3000]
[25032] W DRAM[0]
[25132] W DRAM[f4000]
[25135] W DRAM[0]
[25235] W DRAM[f5000]
[25238] W DRAM[0]
[25338] W DRAM[f6000]
[25341] W DRAM[0]
[25441] W DRAM[f7000]
[25444] W DRAM[0]
[25544] W DRAM[f8000]
[25547] W DRAM[0]
[25647] W DRAM[f9000]
[25650] W DRAM[0]
[25750] W DRAM[fa000]
[25753] W DRAM[0]
[25853] W DRAM[fb000]
[25856] W DRAM[0]
[25956] W DRAM[fc000]
[25959] W DRAM[0]
[26059] W DRAM[fd000]
[26062] W DRAM[0]
[26162] W DRAM[fe000]
[26165] W DRAM[0]
[26265] W DRAM[ff000]
[26268] W DRAM[0]
[26368] W DRAM[100000]
[26371] W DRAM[0]
[26471] W DRAM[101000]
[26474] W DRAM[0]
[26574] W DRAM[102000]
[26577] W DRAM[0]
[26677] W DRAM[103000]
[26680] W DRAM[0]
[26780] W DRAM[104000]
[26783] W DRAM[0]
[26883] W DRAM[105000]
[26886] W DRAM[0]
[26986] W DRAM[106000]
[26989] W DRAM[0]
[27089] W DRAM[107000]
[27092] W DRAM[0]
[27192] W DRAM[108000]
[27195] W DRAM[0]
[27295] W DRAM[109000]
[27298] W DRAM[0]
[27398] W DRAM[10a000]
[27401] W DRAM[0]
[27501] W DRAM[10b000]
[27504] W DRAM[0]
[27604] W DRAM[10c000]
[27607] W DRAM[0]
[27707] W DRAM[10d000]
[27710] W DRAM[0]
[27810] W DRAM[10e000]
[27813] W DRAM[0]
[27913] W DRAM[10f000]
[27916] W DRAM[0]
[28016] W DRAM[110000]
[28019] W DRAM[0]
[28119] W DRAM[111000]
[28122] W DRAM[0]
[28222] W DRAM[112000]
[28225] W DRAM[0]
[28325] W DRAM[113000]
[28328] W DRAM[0]
[28428] W DRAM[114000]
[28431] W DRAM[0]
[28531] W DRAM[115000]
[28534] W DRAM[0]
[28634] W DRAM[116000]
[28637] W DRAM[0]
[28737] W DRAM[117000]
[28740] W DRAM[0]
[28840] W DRAM[118000]
[28843] W DRAM[0]
[28943] W DRAM[119000]
[28946] W DRAM[0]
[29046] W DRAM[11a000]
[29049] W DRAM[0]
[29149] W DRAM[11b000]
[29152] W DRAM[0]
[29252] W DRAM[11c000]
[29255] W DRAM[0]
[29355] W DRAM[11d000]
[29358] W DRAM[0]
[29458] W DRAM[11e000]
[29461] W DRAM[0]
[29561] W DRAM[11f000]
[29564] W DRAM[0]
[29664] W DRAM[120000]
[29667] W DRAM[0]
[29767] W DRAM[121000]
[29770] W DRAM[0]
[29870] W DRAM[122000]
[29873] W DRAM[0]
[29973] W DRAM[123000]
[29976] W DRAM[0]
[30076] W DRAM[124000]
[30079] W DRAM[0]
[30179] W DRAM[125000]
[30182] W DRAM[0]
[30282] W DRAM[126000]
[30285] W DRAM[0]
[30385] W DRAM[127000]
[30388] W DRAM[0]
[30488] W DRAM[128000]
[30491] W DRAM[0]
[30591] W DRAM[129000]
[30594] W DRAM[0]
[30694] W DRAM[12a000]
[30697] W DRAM[0]
[30797] W DRAM[12b000]
[30800] W DRAM[0]
[30900] W DRAM[12c000]
[30903] W DRAM[0]
[31003] W DRAM[12d000]
[31006] W DRAM[0]
[31106] W DRAM[12e000]
[31109] W DRAM[0]
[31209] W DRAM[12f000]
[31212] W DRAM[0]
[31312] W DRAM[130000]
[31315] W DRAM[0]
[31415] W DRAM[131000]
[31418] W DRAM[0]
[31518] W DRAM[132000]
[31521] W DRAM[0]
[31621] W DRAM[133000]
[31624] W DRAM[0]
[31724] W DRAM[134000]
[31727] W DRAM[0]
[31827] W DRAM[135000]
[31830] W DRAM[0]
[31930] W DRAM[136000]
[31933] W DRAM[0]
[32033] W DRAM[137000]
[32036] W DRAM[0]
[32136] W DRAM[138000]
[32139] W DRAM[0]
[32239] W DRAM[139000]
[32242] W DRAM[0]
[32342] W DRAM[13a000]
[32345] W DRAM[0]
[32445] W DRAM[13b000]
[32448] W DRAM[0]
[32548] W DRAM[13c000]
[32551] W DRAM[0]
[32651] W DRAM[13d000]
[32654] W DRAM[0]
[32754] W DRAM[13e000]
[32757] W DRAM[0]
[32857] W DRAM[13f000]
[32860] W DRAM[0]
[32960] W DRAM[140000]
[32963] W DRAM[0]
[33063] W DRAM[141000]
[33066] W DRAM[0]
[33166] W DRAM[142000]
[33169] W DRAM[0]
[33269] W DRAM[143000]
[33272] W DRAM[0]
[33372] W DRAM[144000]
[33375] W DRAM[0]
[33475] W DRAM[145000]
[33478] W DRAM[0]
[33578] W DRAM[146000]
[33581] W DRAM[0]
[33681] W DRAM[147000]
[33684] W DRAM[0]
[33784] W DRAM[148000]
[33787] W DRAM[0]
[33887] W DRAM[149000]
[33890] W DRAM[0]
[33990] W DRAM[14a000]
[33993] W DRAM[0]
[34093] W DRAM[14b000]
[34096] W DRAM[0]
[34196] W DRAM[14c000]
[34199] W DRAM[0]
[34299] W DRAM[14d000]
[34302] W DRAM[0]
[34402] W DRAM[14e000]
[34405] W DRAM[0]
[34505] W DRAM[14f000]
[34508] W DRAM[0]
[34608] W DRAM[150000]
[34611] W DRAM[0]
[34711] W DRAM[151000]
[34714] W DRAM[0]
[34814] W DRAM[152000]
[34817] W DRAM[0]
[34917] W DRAM[153000]
[34920] W DRAM[0]
[35020] W DRAM[154000]
[35023] W DRAM[0]
[35123] W DRAM[155000]
[35126] W DRAM[0]
[35226] W DRAM[156000]
[35229] W DRAM[0]
[35329] W DRAM[157000]
[35332] W DRAM[0]
[35432] W DRAM[158000]
[35435] W DRAM[0]
[35535] W DRAM[159000]
[35538] W DRAM[0]
[35638] W DRAM[15a000]
[35641] W DRAM[0]
[35741] W DRAM[15b000]
[35744] W DRAM[0]
[35844] W DRAM[15c000]
[35847] W DRAM[0]
[35947] W DRAM[15d000]
[35950] W DRAM[0]
[36050] W DRAM[15e000]
[36053] W DRAM[0]
[36153] W DRAM[15f000]
[36156] W DRAM[0]
[36256] W DRAM[160000]
[36259] W DRAM[0]
[36359] W DRAM[161000]
[36362] W DRAM[0]
[36462] W DRAM[162000]
[36465] W DRAM[0]
[36565] W DRAM[163000]
[36568] W DRAM[0]
[36668] W DRAM[164000]
[36671] W DRAM[0]
[36771] W DRAM[165000]
[36774] W DRAM[0]
[36874] W DRAM[166000]
[36877] W DRAM[0]
[36977] W DRAM[167000]
[36980] W DRAM[0]
[37080] W DRAM[168000]
[37083] W DRAM[0]
[37183] W DRAM[169000]
[37186] W DRAM[0]
[37286] W DRAM[16a000]
[37289] W DRAM[0]
[37389] W DRAM[16b000]
[37392] W DRAM[0]
[37492] W DRAM[16c000]
[37495] W DRAM[0]
[37595] W DRAM[16d000]
[37598] W DRAM[0]
[37698] W DRAM[16e000]
[37701] W DRAM[0]
[37801] W DRAM[16f000]
[37804] W DRAM[0]
[37904] W DRAM[170000]
[37907] W DRAM[0]
[38007] W DRAM[171000]
[38010] W DRAM[0]
[38110] W DRAM[172000]
[38113] W DRAM[0]
[38213] W DRAM[173000]
[38216] W DRAM[0]
[38316] W DRAM[174000]
[38319] W DRAM[0]
[38419] W DRAM[175000]
[38422] W DRAM[0]
[38522] W DRAM[176000]
[38525] W DRAM[0]
[38625] W DRAM[177000]
[38628] W DRAM[0]
[38728] W DRAM[178000]
[38731] W DRAM[0]
[38831] W DRAM[179000]
[38834] W DRAM[0]
[38934] W DRAM[17a000]
[38937] W DRAM[0]
[39037] W DRAM[17b000]
[39040] W DRAM[0]
[39140] W DRAM[17c000]
[39143] W DRAM[0]
[39243] W DRAM[17d000]
[39246] W DRAM[0]
[39346] W DRAM[17e000]
[39349] W DRAM[0]
[39449] W DRAM[17f000]
[39452] W DRAM[0]
[39552] W DRAM[180000]
[39555] W DRAM[0]
[39655] W DRAM[181000]
[39658] W DRAM[0]
[39758] W DRAM[182000]
[39761] W DRAM[0]
[39861] W DRAM[183000]
[39864] W DRAM[0]
[39964] W DRAM[184000]
[39967] W DRAM[0]
[40067] W DRAM[185000]
[40070] W DRAM[0]
[40170] W DRAM[186000]
[40173] W DRAM[0]
[40273] W DRAM[187000]
[40276] W DRAM[0]
[40376] W DRAM[188000]
[40379] W DRAM[0]
[40479] W DRAM[189000]
[40482] W DRAM[0]
[40582] W DRAM[18a000]
[40585] W DRAM[0]
[40685] W DRAM[18b000]
[40688] W DRAM[0]
[40788] W DRAM[18c000]
[40791] W DRAM[0]
[40891] W DRAM[18d000]
[40894] W DRAM[0]
[40994] W DRAM[18e000]
[40997] W DRAM[0]
[41097] W DRAM[18f000]
[41100] W DRAM[0]
[41200] W DRAM[190000]
[41203] W DRAM[0]
[41303] W DRAM[191000]
[41306] W DRAM[0]
[41406] W DRAM[192000]
[41409] W DRAM[0]
[41509] W DRAM[193000]
[41512] W DRAM[0]
[41612] W DRAM[194000]
[41615] W DRAM[0]
[41715] W DRAM[195000]
[41718] W DRAM[0]
[41818] W DRAM[196000]
[41821] W DRAM[0]
[41921] W DRAM[197000]
[41924] W DRAM[0]
[42024] W DRAM[198000]
[42027] W DRAM[0]
[42127] W DRAM[199000]
[42130] W DRAM[0]
[42230] W DRAM[19a000]
[42233] W DRAM[0]
[42333] W DRAM[19b000]
[42336] W DRAM[0]
[42436] W DRAM[19c000]
[42439] W DRAM[0]
[42539] W DRAM[19d000]
[42542] W DRAM[0]
[42642] W DRAM[19e000]
[42645] W DRAM[0]
[42745] W DRAM[19f000]
[42748] W DRAM[0]
[42848] W DRAM[1a0000]
[42851] W DRAM[0]
[42951] W DRAM[1a1000]
[42954] W DRAM[0]
[43054] W DRAM[1a2000]
[43057] W DRAM[0]
[43157] W DRAM[1a3000]
[43160] W DRAM[0]
[43260] W DRAM[1a4000]
[43263] W DRAM[0]
[43363] W DRAM[1a5000]
[43366] W DRAM[0]
[43466] W DRAM[1a6000]
[43469] W DRAM[0]
[43569] W DRAM[1a7000]
[43572] W DRAM[0]
[43672] W DRAM[1a8000]
[43675] W DRAM[0]
[43775] W DRAM[1a9000]
[43778] W DRAM[0]
[43878] W DRAM[1aa000]
[43881] W DRAM[0]
[43981] W DRAM[1ab000]
[43984] W DRAM[0]
[44084] W DRAM[1ac000]
[44087] W DRAM[0]
[44187] W DRAM[1ad000]
[44190] W DRAM[0]
[44290] W DRAM[1ae000]
[44293] W DRAM[0]
[44393] W DRAM[1af000]
[44396] W DRAM[0]
[44496] W DRAM[1b0000]
[44499] W DRAM[0]
[44599] W DRAM[1b1000]
[44602] W DRAM[0]
[44702] W DRAM[1b2000]
[44705] W DRAM[0]
[44805] W DRAM[1b3000]
[44808] W DRAM[0]
[44908] W DRAM[1b4000]
[44911] W DRAM[0]
[45011] W DRAM[1b5000]
[45014] W DRAM[0]
[45114] W DRAM[1b6000]
[45117] W DRAM[0]
[45217] W DRAM[1b7000]
[45220] W DRAM[0]
[45320] W DRAM[1b8000]
[45323] W DRAM[0]
[45423] W DRAM[1b9000]
[45426] W DRAM[0]
[45526] W DRAM[1ba000]
[45529] W DRAM[0]
[45629] W DRAM[1bb000]
[45632] W DRAM[0]
[45732] W DRAM[1bc000]
[45735] W DRAM[0]
[45835] W DRAM[1bd000]
[45838] W DRAM[0]
[45938] W DRAM[1be000]
[45941] W DRAM[0]
[46041] W DRAM[1bf000]
[46044] W DRAM[0]
[46144] W DRAM[1c0000]
[46147] W DRAM[0]
[46247] W DRAM[1c1000]
[46250] W DRAM[0]
[46350] W DRAM[1c2000]
[46353] W DRAM[0]
[46453] W DRAM[1c3000]
[46456] W DRAM[0]
[46556] W DRAM[1c4000]
[46559] W DRAM[0]
[46659] W DRAM[1c5000]
[46662] W DRAM[0]
[46762] W DRAM[1c6000]
[46765] W DRAM[0]
[46865] W DRAM[1c7000]
[46868] W DRAM[0]
[46968] W DRAM[1c8000]
[46971] W DRAM[0]
[47071] W DRAM[1c9000]
[47074] W DRAM[0]
[47174] W DRAM[1ca000]
[47177] W DRAM[0]
[47277] W DRAM[1cb000]
[47280] W DRAM[0]
[47380] W DRAM[1cc000]
[47383] W DRAM[0]
[47483] W DRAM[1cd000]
[47486] W DRAM[0]
[47586] W DRAM[1ce000]
[47589] W DRAM[0]
[47689] W DRAM[1cf000]
[47692] W DRAM[0]
[47792] W DRAM[1d0000]
[47795] W DRAM[0]
[47895] W DRAM[1d1000]
[47898] W DRAM[0]
[47998] W DRAM[1d2000]
[48001] W DRAM[0]
[48101] W DRAM[1d3000]
[48104] W DRAM[0]
[48204] W DRAM[1d4000]
[48207] W DRAM[0]
[48307] W DRAM[1d5000]
[48310] W DRAM[0]
[48410] W DRAM[1d6000]
[48413] W DRAM[0]
[48513] W DRAM[1d7000]
[48516] W DRAM[0]
[48616] W DRAM[1d8000]
[48619] W DRAM[0]
[48719] W DRAM[1d9000]
[48722] W DRAM[0]
[48822] W DRAM[1da000]
[48825] W DRAM[0]
[48925] W DRAM[1db000]
[48928] W DRAM[0]
[49028] W DRAM[1dc000]
[49031] W DRAM[0]
[49131] W DRAM[1dd000]
[49134] W DRAM[0]
[49234] W DRAM[1de000]
[49237] W DRAM[0]
[49337] W DRAM[1df000]
[49340] W DRAM[0]
[49440] W DRAM[1e0000]
[49443] W DRAM[0]
[49543] W DRAM[1e1000]
[49546] W DRAM[0]
[49646] W DRAM[1e2000]
[49649] W DRAM[0]
[49749] W DRAM[1e3000]
[49752] W DRAM[0]
[49852] W DRAM[1e4000]
[49855] W DRAM[0]
[49955] W DRAM[1e5000]
[49958] W DRAM[0]
[50058] W DRAM[1e6000]
[50061] W DRAM[0]
[50161] W DRAM[1e7000]
[50164] W DRAM[0]
[50264] W DRAM[1e8000]
[50267] W DRAM[0]
[50367] W DRAM[1e9000]
[50370] W DRAM[0]
[50470] W DRAM[1ea000]
[50473] W DRAM[0]
[50573] W DRAM[1eb000]
[50576] W DRAM[0]
[50676] W DRAM[1ec000]
[50679] W DRAM[0]
[50779] W DRAM[1ed000]
[50782] W DRAM[0]
[50882] W DRAM[1ee000]
[50885] W DRAM[0]
[50985] W DRAM[1ef000]
[50988] W DRAM[0]
[51088] W DRAM[1f0000]
[51091] W DRAM[0]
[51191] W DRAM[1f1000]
[51194] W DRAM[0]
[51294] W DRAM[1f2000]
[51297] W DRAM[0]
[51397] W DRAM[1f3000]
[51400] W DRAM[0]
[51500] W DRAM[1f4000]
[51503] W DRAM[0]
[51603] W DRAM[1f5000]
[51606] W DRAM[0]
[51706] W DRAM[1f6000]
[51709] W DRAM[0]
[51809] W DRAM[1f7000]
[51812] W DRAM[0]
[51912] W DRAM[1f8000]
[51915] W DRAM[0]
[52015] W DRAM[1f9000]
[52018] W DRAM[0]
[52118] W DRAM[1fa000]
[52121] W DRAM[0]
[52221] W DRAM[1fb000]
[52224] W DRAM[0]
[52324] W DRAM[1fc000]
[52327] W DRAM[0]
[52427] W DRAM[1fd000]
[52430] W DRAM[0]
[52530] W DRAM[1fe000]
[52533] W DRAM[0]
[52633] W DRAM[1ff000]
[52636] W DRAM[0]
[52736] W DRAM[200000]
[52739] W DRAM[0]
[52839] W DRAM[1000]
[52939] W DRAM[201000]
[52942] W DRAM[0]
[53042] W DRAM[2000]
[53142] W DRAM[202000]
[53145] W DRAM[0]
[53245] W DRAM[3000]
[53345] W DRAM[203000]
[53348] W DRAM[0]
[53448] W DRAM[4000]
[53548] W DRAM[204000]
[53551] W DRAM[0]
[53651] W DRAM[5000]
[53751] W DRAM[205000]
[53754] W DRAM[0]
[53854] W DRAM[6000]
[53954] W DRAM[206000]
[53957] W DRAM[0]
[54057] W DRAM[7000]
[54157] W DRAM[207000]
[54160] W DRAM[0]
[54260] W DRAM[8000]
[54360] W DRAM[208000]
[54363] R DRAM[0]
[54463] W DRAM[9000]
[54563] R DRAM[1000]
[54566] R DRAM[12000]
[54569] R DRAM[23000]
[54572] R DRAM[34000]
[54575] R DRAM[45000]
[54578] R DRAM[56000]
[54581] R DRAM[67000]
[54584] R DRAM[78000]
[54587] R DRAM[89000]
[54590] R DRAM[9a000]
[54593] R DRAM[ab000]
[54596] R DRAM[bc000]
[54599] R DRAM[cd000]
[54602] R DRAM[de000]
[54605] R DRAM[ef000]
[54608] R DRAM[100000]
[54611] R DRAM[111000]
[54614] R DRAM[122000]
[54617] R DRAM[133000]
[54620] R DRAM[144000]
[54623] R DRAM[155000]
[54626] R DRAM[166000]
[54629] R DRAM[177000]
[54632] R DRAM[188000]
[54635] R DRAM[199000]
[54638] R DRAM[1aa000]
[54641] R DRAM[1bb000]
[54644] R DRAM[1cc000]
[54647] R DRAM[1dd000]
[54650] R DRAM[1ee000]
[54653] R DRAM[1ff000]
Elapsed: 54653 ns
Total instructions executed: 551
Total page faults: 520
Total page evictions: 0
Total TLB L1 hits: 0 (0.00%)
Total TLB L2 hits: 30 (5.44%)
Total TLB L1 invalidations: 0
Total TLB L2 invalidations: 0
=========== System Properties ===========
Virtual address:       32 bits
Page index:            12 bits
DRAM address:          28 bits
Disk address:          48 bits
Virtual address space: 4294967296 B
DRAM address space:    268435456 B
Disk address space:    281474976710656 B
Page size:             4096 B
Total pages:           1048576
=========================================
* W 0
***** Page fault! *****
PTE found (VA=0 VPN=0 PA=1000)
* W 1000
***** Page fault! *****
PTE found (VA=1000 VPN=1 PA=2000)
* W 2000
***** Page fault! *****
PTE found (VA=2000 VPN=2 PA=3000)
* W 3000
***** Page fault! *****
PTE found (VA=3000 VPN=3 PA=4000)
* W 4000
***** Page fault! *****
PTE found (VA=4000 VPN=4 PA=5000)
* W 5000
***** Page fault! *****
PTE found (VA=5000 VPN=5 PA=6000)
* W 6000
***** Page fault! *****
PTE found (VA=6000 VPN=6 PA=7000)
* W 7000
***** Page fault! *****
PTE found (VA=7000 VPN=7 PA=8000)
* W 8000
***** Page fault! *****
PTE found (VA=8000 VPN=8 PA=9000)
* W 9000
***** Page fault! *****
PTE found (VA=9000 VPN=9 PA=a000)
* W a000
***** Page fault! *****
PTE found (VA=a000 VPN=a PA=b000)
* W b000
***** Page fault! *****
PTE found (VA=b000 VPN=b PA=c000)
* W c000
***** Page fault! *****
PTE found (VA=c000 VPN=c PA=d000)
* W d000
***** Page fault! *****
PTE found (VA=d000 VPN=d PA=e000)
* W e000
***** Page fault! *****
PTE found (VA=e000 VPN=e PA=f000)
* W f000
***** Page fault! *****
PTE found (VA=f000 VPN=f PA=10000)
* W 10000
***** Page fault! *****
PTE found (VA=10000 VPN=10 PA=11000)
* W 11000
***** Page fault! *****
PTE found (VA=11000 VPN=11 PA=12000)
* W 12000
***** Page fault! *****
PTE found (VA=12000 VPN=12 PA=13000)
* W 13000
***** Page fault! *****
PTE found (VA=13000 VPN=13 PA=14000)
* W 14000
***** Page fault! *****
PTE found (VA=14000 VPN=14 PA=15000)
* W 15000
***** Page fault! *****
PTE found (VA=15000 VPN=15 PA=16000)
* W 16000
***** Page fault! *****
PTE found (VA=16000 VPN=16 PA=17000)
* W 17000
***** Page fault! *****
PTE found (VA=17000 VPN=17 PA=18000)
* W 18000
***** Page fault! *****
PTE found (VA=18000 VPN=18 PA=19000)
* W 19000
***** Page fault! *****
PTE found (VA=19000 VPN=19 PA=1a000)
* W 1a000
***** Page fault! *****
PTE found (VA=1a000 VPN=1a PA=1b000)
* W 1b000
***** Page fault! *****
PTE found (VA=1b000 VPN=1b PA=1c000)
* W 1c000
***** Page fault! *****
PTE found (VA=1c000 VPN=1c PA=1d000)
* W 1d000
***** Page fault! *****
PTE found (VA=1d000 VPN=1d PA=1e000)
* W 1e000
***** Page fault! *****
PTE found (VA=1e000 VPN=1e PA=1f000)
* W 1f000
***** Page fault! *****
PTE found (VA=1f000 VPN=1f PA=20000)
* W 20000
***** Page fault! *****
PTE found (VA=20000 VPN=20 PA=21000)
* W 21000
***** Page fault! *****
PTE found (VA=21000 VPN=21 PA=22000)
* W 22000
***** Page fault! *****
PTE found (VA=22000 VPN=22 PA=23000)
* W 23000
***** Page fault! *****
PTE found (VA=23000 VPN=23 PA=24000)
* W 24000
***** Page fault! *****
PTE found (VA=24000 VPN=24 PA=25000)
* W 25000
***** Page fault! *****
PTE found (VA=25000 VPN=25 PA=26000)
* W 26000
***** Page fault! *****
PTE found (VA=26000 VPN=26 PA=27000)
* W 27000
***** Page fault! *****
PTE found (VA=27000 VPN=27 PA=28000)
* W 28000
***** Page fault! *****
PTE found (VA=28000 VPN=28 PA=29000)
* W 29000
***** Page fault! *****
PTE found (VA=29000 VPN=29 PA=2a000)
* W 2a000
***** Page fault! *****
PTE found (VA=2a000 VPN=2a PA=2b000)
* W 2b000
***** Page fault! *****
PTE found (VA=2b000 VPN=2b PA=2c000)
* W 2c000
***** Page fault! *****
PTE found (VA=2c000 VPN=2c PA=2d000)
* W 2d000
***** Page fault! *****
PTE found (VA=2d000 VPN=2d PA=2e000)
* W 2e000
***** Page fault! *****
PTE found (VA=2e000 VPN=2e PA=2f000)
* W 2f000
***** Page fault! *****
PTE found (VA=2f000 VPN=2f PA=30000)
* W 30000
***** Page fault! *****
PTE found (VA=30000 VPN=30 PA=31000)
* W 31000
***** Page fault! *****
PTE found (VA=31000 VPN=31 PA=32000)
* W 32000
***** Page fault! *****
PTE found (VA=32000 VPN=32 PA=33000)
* W 33000
***** Page fault! *****
PTE found (VA=33000 VPN=33 PA=34000)
* W 34000
***** Page fault! *****
PTE found (VA=34000 VPN=34 PA=35000)
* W 35000
***** Page fault! *****
PTE found (VA=35000 VPN=35 PA=36000)
* W 36000
***** Page fault! *****
PTE found (VA=36000 VPN=36 PA=37000)
* W 37000
***** Page fault! *****
PTE found (VA=37000 VPN=37 PA=38000)
* W 38000
***** Page fault! *****
PTE found (VA=38000 VPN=38 PA=39000)
* W 39000
***** Page fault! *****
PTE found (VA=39000 VPN=39 PA=3a000)
* W 3a000
***** Page fault! *****
PTE found (VA=3a000 VPN=3a PA=3b000)
* W 3b000
***** Page fault! *****
PTE found (VA=3b000 VPN=3b PA=3c000)
* W 3c000
***** Page fault! *****
PTE found (VA=3c000 VPN=3c PA=3d000)
* W 3d000
***** Page fault! *****
PTE found (VA=3d000 VPN=3d PA=3e000)
* W 3e000
***** Page fault! *****
PTE found (VA=3e000 VPN=3e PA=3f000)
* W 3f000
***** Page fault! *****
PTE found (VA=3f000 VPN=3f PA=40000)
* W 40000
***** Page fault! *****
PTE found (VA=40000 VPN=40 PA=41000)
* W 41000
***** Page fault! *****
PTE found (VA=41000 VPN=41 PA=42000)
* W 42000
***** Page fault! *****
PTE found (VA=42000 VPN=42 PA=43000)
* W 43000
***** Page fault! *****
PTE found (VA=43000 VPN=43 PA=44000)
* W 44000
***** Page fault! *****
PTE found (VA=44000 VPN=44 PA=45000)
* W 45000
***** Page fault! *****
PTE found (VA=45000 VPN=45 PA=46000)
* W 46000
***** Page fault! *****
PTE found (VA=46000 VPN=46 PA=47000)
* W 47000
***** Page fault! *****
PTE found (VA=47000 VPN=47 PA=48000)
* W 48000
***** Page fault! *****
PTE found (VA=48000 VPN=48 PA=49000)
* W 49000
***** Page fault! *****
PTE found (VA=49000 VPN=49 PA=4a000)
* W 4a000
***** Page fault! *****
PTE found (VA=4a000 VPN=4a PA=4b000)
* W 4b000
***** Page fault! *****
PTE found (VA=4b000 VPN=4b PA=4c000)
* W 4c000
***** Page fault! *****
PTE found (VA=4c000 VPN=4c PA=4d000)
* W 4d000
***** Page fault! *****
PTE found (VA=4d000 VPN=4d PA=4e000)
* W 4e000
***** Page fault! *****
PTE found (VA=4e000 VPN=4e PA=4f000)
* W 4f000
***** Page fault! *****
PTE found (VA=4f000 VPN=4f PA=50000)
* W 50000
***** Page fault! *****
PTE found (VA=50000 VPN=50 PA=51000)
* W 51000
***** Page fault! *****
PTE found (VA=51000 VPN=51 PA=52000)
* W 52000
***** Page fault! *****
PTE found (VA=52000 VPN=52 PA=53000)
* W 53000
***** Page fault! *****
PTE found (VA=53000 VPN=53 PA=54000)
* W 54000
***** Page fault! *****
PTE found (VA=54000 VPN=54 PA=55000)
* W 55000
***** Page fault! *****
PTE found (VA=55000 VPN=55 PA=56000)
* W 56000
***** Page fault! *****
PTE found (VA=56000 VPN=56 PA=57000)
* W 57000
***** Page fault! *****
PTE found (VA=57000 VPN=57 PA=58000)
* W 58000
***** Page fault! *****
PTE found (VA=58000 VPN=58 PA=59000)
* W 59000
***** Page fault! *****
PTE found (VA=59000 VPN=59 PA=5a000)
* W 5a000
***** Page fault! *****
PTE found (VA=5a000 VPN=5a PA=5b000)
* W 5b000
***** Page fault! *****
PTE found (VA=5b000 VPN=5b PA=5c000)
* W 5c000
***** Page fault! *****
PTE found (VA=5c000 VPN=5c PA=5d000)
* W 5d000
***** Page fault! *****
PTE found (VA=5d000 VPN=5d PA=5e000)
* W 5e000
***** Page fault! *****
PTE found (VA=5e000 VPN=5e PA=5f000)
* W 5f000
***** Page fault! *****
PTE found (VA=5f000 VPN=5f PA=60000)
* W 60000
***** Page fault! *****
PTE found (VA=60000 VPN=60 PA=61000)
* W 61000
***** Page fault! *****
PTE found (VA=61000 VPN=61 PA=62000)
* W 62000
***** Page fault! *****
PTE found (VA=62000 VPN=62 PA=63000)
* W 63000
***** Page fault! *****
PTE found (VA=63000 VPN=63 PA=64000)
* W 64000
***** Page fault! *****
PTE found (VA=64000 VPN=64 PA=65000)
* W 65000
***** Page fault! *****
PTE found (VA=65000 VPN=65 PA=66000)
* W 66000
***** Page fault! *****
PTE found (VA=66000 VPN=66 PA=67000)
* W 67000
***** Page fault! *****
PTE found (VA=67000 VPN=67 PA=68000)
* W 68000
***** Page fault! *****
PTE found (VA=68000 VPN=68 PA=69000)
* W 69000
***** Page fault! *****
PTE found (VA=69000 VPN=69 PA=6a000)
* W 6a000
***** Page fault! *****
PTE found (VA=6a000 VPN=6a PA=6b000)
* W 6b000
***** Page fault! *****
PTE found (VA=6b000 VPN=6b PA=6c000)
* W 6c000
***** Page fault! *****
PTE found (VA=6c000 VPN=6c PA=6d000)
* W 6d000
***** Page fault! *****
PTE found (VA=6d000 VPN=6d PA=6e000)
* W 6e000
***** Page fault! *****
PTE found (VA=6e000 VPN=6e PA=6f000)
* W 6f000
***** Page fault! *****
PTE found (VA=6f000 VPN=6f PA=70000)
* W 70000
***** Page fault! *****
PTE found (VA=70000 VPN=70 PA=71000)
* W 71000
***** Page fault! *****
PTE found (VA=71000 VPN=71 PA=72000)
* W 72000
***** Page fault! *****
PTE found (VA=72000 VPN=72 PA=73000)
* W 73000
***** Page fault! *****
PTE found (VA=73000 VPN=73 PA=74000)
* W 74000
***** Page fault! *****
PTE found (VA=74000 VPN=74 PA=75000)
* W 75000
***** Page fault! *****
PTE found (VA=75000 VPN=75 PA=76000)
* W 76000
***** Page fault! *****
PTE found (VA=76000 VPN=76 PA=77000)
* W 77000
***** Page fault! *****
PTE found (VA=77000 VPN=77 PA=78000)
* W 78000
***** Page fault! *****
PTE found (VA=78000 VPN=78 PA=79000)
* W 79000
***** Page fault! *****
PTE found (VA=79000 VPN=79 PA=7a000)
* W 7a000
***** Page fault! *****
PTE found (VA=7a000 VPN=7a PA=7b000)
* W 7b000
***** Page fault! *****
PTE found (VA=7b000 VPN=7b PA=7c000)
* W 7c000
***** Page fault! *****
PTE found (VA=7c000 VPN=7c PA=7d000)
* W 7d000
***** Page fault! *****
PTE found (VA=7d000 VPN=7d PA=7e000)
* W 7e000
***** Page fault! *****
PTE found (VA=7e000 VPN=7e PA=7f000)
* W 7f000
***** Page fault! *****
PTE found (VA=7f000 VPN=7f PA=80000)
* W 80000
***** Page fault! *****
PTE found (VA=80000 VPN=80 PA=81000)
* W 81000
***** Page fault! *****
PTE found (VA=81000 VPN=81 PA=82000)
* W 82000
***** Page fault! *****
PTE found (VA=82000 VPN=82 PA=83000)
* W 83000
***** Page fault! *****
PTE found (VA=83000 VPN=83 PA=84000)
* W 84000
***** Page fault! *****
PTE found (VA=84000 VPN=84 PA=85000)
* W 85000
***** Page fault! *****
PTE found (VA=85000 VPN=85 PA=86000)
* W 86000
***** Page fault! *****
PTE found (VA=86000 VPN=86 PA=87000)
* W 87000
***** Page fault! *****
PTE found (VA=87000 VPN=87 PA=88000)
* W 88000
***** Page fault! *****
PTE found (VA=88000 VPN=88 PA=89000)
* W 89000
***** Page fault! *****
PTE found (VA=89000 VPN=89 PA=8a000)
* W 8a000
***** Page fault! *****
PTE found (VA=8a000 VPN=8a PA=8b000)
* W 8b000
***** Page fault! *****
PTE found (VA=8b000 VPN=8b PA=8c000)
* W 8c000
***** Page fault! *****
PTE found (VA=8c000 VPN=8c PA=8d000)
* W 8d000
***** Page fault! *****
PTE found (VA=8d000 VPN=8d PA=8e000)
* W 8e000
***** Page fault! *****
PTE found (VA=8e000 VPN=8e PA=8f000)
* W 8f000
***** Page fault! *****
PTE found (VA=8f000 VPN=8f PA=90000)
* W 90000
***** Page fault! *****
PTE found (VA=90000 VPN=90 PA=91000)
* W 91000
***** Page fault! *****
PTE found (VA=91000 VPN=91 PA=92000)
* W 92000
***** Page fault! *****
PTE found (VA=92000 VPN=92 PA=93000)
* W 93000
***** Page fault! *****
PTE found (VA=93000 VPN=93 PA=94000)
* W 94000
***** Page fault! *****
PTE found (VA=94000 VPN=94 PA=95000)
* W 95000
***** Page fault! *****
PTE found (VA=95000 VPN=95 PA=96000)
* W 96000
***** Page fault! *****
PTE found (VA=96000 VPN=96 PA=97000)
* W 97000
***** Page fault! *****
PTE found (VA=97000 VPN=97 PA=98000)
* W 98000
***** Page fault! *****
PTE found (VA=98000 VPN=98 PA=99000)
* W 99000
***** Page fault! *****
PTE found (VA=99000 VPN=99 PA=9a000)
* W 9a000
***** Page fault! *****
PTE found (VA=9a000 VPN=9a PA=9b000)
* W 9b000
***** Page fault! *****
PTE found (VA=9b000 VPN=9b PA=9c000)
* W 9c000
***** Page fault! *****
PTE found (VA=9c000 VPN=9c PA=9d000)
* W 9d000
***** Page fault! *****
PTE found (VA=9d000 VPN=9d PA=9e000)
* W 9e000
***** Page fault! *****
PTE found (VA=9e000 VPN=9e PA=9f000)
* W 9f000
***** Page fault! *****
PTE found (VA=9f000 VPN=9f PA=a0000)
* W a0000
***** Page fault! *****
PTE found (VA=a0000 VPN=a0 PA=a1000)
* W a1000
***** Page fault! *****
PTE found (VA=a1000 VPN=a1 PA=a2000)
* W a2000
***** Page fault! *****
PTE found (VA=a2000 VPN=a2 PA=a3000)
* W a3000
***** Page fault! *****
PTE found (VA=a3000 VPN=a3 PA=a4000)
* W a4000
***** Page fault! *****
PTE found (VA=a4000 VPN=a4 PA=a5000)
* W a5000
***** Page fault! *****
PTE found (VA=a5000 VPN=a5 PA=a6000)
* W a6000
***** Page fault! *****
PTE found (VA=a6000 VPN=a6 PA=a7000)
* W a7000
***** Page fault! *****
PTE found (VA=a7000 VPN=a7 PA=a8000)
* W a8000
***** Page fault! *****
PTE found (VA=a8000 VPN=a8 PA=a9000)
* W a9000
***** Page fault! *****
PTE found (VA=a9000 VPN=a9 PA=aa000)
* W aa000
***** Page fault! *****
PTE found (VA=aa000 VPN=aa PA=ab000)
* W ab000
***** Page fault! *****
PTE found (VA=ab000 VPN=ab PA=ac000)
* W ac000
***** Page fault! *****
PTE found (VA=ac000 VPN=ac PA=ad000)
* W ad000
***** Page fault! *****
PTE found (VA=ad000 VPN=ad PA=ae000)
* W ae000
***** Page fault! *****
PTE found (VA=ae000 VPN=ae PA=af000)
* W af000
***** Page fault! *****
PTE found (VA=af000 VPN=af PA=b0000)
* W b0000
***** Page fault! *****
PTE found (VA=b0000 VPN=b0 PA=b1000)
* W b1000
***** Page fault! *****
PTE found (VA=b1000 VPN=b1 PA=b2000)
* W b2000
***** Page fault! *****
PTE found (VA=b2000 VPN=b2 PA=b3000)
* W b3000
***** Page fault! *****
PTE found (VA=b3000 VPN=b3 PA=b4000)
* W b4000
***** Page fault! *****
PTE found (VA=b4000 VPN=b4 PA=b5000)
* W b5000
***** Page fault! *****
PTE found (VA=b5000 VPN=b5 PA=b6000)
* W b6000
***** Page fault! *****
PTE found (VA=b6000 VPN=b6 PA=b7000)
* W b7000
***** Page fault! *****
PTE found (VA=b7000 VPN=b7 PA=b8000)
* W b8000
***** Page fault! *****
PTE found (VA=b8000 VPN=b8 PA=b9000)
* W b9000
***** Page fault! *****
PTE found (VA=b9000 VPN=b9 PA=ba000)
* W ba000
***** Page fault! *****
PTE found (VA=ba000 VPN=ba PA=bb000)
* W bb000
***** Page fault! *****
PTE found (VA=bb000 VPN=bb PA=bc000)
* W bc000
***** Page fault! *****
PTE found (VA=bc000 VPN=bc PA=bd000)
* W bd000
***** Page fault! *****
PTE found (VA=bd000 VPN=bd PA=be000)
* W be000
***** Page fault! *****
PTE found (VA=be000 VPN=be PA=bf000)
* W bf000
***** Page fault! *****
PTE found (VA=bf000 VPN=bf PA=c0000)
* W c0000
***** Page fault! *****
PTE found (VA=c0000 VPN=c0 PA=c1000)
* W c1000
***** Page fault! *****
PTE found (VA=c1000 VPN=c1 PA=c2000)
* W c2000
***** Page fault! *****
PTE found (VA=c2000 VPN=c2 PA=c3000)
* W c3000
***** Page fault! *****
PTE found (VA=c3000 VPN=c3 PA=c4000)
* W c4000
***** Page fault! *****
PTE found (VA=c4000 VPN=c4 PA=c5000)
* W c5000
***** Page fault! *****
PTE found (VA=c5000 VPN=c5 PA=c6000)
* W c6000
***** Page fault! *****
PTE found (VA=c6000 VPN=c6 PA=c7000)
* W c7000
***** Page fault! *****
PTE found (VA=c7000 VPN=c7 PA=c8000)
* W c8000
***** Page fault! *****
PTE found (VA=c8000 VPN=c8 PA=c9000)
* W c9000
***** Page fault! *****
PTE found (VA=c9000 VPN=c9 PA=ca000)
* W ca000
***** Page fault! *****
PTE found (VA=ca000 VPN=ca PA=cb000)
* W cb000
***** Page fault! *****
PTE found (VA=cb000 VPN=cb PA=cc000)
* W cc000
***** Page fault! *****
PTE found (VA=cc000 VPN=cc PA=cd000)
* W cd000
***** Page fault! *****
PTE found (VA=cd000 VPN=cd PA=ce000)
* W ce000
***** Page fault! *****
PTE found (VA=ce000 VPN=ce PA=cf000)
* W cf000
***** Page fault! *****
PTE found (VA=cf000 VPN=cf PA=d0000)
* W d0000
***** Page fault! *****
PTE found (VA=d0000 VPN=d0 PA=d1000)
* W d1000
***** Page fault! *****
PTE found (VA=d1000 VPN=d1 PA=d2000)
* W d2000
***** Page fault! *****
PTE found (VA=d2000 VPN=d2 PA=d3000)
* W d3000
***** Page fault! *****
PTE found (VA=d3000 VPN=d3 PA=d4000)
* W d4000
***** Page fault! *****
PTE found (VA=d4000 VPN=d4 PA=d5000)
* W d5000
***** Page fault! *****
PTE found (VA=d5000 VPN=d5 PA=d6000)
* W d6000
***** Page fault! *****
PTE found (VA=d6000 VPN=d6 PA=d7000)
* W d7000
***** Page fault! *****
PTE found (VA=d7000 VPN=d7 PA=d8000)
* W d8000
***** Page fault! *****
PTE found (VA=d8000 VPN=d8 PA=d9000)
* W d9000
***** Page fault! *****
PTE found (VA=d9000 VPN=d9 PA=da000)
* W da000
***** Page fault! *****
PTE found (VA=da000 VPN=da PA=db000)
* W db000
***** Page fault! *****
PTE found (VA=db000 VPN=db PA=dc000)
* W dc000
***** Page fault! *****
PTE found (VA=dc000 VPN=dc PA=dd000)
* W dd000
***** Page fault! *****
PTE found (VA=dd000 VPN=dd PA=de000)
* W de000
***** Page fault! *****
PTE found (VA=de000 VPN=de PA=df000)
* W df000
***** Page fault! *****
PTE found (VA=df000 VPN=df PA=e0000)
* W e0000
***** Page fault! *****
PTE found (VA=e0000 VPN=e0 PA=e1000)
* W e1000
***** Page fault! *****
PTE found (VA=e1000 VPN=e1 PA=e2000)
* W e2000
***** Page fault! *****
PTE found (VA=e2000 VPN=e2 PA=e3000)
* W e3000
***** Page fault! *****
PTE found (VA=e3000 VPN=e3 PA=e4000)
* W e4000
***** Page fault! *****
PTE found (VA=e4000 VPN=e4 PA=e5000)
* W e5000
***** Page fault! *****
PTE found (VA=e5000 VPN=e5 PA=e6000)
* W e6000
***** Page fault! *****
PTE found (VA=e6000 VPN=e6 PA=e7000)
* W e7000
***** Page fault! *****
PTE found (VA=e7000 VPN=e7 PA=e8000)
* W e8000
***** Page fault! *****
PTE found (VA=e8000 VPN=e8 PA=e9000)
* W e9000
***** Page fault! *****
PTE found (VA=e9000 VPN=e9 PA=ea000)
* W ea000
***** Page fault! *****
PTE found (VA=ea000 VPN=ea PA=eb000)
* W eb000
***** Page fault! *****
PTE found (VA=eb000 VPN=eb PA=ec000)
* W ec000
***** Page fault! *****
PTE found (VA=ec000 VPN=ec PA=ed000)
* W ed000
***** Page fault! *****
PTE found (VA=ed000 VPN=ed PA=ee000)
* W ee000
***** Page fault! *****
PTE found (VA=ee000 VPN=ee PA=ef000)
* W ef000
***** Page fault! *****
PTE found (VA=ef000 VPN=ef PA=f0000)
* W f0000
***** Page fault! *****
PTE found (VA=f0000 VPN=f0 PA=f1000)
* W f1000
***** Page fault! *****
PTE found (VA=f1000 VPN=f1 PA=f2000)
* W f2000
***** Page fault! *****
PTE found (VA=f2000 VPN=f2 PA=f3000)
* W f3000
***** Page fault! *****
PTE found (VA=f3000 VPN=f3 PA=f4000)
* W f4000
***** Page fault! *****
PTE found (VA=f4000 VPN=f4 PA=f5000)
* W f5000
***** Page fault! *****
PTE found (VA=f5000 VPN=f5 PA=f6000)
* W f6000
***** Page fault! *****
PTE found (VA=f6000 VPN=f6 PA=f7000)
* W f7000
***** Page fault! *****
PTE found (VA=f7000 VPN=f7 PA=f8000)
* W f8000
***** Page fault! *****
PTE found (VA=f8000 VPN=f8 PA=f9000)
* W f9000
***** Page fault! *****
PTE found (VA=f9000 VPN=f9 PA=fa000)
* W fa000
***** Page fault! *****
PTE found (VA=fa000 VPN=fa PA=fb000)
* W fb000
***** Page fault! *****
PTE found (VA=fb000 VPN=fb PA=fc000)
* W fc000
***** Page fault! *****
PTE found (VA=fc000 VPN=fc PA=fd000)
* W fd000
***** Page fault! *****
PTE found (VA=fd000 VPN=fd PA=fe000)
* W fe000
***** Page fault! *****
PTE found (VA=fe000 VPN=fe PA=ff000)
* W ff000
***** Page fault! *****
PTE found (VA=ff000 VPN=ff PA=100000)
* W 100000
***** Page fault! *****
PTE found (VA=100000 VPN=100 PA=101000)
* W 101000
***** Page fault! *****
PTE found (VA=101000 VPN=101 PA=102000)
* W 102000
***** Page fault! *****
PTE found (VA=102000 VPN=102 PA=103000)
* W 103000
***** Page fault! *****
PTE found (VA=103000 VPN=103 PA=104000)
* W 104000
***** Page fault! *****
PTE found (VA=104000 VPN=104 PA=105000)
* W 105000
***** Page fault! *****
PTE found (VA=105000 VPN=105 PA=106000)
* W 106000
***** Page fault! *****
PTE found (VA=106000 VPN=106 PA=107000)
* W 107000
***** Page fault! *****
PTE found (VA=107000 VPN=107 PA=108000)
* W 108000
***** Page fault! *****
PTE found (VA=108000 VPN=108 PA=109000)
* W 109000
***** Page fault! *****
PTE found (VA=109000 VPN=109 PA=10a000)
* W 10a000
***** Page fault! *****
PTE found (VA=10a000 VPN=10a PA=10b000)
* W 10b000
***** Page fault! *****
PTE found (VA=10b000 VPN=10b PA=10c000)
* W 10c000
***** Page fault! *****
PTE found (VA=10c000 VPN=10c PA=10d000)
* W 10d000
***** Page fault! *****
PTE found (VA=10d000 VPN=10d PA=10e000)
* W 10e000
***** Page fault! *****
PTE found (VA=10e000 VPN=10e PA=10f000)
* W 10f000
***** Page fault! *****
PTE found (VA=10f000 VPN=10f PA=110000)
* W 110000
***** Page fault! *****
PTE found (VA=110000 VPN=110 PA=111000)
* W 111000
***** Page fault! *****
PTE found (VA=111000 VPN=111 PA=112000)
* W 112000
***** Page fault! *****
PTE found (VA=112000 VPN=112 PA=113000)
* W 113000
***** Page fault! *****
PTE found (VA=113000 VPN=113 PA=114000)
* W 114000
***** Page fault! *****
PTE found (VA=114000 VPN=114 PA=115000)
* W 115000
***** Page fault! *****
PTE found (VA=115000 VPN=115 PA=116000)
* W 116000
***** Page fault! *****
PTE found (VA=116000 VPN=116 PA=117000)
* W 117000
***** Page fault! *****
PTE found (VA=117000 VPN=117 PA=118000)
* W 118000
***** Page fault! *****
PTE found (VA=118000 VPN=118 PA=119000)
* W 119000
***** Page fault! *****
PTE found (VA=119000 VPN=119 PA=11a000)
* W 11a000
***** Page fault! *****
PTE found (VA=11a000 VPN=11a PA=11b000)
* W 11b000
***** Page fault! *****
PTE found (VA=11b000 VPN=11b PA=11c000)
* W 11c000
***** Page fault! *****
PTE found (VA=11c000 VPN=11c PA=11d000)
* W 11d000
***** Page fault! *****
PTE found (VA=11d000 VPN=11d PA=11e000)
* W 11e000
***** Page fault! *****
PTE found (VA=11e000 VPN=11e PA=11f000)
* W 11f000
***** Page fault! *****
PTE found (VA=11f000 VPN=11f PA=120000)
* W 120000
***** Page fault! *****
PTE found (VA=120000 VPN=120 PA=121000)
* W 121000
***** Page fault! *****
PTE found (VA=121000 VPN=121 PA=122000)
* W 122000
***** Page fault! *****
PTE found (VA=122000 VPN=122 PA=123000)
* W 123000
***** Page fault! *****
PTE found (VA=123000 VPN=123 PA=124000)
* W 124000
***** Page fault! *****
PTE found (VA=124000 VPN=124 PA=125000)
* W 125000
***** Page fault! *****
PTE found (VA=125000 VPN=125 PA=126000)
* W 126000
***** Page fault! *****
PTE found (VA=126000 VPN=126 PA=127000)
* W 127000
***** Page fault! *****
PTE found (VA=127000 VPN=127 PA=128000)
* W 128000
***** Page fault! *****
PTE found (VA=128000 VPN=128 PA=129000)
* W 129000
***** Page fault! *****
PTE found (VA=129000 VPN=129 PA=12a000)
* W 12a000
***** Page fault! *****
PTE found (VA=12a000 VPN=12a PA=12b000)
* W 12b000
***** Page fault! *****
PTE found (VA=12b000 VPN=12b PA=12c000)
* W 12c000
***** Page fault! *****
PTE found (VA=12c000 VPN=12c PA=12d000)
* W 12d000
***** Page fault! *****
PTE found (VA=12d000 VPN=12d PA=12e000)
* W 12e000
***** Page fault! *****
PTE found (VA=12e000 VPN=12e PA=12f000)
* W 12f000
***** Page fault! *****
PTE found (VA=12f000 VPN=12f PA=130000)
* W 130000
***** Page fault! *****
PTE found (VA=130000 VPN=130 PA=131000)
* W 131000
***** Page fault! *****
PTE found (VA=131000 VPN=131 PA=132000)
* W 132000
***** Page fault! *****
PTE found (VA=132000 VPN=132 PA=133000)
* W 133000
***** Page fault! *****
PTE found (VA=133000 VPN=133 PA=134000)
* W 134000
***** Page fault! *****
PTE found (VA=134000 VPN=134 PA=135000)
* W 135000
***** Page fault! *****
PTE found (VA=135000 VPN=135 PA=136000)
* W 136000
***** Page fault! *****
PTE found (VA=136000 VPN=136 PA=137000)
* W 137000
***** Page fault! *****
PTE found (VA=137000 VPN=137 PA=138000)
* W 138000
***** Page fault! *****
PTE found (VA=138000 VPN=138 PA=139000)
* W 139000
***** Page fault! *****
PTE found (VA=139000 VPN=139 PA=13a000)
* W 13a000
***** Page fault! *****
PTE found (VA=13a000 VPN=13a PA=13b000)
* W 13b000
***** Page fault! *****
PTE found (VA=13b000 VPN=13b PA=13c000)
* W 13c000
***** Page fault! *****
PTE found (VA=13c000 VPN=13c PA=13d000)
* W 13d000
***** Page fault! *****
PTE found (VA=13d000 VPN=13d PA=13e000)
* W 13e000
***** Page fault! *****
PTE found (VA=13e000 VPN=13e PA=13f000)
* W 13f000
***** Page fault! *****
PTE found (VA=13f000 VPN=13f PA=140000)
* W 140000
***** Page fault! *****
PTE found (VA=140000 VPN=140 PA=141000)
* W 141000
***** Page fault! *****
PTE found (VA=141000 VPN=141 PA=142000)
* W 142000
***** Page fault! *****
PTE found (VA=142000 VPN=142 PA=143000)
* W 143000
***** Page fault! *****
PTE found (VA=143000 VPN=143 PA=144000)
* W 144000
***** Page fault! *****
PTE found (VA=144000 VPN=144 PA=145000)
* W 145000
***** Page fault! *****
PTE found (VA=145000 VPN=145 PA=146000)
* W 146000
***** Page fault! *****
PTE found (VA=146000 VPN=146 PA=147000)
* W 147000
***** Page fault! *****
PTE found (VA=147000 VPN=147 PA=148000)
* W 148000
***** Page fault! *****
PTE found (VA=148000 VPN=148 PA=149000)
* W 149000
***** Page fault! *****
PTE found (VA=149000 VPN=149 PA=14a000)
* W 14a000
***** Page fault! *****
PTE found (VA=14a000 VPN=14a PA=14b000)
* W 14b000
***** Page fault! *****
PTE found (VA=14b000 VPN=14b PA=14c000)
* W 14c000
***** Page fault! *****
PTE found (VA=14c000 VPN=14c PA=14d000)
* W 14d000
***** Page fault! *****
PTE found (VA=14d000 VPN=14d PA=14e000)
* W 14e000
***** Page fault! *****
PTE found (VA=14e000 VPN=14e PA=14f000)
* W 14f000
***** Page fault! *****
PTE found (VA=14f000 VPN=14f PA=150000)
* W 150000
***** Page fault! *****
PTE found (VA=150000 VPN=150 PA=151000)
* W 151000
***** Page fault! *****
PTE found (VA=151000 VPN=151 PA=152000)
* W 152000
***** Page fault! *****
PTE found (VA=152000 VPN=152 PA=153000)
* W 153000
***** Page fault! *****
PTE found (VA=153000 VPN=153 PA=154000)
* W 154000
***** Page fault! *****
PTE found (VA=154000 VPN=154 PA=155000)
* W 155000
***** Page fault! *****
PTE found (VA=155000 VPN=155 PA=156000)
* W 156000
***** Page fault! *****
PTE found (VA=156000 VPN=156 PA=157000)
* W 157000
***** Page fault! *****
PTE found (VA=157000 VPN=157 PA=158000)
* W 158000
***** Page fault! *****
PTE found (VA=158000 VPN=158 PA=159000)
* W 159000
***** Page fault! *****
PTE found (VA=159000 VPN=159 PA=15a000)
* W 15a000
***** Page fault! *****
PTE found (VA=15a000 VPN=15a PA=15b000)
* W 15b000
***** Page fault! *****
PTE found (VA=15b000 VPN=15b PA=15c000)
* W 15c000
***** Page fault! *****
PTE found (VA=15c000 VPN=15c PA=15d000)
* W 15d000
***** Page fault! *****
PTE found (VA=15d000 VPN=15d PA=15e000)
* W 15e000
***** Page fault! *****
PTE found (VA=15e000 VPN=15e PA=15f000)
* W 15f000
***** Page fault! *****
PTE found (VA=15f000 VPN=15f PA=160000)
* W 160000
***** Page fault! *****
PTE found (VA=160000 VPN=160 PA=161000)
* W 161000
***** Page fault! *****
PTE found (VA=161000 VPN=161 PA=162000)
* W 162000
***** Page fault! *****
PTE found (VA=162000 VPN=162 PA=163000)
* W 163000
***** Page fault! *****
PTE found (VA=163000 VPN=163 PA=164000)
* W 164000
***** Page fault! *****
PTE found (VA=164000 VPN=164 PA=165000)
* W 165000
***** Page fault! *****
PTE found (VA=165000 VPN=165 PA=166000)
* W 166000
***** Page fault! *****
PTE found (VA=166000 VPN=166 PA=167000)
* W 167000
***** Page fault! *****
PTE found (VA=167000 VPN=167 PA=168000)
* W 168000
***** Page fault! *****
PTE found (VA=168000 VPN=168 PA=169000)
* W 169000
***** Page fault! *****
PTE found (VA=169000 VPN=169 PA=16a000)
* W 16a000
***** Page fault! *****
PTE found (VA=16a000 VPN=16a PA=16b000)
* W 16b000
***** Page fault! *****
PTE found (VA=16b000 VPN=16b PA=16c000)
* W 16c000
***** Page fault! *****
PTE found (VA=16c000 VPN=16c PA=16d000)
* W 16d000
***** Page fault! *****
PTE found (VA=16d000 VPN=16d PA=16e000)
* W 16e000
***** Page fault! *****
PTE found (VA=16e000 VPN=16e PA=16f000)
* W 16f000
***** Page fault! *****
PTE found (VA=16f000 VPN=16f PA=170000)
* W 170000
***** Page fault! *****
PTE found (VA=170000 VPN=170 PA=171000)
* W 171000
***** Page fault! *****
PTE found (VA=171000 VPN=171 PA=172000)
* W 172000
***** Page fault! *****
PTE found (VA=172000 VPN=172 PA=173000)
* W 173000
***** Page fault! *****
PTE found (VA=173000 VPN=173 PA=174000)
* W 174000
***** Page fault! *****
PTE found (VA=174000 VPN=174 PA=175000)
* W 175000
***** Page fault! *****
PTE found (VA=175000 VPN=175 PA=176000)
* W 176000
***** Page fault! *****
PTE found (VA=176000 VPN=176 PA=177000)
* W 177000
***** Page fault! *****
PTE found (VA=177000 VPN=177 PA=178000)
* W 178000
***** Page fault! *****
PTE found (VA=178000 VPN=178 PA=179000)
* W 179000
***** Page fault! *****
PTE found (VA=179000 VPN=179 PA=17a000)
* W 17a000
***** Page fault! *****
PTE found (VA=17a000 VPN=17a PA=17b000)
* W 17b000
***** Page fault! *****
PTE found (VA=17b000 VPN=17b PA=17c000)
* W 17c000
***** Page fault! *****
PTE found (VA=17c000 VPN=17c PA=17d000)
* W 17d000
***** Page fault! *****
PTE found (VA=17d000 VPN=17d PA=17e000)
* W 17e000
***** Page fault! *****
PTE found (VA=17e000 VPN=17e PA=17f000)
* W 17f000
***** Page fault! *****
PTE found (VA=17f000 VPN=17f PA=180000)
* W 180000
***** Page fault! *****
PTE found (VA=180000 VPN=180 PA=181000)
* W 181000
***** Page fault! *****
PTE found (VA=181000 VPN=181 PA=182000)
* W 182000
***** Page fault! *****
PTE found (VA=182000 VPN=182 PA=183000)
* W 183000
***** Page fault! *****
PTE found (VA=183000 VPN=183 PA=184000)
* W 184000
***** Page fault! *****
PTE found (VA=184000 VPN=184 PA=185000)
* W 185000
***** Page fault! *****
PTE found (VA=185000 VPN=185 PA=186000)
* W 186000
***** Page fault! *****
PTE found (VA=186000 VPN=186 PA=187000)
* W 187000
***** Page fault! *****
PTE found (VA=187000 VPN=187 PA=188000)
* W 188000
***** Page fault! *****
PTE found (VA=188000 VPN=188 PA=189000)
* W 189000
***** Page fault! *****
PTE found (VA=189000 VPN=189 PA=18a000)
* W 18a000
***** Page fault! *****
PTE found (VA=18a000 VPN=18a PA=18b000)
* W 18b000
***** Page fault! *****
PTE found (VA=18b000 VPN=18b PA=18c000)
* W 18c000
***** Page fault! *****
PTE found (VA=18c000 VPN=18c PA=18d000)
* W 18d000
***** Page fault! *****
PTE found (VA=18d000 VPN=18d PA=18e000)
* W 18e000
***** Page fault! *****
PTE found (VA=18e000 VPN=18e PA=18f000)
* W 18f000
***** Page fault! *****
PTE found (VA=18f000 VPN=18f PA=190000)
* W 190000
***** Page fault! *****
PTE found (VA=190000 VPN=190 PA=191000)
* W 191000
***** Page fault! *****
PTE found (VA=191000 VPN=191 PA=192000)
* W 192000
***** Page fault! *****
PTE found (VA=192000 VPN=192 PA=193000)
* W 193000
***** Page fault! *****
PTE found (VA=193000 VPN=193 PA=194000)
* W 194000
***** Page fault! *****
PTE found (VA=194000 VPN=194 PA=195000)
* W 195000
***** Page fault! *****
PTE found (VA=195000 VPN=195 PA=196000)
* W 196000
***** Page fault! *****
PTE found (VA=196000 VPN=196 PA=197000)
* W 197000
***** Page fault! *****
PTE found (VA=197000 VPN=197 PA=198000)
* W 198000
***** Page fault! *****
PTE found (VA=198000 VPN=198 PA=199000)
* W 199000
***** Page fault! *****
PTE found (VA=199000 VPN=199 PA=19a000)
* W 19a000
***** Page fault! *****
PTE found (VA=19a000 VPN=19a PA=19b000)
* W 19b000
***** Page fault! *****
PTE found (VA=19b000 VPN=19b PA=19c000)
* W 19c000
***** Page fault! *****
PTE found (VA=19c000 VPN=19c PA=19d000)
* W 19d000
***** Page fault! *****
PTE found (VA=19d000 VPN=19d PA=19e000)
* W 19e000
***** Page fault! *****
PTE found (VA=19e000 VPN=19e PA=19f000)
* W 19f000
***** Page fault! *****
PTE found (VA=19f000 VPN=19f PA=1a0000)
* W 1a0000
***** Page fault! *****
PTE found (VA=1a0000 VPN=1a0 PA=1a1000)
* W 1a1000
***** Page fault! *****
PTE found (VA=1a1000 VPN=1a1 PA=1a2000)
* W 1a2000
***** Page fault! *****
PTE found (VA=1a2000 VPN=1a2 PA=1a3000)
* W 1a3000
***** Page fault! *****
PTE found (VA=1a3000 VPN=1a3 PA=1a4000)
* W 1a4000
***** Page fault! *****
PTE found (VA=1a4000 VPN=1a4 PA=1a5000)
* W 1a5000
***** Page fault! *****
PTE found (VA=1a5000 VPN=1a5 PA=1a6000)
* W 1a6000
***** Page fault! *****
PTE found (VA=1a6000 VPN=1a6 PA=1a7000)
* W 1a7000
***** Page fault! *****
PTE found (VA=1a7000 VPN=1a7 PA=1a8000)
* W 1a8000
***** Page fault! *****
PTE found (VA=1a8000 VPN=1a8 PA=1a9000)
* W 1a9000
***** Page fault! *****
PTE found (VA=1a9000 VPN=1a9 PA=1aa000)
* W 1aa000
***** Page fault! *****
PTE found (VA=1aa000 VPN=1aa PA=1ab000)
* W 1ab000
***** Page fault! *****
PTE found (VA=1ab000 VPN=1ab PA=1ac000)
* W 1ac000
***** Page fault! *****
PTE found (VA=1ac000 VPN=1ac PA=1ad000)
* W 1ad000
***** Page fault! *****
PTE found (VA=1ad000 VPN=1ad PA=1ae000)
* W 1ae000
***** Page fault! *****
PTE found (VA=1ae000 VPN=1ae PA=1af000)
* W 1af000
***** Page fault! *****
PTE found (VA=1af000 VPN=1af PA=1b0000)
* W 1b0000
***** Page fault! *****
PTE found (VA=1b0000 VPN=1b0 PA=1b1000)
* W 1b1000
***** Page fault! *****
PTE found (VA=1b1000 VPN=1b1 PA=1b2000)
* W 1b2000
***** Page fault! *****
PTE found (VA=1b2000 VPN=1b2 PA=1b3000)
* W 1b3000
***** Page fault! *****
PTE found (VA=1b3000 VPN=1b3 PA=1b4000)
* W 1b4000
***** Page fault! *****
PTE found (VA=1b4000 VPN=1b4 PA=1b5000)
* W 1b5000
***** Page fault! *****
PTE found (VA=1b5000 VPN=1b5 PA=1b6000)
* W 1b6000
***** Page fault! *****
PTE found (VA=1b6000 VPN=1b6 PA=1b7000)
* W 1b7000
***** Page fault! *****
PTE found (VA=1b7000 VPN=1b7 PA=1b8000)
* W 1b8000
***** Page fault! *****
PTE found (VA=1b8000 VPN=1b8 PA=1b9000)
* W 1b9000
***** Page fault! *****
PTE found (VA=1b9000 VPN=1b9 PA=1ba000)
* W 1ba000
***** Page fault! *****
PTE found (VA=1ba000 VPN=1ba PA=1bb000)
* W 1bb000
***** Page fault! *****
PTE found (VA=1bb000 VPN=1bb PA=1bc000)
* W 1bc000
***** Page fault! *****
PTE found (VA=1bc000 VPN=1bc PA=1bd000)
* W 1bd000
***** Page fault! *****
PTE found (VA=1bd000 VPN=1bd PA=1be000)
* W 1be000
***** Page fault! *****
PTE found (VA=1be000 VPN=1be PA=1bf000)
* W 1bf000
***** Page fault! *****
PTE found (VA=1bf000 VPN=1bf PA=1c0000)
* W 1c0000
***** Page fault! *****
PTE found (VA=1c0000 VPN=1c0 PA=1c1000)
* W 1c1000
***** Page fault! *****
PTE found (VA=1c1000 VPN=1c1 PA=1c2000)
* W 1c2000
***** Page fault! *****
PTE found (VA=1c2000 VPN=1c2 PA=1c3000)
* W 1c3000
***** Page fault! *****
PTE found (VA=1c3000 VPN=1c3 PA=1c4000)
* W 1c4000
***** Page fault! *****
PTE found (VA=1c4000 VPN=1c4 PA=1c5000)
* W 1c5000
***** Page fault! *****
PTE found (VA=1c5000 VPN=1c5 PA=1c6000)
* W 1c6000
***** Page fault! *****
PTE found (VA=1c6000 VPN=1c6 PA=1c7000)
* W 1c7000
***** Page fault! *****
PTE found (VA=1c7000 VPN=1c7 PA=1c8000)
* W 1c8000
***** Page fault! *****
PTE found (VA=1c8000 VPN=1c8 PA=1c9000)
* W 1c9000
***** Page fault! *****
PTE found (VA=1c9000 VPN=1c9 PA=1ca000)
* W 1ca000
***** Page fault! *****
PTE found (VA=1ca000 VPN=1ca PA=1cb000)
* W 1cb000
***** Page fault! *****
PTE found (VA=1cb000 VPN=1cb PA=1cc000)
* W 1cc000
***** Page fault! *****
PTE found (VA=1cc000 VPN=1cc PA=1cd000)
* W 1cd000
***** Page fault! *****
PTE found (VA=1cd000 VPN=1cd PA=1ce000)
* W 1ce000
***** Page fault! *****
PTE found (VA=1ce000 VPN=1ce PA=1cf000)
* W 1cf000
***** Page fault! *****
PTE found (VA=1cf000 VPN=1cf PA=1d0000)
* W 1d0000
***** Page fault! *****
PTE found (VA=1d0000 VPN=1d0 PA=1d1000)
* W 1d1000
***** Page fault! *****
PTE found (VA=1d1000 VPN=1d1 PA=1d2000)
* W 1d2000
***** Page fault! *****
PTE found (VA=1d2000 VPN=1d2 PA=1d3000)
* W 1d3000
***** Page fault! *****
PTE found (VA=1d3000 VPN=1d3 PA=1d4000)
* W 1d4000
***** Page fault! *****
PTE found (VA=1d4000 VPN=1d4 PA=1d5000)
* W 1d5000
***** Page fault! *****
PTE found (VA=1d5000 VPN=1d5 PA=1d6000)
* W 1d6000
***** Page fault! *****
PTE found (VA=1d6000 VPN=1d6 PA=1d7000)
* W 1d7000
***** Page fault! *****
PTE found (VA=1d7000 VPN=1d7 PA=1d8000)
* W 1d8000
***** Page fault! *****
PTE found (VA=1d8000 VPN=1d8 PA=1d9000)
* W 1d9000
***** Page fault! *****
PTE found (VA=1d9000 VPN=1d9 PA=1da000)
* W 1da000
***** Page fault! *****
PTE found (VA=1da000 VPN=1da PA=1db000)
* W 1db000
***** Page fault! *****
PTE found (VA=1db000 VPN=1db PA=1dc000)
* W 1dc000
***** Page fault! *****
PTE found (VA=1dc000 VPN=1dc PA=1dd000)
* W 1dd000
***** Page fault! *****
PTE found (VA=1dd000 VPN=1dd PA=1de000)
* W 1de000
***** Page fault! *****
PTE found (VA=1de000 VPN=1de PA=1df000)
* W 1df000
***** Page fault! *****
PTE found (VA=1df000 VPN=1df PA=1e0000)
* W 1e0000
***** Page fault! *****
PTE found (VA=1e0000 VPN=1e0 PA=1e1000)
* W 1e1000
***** Page fault! *****
PTE found (VA=1e1000 VPN=1e1 PA=1e2000)
* W 1e2000
***** Page fault! *****
PTE found (VA=1e2000 VPN=1e2 PA=1e3000)
* W 1e3000
***** Page fault! *****
PTE found (VA=1e3000 VPN=1e3 PA=1e4000)
* W 1e4000
***** Page fault! *****
PTE found (VA=1e4000 VPN=1e4 PA=1e5000)
* W 1e5000
***** Page fault! *****
PTE found (VA=1e5000 VPN=1e5 PA=1e6000)
* W 1e6000
***** Page fault! *****
PTE found (VA=1e6000 VPN=1e6 PA=1e7000)
* W 1e7000
***** Page fault! *****
PTE found (VA=1e7000 VPN=1e7 PA=1e8000)
* W 1e8000
***** Page fault! *****
PTE found (VA=1e8000 VPN=1e8 PA=1e9000)
* W 1e9000
***** Page fault! *****
PTE found (VA=1e9000 VPN=1e9 PA=1ea000)
* W 1ea000
***** Page fault! *****
PTE found (VA=1ea000 VPN=1ea PA=1eb000)
* W 1eb000
***** Page fault! *****
PTE found (VA=1eb000 VPN=1eb PA=1ec000)
* W 1ec000
***** Page fault! *****
PTE found (VA=1ec000 VPN=1ec PA=1ed000)
* W 1ed000
***** Page fault! *****
PTE found (VA=1ed000 VPN=1ed PA=1ee000)
* W 1ee000
***** Page fault! *****
PTE found (VA=1ee000 VPN=1ee PA=1ef000)
* W 1ef000
***** Page fault! *****
PTE found (VA=1ef000 VPN=1ef PA=1f0000)
* W 1f0000
***** Page fault! *****
PTE found (VA=1f0000 VPN=1f0 PA=1f1000)
* W 1f1000
***** Page fault! *****
PTE found (VA=1f1000 VPN=1f1 PA=1f2000)
* W 1f2000
***** Page fault! *****
PTE found (VA=1f2000 VPN=1f2 PA=1f3000)
* W 1f3000
***** Page fault! *****
PTE found (VA=1f3000 VPN=1f3 PA=1f4000)
* W 1f4000
***** Page fault! *****
PTE found (VA=1f4000 VPN=1f4 PA=1f5000)
* W 1f5000
***** Page fault! *****
PTE found (VA=1f5000 VPN=1f5 PA=1f6000)
* W 1f6000
***** Page fault! *****
PTE found (VA=1f6000 VPN=1f6 PA=1f7000)
* W 1f7000
***** Page fault! *****
PTE found (VA=1f7000 VPN=1f7 PA=1f8000)
* W 1f8000
***** Page fault! *****
PTE found (VA=1f8000 VPN=1f8 PA=1f9000)
* W 1f9000
***** Page fault! *****
PTE found (VA=1f9000 VPN=1f9 PA=1fa000)
* W 1fa000
***** Page fault! *****
PTE found (VA=1fa000 VPN=1fa PA=1fb000)
* W 1fb000
***** Page fault! *****
PTE found (VA=1fb000 VPN=1fb PA=1fc000)
* W 1fc000
***** Page fault! *****
PTE found (VA=1fc000 VPN=1fc PA=1fd000)
* W 1fd000
***** Page fault! *****
PTE found (VA=1fd000 VPN=1fd PA=1fe000)
* W 1fe000
***** Page fault! *****
PTE found (VA=1fe000 VPN=1fe PA=1ff000)
* W 1ff000
***** Page fault! *****
PTE found (VA=1ff000 VPN=1ff PA=200000)
* W 200000
***** Page fault! *****
PTE found (VA=200000 VPN=200 PA=201000)
* W 201000
***** Page fault! *****
PTE found (VA=201000 VPN=201 PA=202000)
* W 202000
***** Page fault! *****
PTE found (VA=202000 VPN=202 PA=203000)
* W 203000
***** Page fault! *****
PTE found (VA=203000 VPN=203 PA=204000)
* W 204000
***** Page fault! *****
PTE found (VA=204000 VPN=204 PA=205000)
* W 205000
***** Page fault! *****
PTE found (VA=205000 VPN=205 PA=206000)
* W 206000
***** Page fault! *****
PTE found (VA=206000 VPN=206 PA=207000)
* W 207000
***** Page fault! *****
PTE found (VA=207000 VPN=207 PA=208000)
* R 0
PTE found (VA=0 VPN=0 PA=1000)
* R 11000
* R 22000
* R 33000
* R 44000
* R 55000
* R 66000
* R 77000
* R 88000
* R 99000
* R aa000
* R bb000
* R cc000
* R dd000
* R ee000
* R ff000
* R 110000
* R 121000
* R 132000
* R 143000
* R 154000
* R 165000
* R 176000
* R 187000
* R 198000
* R 1a9000
* R 1ba000
* R 1cb000
* R 1dc000
* R 1ed000
* R 1fe000
