[3] W DRAM[0]
[103] W DRAM[1000]
[106] W DRAM[0]
[206] W DRAM[2000]
[209] W DRAM[0]
[309] W DRAM[3000]
[312] W DRAM[0]
[412] W DRAM[4000]
[415] W DRAM[0]
[515] W DRAM[5000]
[518] W DRAM[0]
[618] W DRAM[6000]
[621] W DRAM[0]
[721] W DRAM[7000]
[724] W DRAM[0]
[824] W DRAM[8000]
[827] W DRAM[0]
[927] W DRAM[9000]
[930] W DRAM[0]
[1030] W DRAM[a000]
[1033] W DRAM[0]
[1133] W DRAM[b000]
[1136] W DRAM[0]
[1236] W DRAM[c000]
[1239] W DRAM[0]
[1339] W DRAM[d000]
[1342] W DRAM[0]
[1442] W DRAM[e000]
[1445] W DRAM[0]
[1545] W DRAM[f000]
[1548] W DRAM[0]
[1648] W DRAM[10000]
[1651] W DRAM[0]
[1751] W DRAM[11000]
[1754] W DRAM[0]
[1854] W DRAM[12000]
[1857] W DRAM[0]
[1957] W DRAM[13000]
[1960] W DRAM[0]
[2060] W DRAM[14000]
[2063] W DRAM[0]
[2163] W DRAM[15000]
[2166] W DRAM[0]
[2266] W DRAM[16000]
[2269] W DRAM[0]
[2369] W DRAM[17000]
[2372] W DRAM[0]
[2472] W DRAM[18000]
[2475] W DRAM[0]
[2575] W DRAM[19000]
[2578] W DRAM[0]
[2678] W DRAM[1a000]
[2681] W DRAM[0]
[2781] W DRAM[1b000]
[2784] W DRAM[0]
[2884] W DRAM[1c000]
[2887] W DRAM[0]
[2987] W DRAM[1d000]
[2990] W DRAM[0]
[3090] W DRAM[1e000]
[3093] W DRAM[0]
[3193] W DRAM[1f000]
[3196] W DRAM[0]
[3296] W DRAM[20000]
[3299] W DRAM[0]
[3399] W DRAM[21000]
[3402] W DRAM[0]
[3502] W DRAM[22000]
[3505] W DRAM[0]
[3605] W DRAM[23000]
[3608] W DRAM[0]
[3708] W DRAM[24000]
[3711] W DRAM[0]
[3811] W DRAM[25000]
[3814] W DRAM[0]
[3914] W DRAM[26000]
[3917] W DRAM[0]
[4017] W DRAM[27000]
[4020] W DRAM[0]
[4120] W DRAM[28000]
[4123] W DRAM[0]
[4223] W DRAM[29000]
[4226] W DRAM[0]
[4326] W DRAM[2a000]
[4329] W DRAM[0]
[4429] W DRAM[2b000]
[4432] W DRAM[0]
[4532] W DRAM[2c000]
[4535] W DRAM[0]
[4635] W DRAM[2d000]
[4638] W DRAM[0]
[4738] W DRAM[2e000]
[4741] W DRAM[0]
[4841] W DRAM[2f000]
[4844] W DRAM[0]
[4944] W DRAM[30000]
[4947] W DRAM[0]
[5047] W DRAM[31000]
[5050] W DRAM[0]
[5150] W DRAM[32000]
[5153] W DRAM[0]
[5253] W DRAM[33000]
[5256] W DRAM[0]
[5356] W DRAM[34000]
[5359] W DRAM[0]
[5459] W DRAM[35000]
[5462] W DRAM[0]
[5562] W DRAM[36000]
[5565] W DRAM[0]
[5665] W DRAM[37000]
[5668] W DRAM[0]
[5768] W DRAM[38000]
[5771] W DRAM[0]
[5871] W DRAM[39000]
[5874] W DRAM[0]
[5974] W DRAM[3a000]
[5977] W DRAM[0]
[6077] W DRAM[3b000]
[6080] W DRAM[0]
[6180] W DRAM[3c000]
[6183] W DRAM[0]
[6283] W DRAM[3d000]
[6286] W DRAM[0]
[6386] W DRAM[3e000]
[6389] W DRAM[0]
[6489] W DRAM[3f000]
[6492] W DRAM[0]
[6592] W DRAM[40000]
[6595] W DRAM[0]
[6695] W DRAM[41000]
[6698] W DRAM[0]
[6798] W DRAM[42000]
[6801] W DRAM[0]
[6901] W DRAM[43000]
[6904] W DRAM[0]
[7004] W DRAM[44000]
[7007] W DRAM[0]
[7107] W DRAM[45000]
[7110] W DRAM[0]
[7210] W DRAM[46000]
[7213] W DRAM[0]
[7313] W DRAM[47000]
[7316] W DRAM[0]
[7416] W DRAM[48000]
[7419] W DRAM[0]
[7519] W DRAM[49000]
[7522] W DRAM[0]
[7622] W DRAM[4a000]
[7625] W DRAM[0]
[7725] W DRAM[4b000]
[7728] W DRAM[0]
[7828] W DRAM[4c000]
[7831] W DRAM[0]
[7931] W DRAM[4d000]
[7934] W DRAM[0]
[8034] W DRAM[4e000]
[8037] W DRAM[0]
[8137] W DRAM[4f000]
[8140] W DRAM[0]
[8240] W DRAM[50000]
[8243] W DRAM[0]
[8343] W DRAM[51000]
[8346] W DRAM[0]
[8446] W DRAM[52000]
[8449] W DRAM[0]
[8549] W DRAM[53000]
[8552] W DRAM[0]
[8652] W DRAM[54000]
[8655] W DRAM[0]
[8755] W DRAM[55000]
[8758] W DRAM[0]
[8858] W DRAM[56000]
[8861] W DRAM[0]
[8961] W DRAM[57000]
[8964] W DRAM[0]
[9064] W DRAM[58000]
[9067] W DRAM[0]
[9167] W DRAM[59000]
[9170] W DRAM[0]
[9270] W DRAM[5a000]
[9273] W DRAM[0]
[9373] W DRAM[5b000]
[9376] W DRAM[0]
[9476] W DRAM[5c000]
[9479] W DRAM[0]
[9579] W DRAM[5d000]
[9582] W DRAM[0]
[9682] W DRAM[5e000]
[9685] W DRAM[0]
[9785] W DRAM[5f000]
[9788] W DRAM[0]
[9888] W DRAM[60000]
[9891] W DRAM[0]
[9991] W DRAM[61000]
[9994] W DRAM[0]
[10094] W DRAM[62000]
[10097] W DRAM[0]
[10197] W DRAM[63000]
[10200] W DRAM[0]
[10300] W DRAM[64000]
[10303] W DRAM[0]
[10403] W DRAM[65000]
[10406] W DRAM[0]
[10506] W DRAM[66000]
[10509] W DRAM[0]
[10609] W DRAM[67000]
[10612] W DRAM[0]
[10712] W DRAM[68000]
[10715] W DRAM[0]
[10815] W DRAM[69000]
[10818] W DRAM[0]
[10918] W DRAM[6a000]
[10921] W DRAM[0]
[11021] W DRAM[6b000]
[11024] W DRAM[0]
[11124] W DRAM[6c000]
[11127] W DRAM[0]
[11227] W DRAM[6d000]
[11230] W DRAM[0]
[11330] W DRAM[6e000]
[11333] W DRAM[0]
[11433] W DRAM[6f000]
[11436] W DRAM[0]
[11536] W DRAM[70000]
[11539] W DRAM[0]
[11639] W DRAM[71000]
[11642] W DRAM[0]
[11742] W DRAM[72000]
[11745] W DRAM[0]
[11845] W DRAM[73000]
[11848] W DRAM[0]
[11948] W DRAM[74000]
[11951] W DRAM[0]
[12051] W DRAM[75000]
[12054] W DRAM[0]
[12154] W DRAM[76000]
[12157] W DRAM[0]
[12257] W DRAM[77000]
[12260] W DRAM[0]
[12360] W DRAM[78000]
[12363] W DRAM[0]
[12463] W DRAM[79000]
[12466] W DRAM[0]
[12566] W DRAM[7a000]
[12569] W DRAM[0]
[12669] W DRAM[7b000]
[12672] W DRAM[0]
[12772] W DRAM[7c000]
[12775] W DRAM[0]
[12875] W DRAM[7d000]
[12878] W DRAM[0]
[12978] W DRAM[7e000]
[12981] W DRAM[0]
[13081] W DRAM[7f000]
[13084] W DRAM[0]
[13184] W DRAM[80000]
[13187] W DRAM[0]
[13287] W DRAM[81000]
[13290] W DRAM[0]
[13390] W DRAM[82000]
[13393] W DRAM[0]
[13493] W DRAM[83000]
[13496] W DRAM[0]
[13596] W DRAM[84000]
[13599] W DRAM[0]
[13699] W DRAM[85000]
[13702] W DRAM[0]
[13802] W DRAM[86000]
[13805] W DRAM[0]
[13905] W DRAM[87000]
[13908] W DRAM[0]
[14008] W DRAM[88000]
[14011] W DRAM[0]
[14111] W DRAM[89000]
[14114] W DRAM[0]
[14214] W DRAM[8a000]
[14217] W DRAM[0]
[14317] W DRAM[8b000]
[14320] W DRAM[0]
[14420] W DRAM[8c000]
[14423] W DRAM[0]
[14523] W DRAM[8d000]
[14526] W DRAM[0]
[14626] W DRAM[8e000]
[14629] W DRAM[0]
[14729] W DRAM[8f000]
[14732] W DRAM[0]
[14832] W DRAM[90000]
[14835] W DRAM[0]
[14935] W DRAM[91000]
[14938] W DRAM[0]
[15038] W DRAM[92000]
[15041] W DRAM[0]
[15141] W DRAM[93000]
[15144] W DRAM[0]
[15244] W DRAM[94000]
[15247] W DRAM[0]
[15347] W DRAM[95000]
[15350] W DRAM[0]
[15450] W DRAM[96000]
[15453] W DRAM[0]
[15553] W DRAM[97000]
[15556] W DRAM[0]
[15656] W DRAM[98000]
[15659] W DRAM[0]
[15759] W DRAM[99000]
[15762] W DRAM[0]
[15862] W DRAM[9a000]
[15865] W DRAM[0]
[15965] W DRAM[9b000]
[15968] W DRAM[0]
[16068] W DRAM[9c000]
[16071] W DRAM[0]
[16171] W DRAM[9d000]
[16174] W DRAM[0]
[16274] W DRAM[9e000]
[16277] W DRAM[0]
[16377] W DRAM[9f000]
[16380] W DRAM[0]
[16480] W DRAM[a0000]
[16483] W DRAM[0]
[16583] W DRAM[a1000]
[16586] W DRAM[0]
[16686] W DRAM[a2000]
[16689] W DRAM[0]
[16789] W DRAM[a3000]
[16792] W DRAM[0]
[16892] W DRAM[a4000]
[16895] W DRAM[0]
[16995] W DRAM[a5000]
[16998] W DRAM[0]
[17098] W DRAM[a6000]
[17101] W DRAM[0]
[17201] W DRAM[a7000]
[17204] W DRAM[0]
[17304] W DRAM[a8000]
[17307] W DRAM[0]
[17407] W DRAM[a9000]
[17410] W DRAM[0]
[17510] W DRAM[aa000]
[17513] W DRAM[0]
[17613] W DRAM[ab000]
[17616] W DRAM[0]
[17716] W DRAM[ac000]
[17719] W DRAM[0]
[17819] W DRAM[ad000]
[17822] W DRAM[0]
[17922] W DRAM[ae000]
[17925] W DRAM[0]
[18025] W DRAM[af000]
[18028] W DRAM[0]
[18128] W DRAM[b0000]
[18131] W DRAM[0]
[18231] W DRAM[b1000]
[18234] W DRAM[0]
[18334] W DRAM[b2000]
[18337] W DRAM[0]
[18437] W DRAM[b3000]
[18440] W DRAM[0]
[18540] W DRAM[b4000]
[18543] W DRAM[0]
[18643] W DRAM[b5000]
[18646] W DRAM[0]
[18746] W DRAM[b6000]
[18749] W DRAM[0]
[18849] W DRAM[b7000]
[18852] W DRAM[0]
[18952] W DRAM[b8000]
[18955] W DRAM[0]
[19055] W DRAM[b9000]
[19058] W DRAM[0]
[19158] W DRAM[ba000]
[19161] W DRAM[0]
[19261] W DRAM[bb000]
[19264] W DRAM[0]
[19364] W DRAM[bc000]
[19367] W DRAM[0]
[19467] W DRAM[bd000]
[19470] W DRAM[0]
[19570] W DRAM[be000]
[19573] W DRAM[0]
[19673] W DRAM[bf000]
[19676] W DRAM[0]
[19776] W DRAM[c0000]
[19779] W DRAM[0]
[19879] W DRAM[c1000]
[19882] W DRAM[0]
[19982] W DRAM[c2000]
[19985] W DRAM[0]
[20085] W DRAM[c3000]
[20088] W DRAM[0]
[20188] W DRAM[c4000]
[20191] W DRAM[0]
[20291] W DRAM[c5000]
[20294] W DRAM[0]
[20394] W DRAM[c6000]
[20397] W DRAM[0]
[20497] W DRAM[c7000]
[20500] W DRAM[0]
[20600] W DRAM[c8000]
[20603] W DRAM[0]
[20703] W DRAM[c9000]
[20706] W DRAM[0]
[20806] W DRAM[ca000]
[20809] W DRAM[0]
[20909] W DRAM[cb000]
[20912] W DRAM[0]
[21012] W DRAM[cc000]
[21015] W DRAM[0]
[21115] W DRAM[cd000]
[21118] W DRAM[0]
[21218] W DRAM[ce000]
[21221] W DRAM[0]
[21321] W DRAM[cf000]
[21324] W DRAM[0]
[21424] W DRAM[d0000]
[21427] W DRAM[0]
[21527] W DRAM[d1000]
[21530] W DRAM[0]
[21630] W DRAM[d2000]
[21633] W DRAM[0]
[21733] W DRAM[d3000]
[21736] W DRAM[0]
[21836] W DRAM[d4000]
[21839] W DRAM[0]
[21939] W DRAM[d5000]
[21942] W DRAM[0]
[22042] W DRAM[d6000]
[22045] W DRAM[0]
[22145] W DRAM[d7000]
[22148] W DRAM[0]
[22248] W DRAM[d8000]
[22251] W DRAM[0]
[22351] W DRAM[d9000]
[22354] W DRAM[0]
[22454] W DRAM[da000]
[22457] W DRAM[0]
[22557] W DRAM[db000]
[22560] W DRAM[0]
[22660] W DRAM[dc000]
[22663] W DRAM[0]
[22763] W DRAM[dd000]
[22766] W DRAM[0]
[22866] W DRAM[de000]
[22869] W DRAM[0]
[22969] W DRAM[df000]
[22972] W DRAM[0]
[23072] W DRAM[e0000]
[23075] W DRAM[0]
[23175] W DRAM[e1000]
[23178] W DRAM[0]
[23278] W DRAM[e2000]
[23281] W DRAM[0]
[23381] W DRAM[e3000]
[23384] W DRAM[0]
[23484] W DRAM[e4000]
[23487] W DRAM[0]
[23587] W DRAM[e5000]
[23590] W DRAM[0]
[23690] W DRAM[e6000]
[23693] W DRAM[0]
[23793] W DRAM[e7000]
[23796] W DRAM[0]
[23896] W DRAM[e8000]
[23899] W DRAM[0]
[23999] W DRAM[e9000]
[24002] W DRAM[0]
[24102] W DRAM[ea000]
[24105] W DRAM[0]
[24205] W DRAM[eb000]
[24208] W DRAM[0]
[24308] W DRAM[ec000]
[24311] W DRAM[0]
[24411] W DRAM[ed000]
[24414] W DRAM[0]
[24514] W DRAM[ee000]
[24517] W DRAM[0]
[24617] W DRAM[ef000]
[24620] W DRAM[0]
[24720] W DRAM[f0000]
[24723] W DRAM[0]
[24823] W DRAM[f1000]
[24826] W DRAM[0]
[24926] W DRAM[f2000]
[24929] W DRAM[0]
[25029] W DRAM[f3000]
[25032] W DRAM[0]
[25132] W DRAM[f4000]
[25135] W DRAM[0]
[25235] W DRAM[f5000]
[25238] W DRAM[0]
[25338] W DRAM[f6000]
[25341] W DRAM[0]
[25441] W DRAM[f7000]
[25444] W DRAM[0]
[25544] W DRAM[f8000]
[25547] W DRAM[0]
[25647] W DRAM[f9000]
[25650] W DRAM[0]
[25750] W DRAM[fa000]
[25753] W DRAM[0]
[25853] W DRAM[fb000]
[25856] W DRAM[0]
[25956] W DRAM[fc000]
[25959] W DRAM[0]
[26059] W DRAM[fd000]
[26062] W DRAM[0]
[26162] W DRAM[fe000]
[26165] W DRAM[0]
[26265] W DRAM[ff000]
[26268] W DRAM[0]
[26368] W DRAM[100000]
[26371] W DRAM[0]
[26471] R DRAM[101000]
[26474] W DRAM[0]
[26574] R DRAM[102000]
[26577] W DRAM[0]
[26677] R DRAM[103000]
[26680] W DRAM[0]
[26780] R DRAM[104000]
[26783] W DRAM[0]
[26883] R DRAM[105000]
[26886] W DRAM[0]
[26986] R DRAM[106000]
[26989] W DRAM[0]
[27089] R DRAM[107000]
[27092] W DRAM[0]
[27192] R DRAM[108000]
[27195] W DRAM[0]
[27295] R DRAM[109000]
[27298] W DRAM[0]
[27398] R DRAM[10a000]
[27401] W DRAM[0]
[27501] R DRAM[10b000]
[27504] W DRAM[0]
[27604] R DRAM[10c000]
[27607] W DRAM[0]
[27707] R DRAM[10d000]
[27710] W DRAM[0]
[27810] R DRAM[10e000]
[27813] W DRAM[0]
[27913] R DRAM[10f000]
[27916] W DRAM[0]
[28016] R DRAM[110000]
[28019] W DRAM[0]
[28119] R DRAM[111000]
[28122] W DRAM[0]
[28222] R DRAM[112000]
[28225] W DRAM[0]
[28325] R DRAM[113000]
[28328] W DRAM[0]
[28428] R DRAM[114000]
[28431] W DRAM[0]
[28531] R DRAM[115000]
[28534] W DRAM[0]
[28634] R DRAM[116000]
[28637] W DRAM[0]
[28737] R DRAM[117000]
[28740] W DRAM[0]
[28840] R DRAM[118000]
[28843] W DRAM[0]
[28943] R DRAM[119000]
[28946] W DRAM[0]
[29046] R DRAM[11a000]
[29049] W DRAM[0]
[29149] R DRAM[11b000]
[29152] W DRAM[0]
[29252] R DRAM[11c000]
[29255] W DRAM[0]
[29355] R DRAM[11d000]
[29358] W DRAM[0]
[29458] R DRAM[11e000]
[29461] W DRAM[0]
[29561] R DRAM[11f000]
[29564] W DRAM[0]
[29664] R DRAM[120000]
[29667] W DRAM[0]
[29767] R DRAM[121000]
[29770] W DRAM[0]
[29870] R DRAM[122000]
[29873] W DRAM[0]
[29973] R DRAM[123000]
[29976] W DRAM[0]
[30076] R DRAM[124000]
[30079] W DRAM[0]
[30179] R DRAM[125000]
[30182] W DRAM[0]
[30282] R DRAM[126000]
[30285] W DRAM[0]
[30385] R DRAM[127000]
[30388] W DRAM[0]
[30488] R DRAM[128000]
[30491] W DRAM[0]
[30591] R DRAM[129000]
[30594] W DRAM[0]
[30694] R DRAM[12a000]
[30697] W DRAM[0]
[30797] R DRAM[12b000]
[30800] W DRAM[0]
[30900] R DRAM[12c000]
[30903] W DRAM[0]
[31003] R DRAM[12d000]
[31006] W DRAM[0]
[31106] R DRAM[12e000]
[31109] W DRAM[0]
[31209] R DRAM[12f000]
[31212] W DRAM[0]
[31312] R DRAM[130000]
[31315] W DRAM[0]
[31415] R DRAM[131000]
[31418] W DRAM[0]
[31518] R DRAM[132000]
[31521] W DRAM[0]
[31621] R DRAM[133000]
[31624] W DRAM[0]
[31724] R DRAM[134000]
[31727] W DRAM[0]
[31827] R DRAM[135000]
[31830] W DRAM[0]
[31930] R DRAM[136000]
[31933] W DRAM[0]
[32033] R DRAM[137000]
[32036] W DRAM[0]
[32136] R DRAM[138000]
[32139] W DRAM[0]
[32239] R DRAM[139000]
[32242] W DRAM[0]
[32342] R DRAM[13a000]
[32345] W DRAM[0]
[32445] R DRAM[13b000]
[32448] W DRAM[0]
[32548] R DRAM[13c000]
[32551] W DRAM[0]
[32651] R DRAM[13d000]
[32654] W DRAM[0]
[32754] R DRAM[13e000]
[32757] W DRAM[0]
[32857] R DRAM[13f000]
[32860] W DRAM[0]
[32960] R DRAM[140000]
[32963] W DRAM[0]
[33063] R DRAM[141000]
[33066] W DRAM[0]
[33166] R DRAM[142000]
[33169] W DRAM[0]
[33269] R DRAM[143000]
[33272] W DRAM[0]
[33372] R DRAM[144000]
[33375] W DRAM[0]
[33475] R DRAM[145000]
[33478] W DRAM[0]
[33578] R DRAM[146000]
[33581] W DRAM[0]
[33681] R DRAM[147000]
[33684] W DRAM[0]
[33784] R DRAM[148000]
[33787] W DRAM[0]
[33887] R DRAM[149000]
[33890] W DRAM[0]
[33990] R DRAM[14a000]
[33993] W DRAM[0]
[34093] R DRAM[14b000]
[34096] W DRAM[0]
[34196] R DRAM[14c000]
[34199] W DRAM[0]
[34299] R DRAM[14d000]
[34302] W DRAM[0]
[34402] R DRAM[14e000]
[34405] W DRAM[0]
[34505] R DRAM[14f000]
[34508] W DRAM[0]
[34608] R DRAM[150000]
[34611] W DRAM[0]
[34711] R DRAM[151000]
[34714] W DRAM[0]
[34814] R DRAM[152000]
[34817] W DRAM[0]
[34917] R DRAM[153000]
[34920] W DRAM[0]
[35020] R DRAM[154000]
[35023] W DRAM[0]
[35123] R DRAM[155000]
[35126] W DRAM[0]
[35226] R DRAM[156000]
[35229] W DRAM[0]
[35329] R DRAM[157000]
[35332] W DRAM[0]
[35432] R DRAM[158000]
[35435] W DRAM[0]
[35535] R DRAM[159000]
[35538] W DRAM[0]
[35638] R DRAM[15a000]
[35641] W DRAM[0]
[35741] R DRAM[15b000]
[35744] W DRAM[0]
[35844] R DRAM[15c000]
[35847] W DRAM[0]
[35947] R DRAM[15d000]
[35950] W DRAM[0]
[36050] R DRAM[15e000]
[36053] W DRAM[0]
[36153] R DRAM[15f000]
[36156] W DRAM[0]
[36256] R DRAM[160000]
[36259] W DRAM[0]
[36359] R DRAM[161000]
[36362] W DRAM[0]
[36462] R DRAM[162000]
[36465] W DRAM[0]
[36565] R DRAM[163000]
[36568] W DRAM[0]
[36668] R DRAM[164000]
[36671] W DRAM[0]
[36771] R DRAM[165000]
[36774] W DRAM[0]
[36874] R DRAM[166000]
[36877] W DRAM[0]
[36977] R DRAM[167000]
[36980] W DRAM[0]
[37080] R DRAM[168000]
[37083] W DRAM[0]
[37183] R DRAM[169000]
[37186] W DRAM[0]
[37286] R DRAM[16a000]
[37289] W DRAM[0]
[37389] R DRAM[16b000]
[37392] W DRAM[0]
[37492] R DRAM[16c000]
[37495] W DRAM[0]
[37595] R DRAM[16d000]
[37598] W DRAM[0]
[37698] R DRAM[16e000]
[37701] W DRAM[0]
[37801] R DRAM[16f000]
[37804] W DRAM[0]
[37904] R DRAM[170000]
[37907] W DRAM[0]
[38007] R DRAM[171000]
[38010] W DRAM[0]
[38110] R DRAM[172000]
[38113] W DRAM[0]
[38213] R DRAM[173000]
[38216] W DRAM[0]
[38316] R DRAM[174000]
[38319] W DRAM[0]
[38419] R DRAM[175000]
[38422] W DRAM[0]
[38522] R DRAM[176000]
[38525] W DRAM[0]
[38625] R DRAM[177000]
[38628] W DRAM[0]
[38728] R DRAM[178000]
[38731] W DRAM[0]
[38831] R DRAM[179000]
[38834] W DRAM[0]
[38934] R DRAM[17a000]
[38937] W DRAM[0]
[39037] R DRAM[17b000]
[39040] W DRAM[0]
[39140] R DRAM[17c000]
[39143] W DRAM[0]
[39243] R DRAM[17d000]
[39246] W DRAM[0]
[39346] R DRAM[17e000]
[39349] W DRAM[0]
[39449] R DRAM[17f000]
[39452] W DRAM[0]
[39552] R DRAM[180000]
[39555] W DRAM[0]
[39655] R DRAM[181000]
[39658] W DRAM[0]
[39758] R DRAM[182000]
[39761] W DRAM[0]
[39861] R DRAM[183000]
[39864] W DRAM[0]
[39964] R DRAM[184000]
[39967] W DRAM[0]
[40067] R DRAM[185000]
[40070] W DRAM[0]
[40170] R DRAM[186000]
[40173] W DRAM[0]
[40273] R DRAM[187000]
[40276] W DRAM[0]
[40376] R DRAM[188000]
[40379] W DRAM[0]
[40479] R DRAM[189000]
[40482] W DRAM[0]
[40582] R DRAM[18a000]
[40585] W DRAM[0]
[40685] R DRAM[18b000]
[40688] W DRAM[0]
[40788] R DRAM[18c000]
[40791] W DRAM[0]
[40891] R DRAM[18d000]
[40894] W DRAM[0]
[40994] R DRAM[18e000]
[40997] W DRAM[0]
[41097] R DRAM[18f000]
[41100] W DRAM[0]
[41200] R DRAM[190000]
[41203] W DRAM[0]
[41303] R DRAM[191000]
[41306] W DRAM[0]
[41406] R DRAM[192000]
[41409] W DRAM[0]
[41509] R DRAM[193000]
[41512] W DRAM[0]
[41612] R DRAM[194000]
[41615] W DRAM[0]
[41715] R DRAM[195000]
[41718] W DRAM[0]
[41818] R DRAM[196000]
[41821] W DRAM[0]
[41921] R DRAM[197000]
[41924] W DRAM[0]
[42024] R DRAM[198000]
[42027] W DRAM[0]
[42127] R DRAM[199000]
[42130] W DRAM[0]
[42230] R DRAM[19a000]
[42233] W DRAM[0]
[42333] R DRAM[19b000]
[42336] W DRAM[0]
[42436] R DRAM[19c000]
[42439] W DRAM[0]
[42539] R DRAM[19d000]
[42542] W DRAM[0]
[42642] R DRAM[19e000]
[42645] W DRAM[0]
[42745] R DRAM[19f000]
[42748] W DRAM[0]
[42848] R DRAM[1a0000]
[42851] W DRAM[0]
[42951] R DRAM[1a1000]
[42954] W DRAM[0]
[43054] R DRAM[1a2000]
[43057] W DRAM[0]
[43157] R DRAM[1a3000]
[43160] W DRAM[0]
[43260] R DRAM[1a4000]
[43263] W DRAM[0]
[43363] R DRAM[1a5000]
[43366] W DRAM[0]
[43466] R DRAM[1a6000]
[43469] W DRAM[0]
[43569] R DRAM[1a7000]
[43572] W DRAM[0]
[43672] R DRAM[1a8000]
[43675] W DRAM[0]
[43775] R DRAM[1a9000]
[43778] W DRAM[0]
[43878] R DRAM[1aa000]
[43881] W DRAM[0]
[43981] R DRAM[1ab000]
[43984] W DRAM[0]
[44084] R DRAM[1ac000]
[44087] W DRAM[0]
[44187] R DRAM[1ad000]
[44190] W DRAM[0]
[44290] R DRAM[1ae000]
[44293] W DRAM[0]
[44393] R DRAM[1af000]
[44396] W DRAM[0]
[44496] R DRAM[1b0000]
[44499] W DRAM[0]
[44599] R DRAM[1b1000]
[44602] W DRAM[0]
[44702] R DRAM[1b2000]
[44705] W DRAM[0]
[44805] R DRAM[1b3000]
[44808] W DRAM[0]
[44908] R DRAM[1b4000]
[44911] W DRAM[0]
[45011] R DRAM[1b5000]
[45014] W DRAM[0]
[45114] R DRAM[1b6000]
[45117] W DRAM[0]
[45217] R DRAM[1b7000]
[45220] W DRAM[0]
[45320] R DRAM[1b8000]
[45323] W DRAM[0]
[45423] R DRAM[1b9000]
[45426] W DRAM[0]
[45526] R DRAM[1ba000]
[45529] W DRAM[0]
[45629] R DRAM[1bb000]
[45632] W DRAM[0]
[45732] R DRAM[1bc000]
[45735] W DRAM[0]
[45835] R DRAM[1bd000]
[45838] W DRAM[0]
[45938] R DRAM[1be000]
[45941] W DRAM[0]
[46041] R DRAM[1bf000]
[46044] W DRAM[0]
[46144] R DRAM[1c0000]
[46147] W DRAM[0]
[46247] R DRAM[1c1000]
[46250] W DRAM[0]
[46350] R DRAM[1c2000]
[46353] W DRAM[0]
[46453] R DRAM[1c3000]
[46456] W DRAM[0]
[46556] R DRAM[1c4000]
[46559] W DRAM[0]
[46659] R DRAM[1c5000]
[46662] W DRAM[0]
[46762] R DRAM[1c6000]
[46765] W DRAM[0]
[46865] R DRAM[1c7000]
[46868] W DRAM[0]
[46968] R DRAM[1c8000]
[46971] W DRAM[0]
[47071] R DRAM[1c9000]
[47074] W DRAM[0]
[47174] R DRAM[1ca000]
[47177] W DRAM[0]
[47277] R DRAM[1cb000]
[47280] W DRAM[0]
[47380] R DRAM[1cc000]
[47383] W DRAM[0]
[47483] R DRAM[1cd000]
[47486] W DRAM[0]
[47586] R DRAM[1ce000]
[47589] W DRAM[0]
[47689] R DRAM[1cf000]
[47692] W DRAM[0]
[47792] R DRAM[1d0000]
[47795] W DRAM[0]
[47895] R DRAM[1d1000]
[47898] W DRAM[0]
[47998] R DRAM[1d2000]
[48001] W DRAM[0]
[48101] R DRAM[1d3000]
[48104] W DRAM[0]
[48204] R DRAM[1d4000]
[48207] W DRAM[0]
[48307] R DRAM[1d5000]
[48310] W DRAM[0]
[48410] R DRAM[1d6000]
[48413] W DRAM[0]
[48513] R DRAM[1d7000]
[48516] W DRAM[0]
[48616] R DRAM[1d8000]
[48619] W DRAM[0]
[48719] R DRAM[1d9000]
[48722] W DRAM[0]
[48822] R DRAM[1da000]
[48825] W DRAM[0]
[48925] R DRAM[1db000]
[48928] W DRAM[0]
[49028] R DRAM[1dc000]
[49031] W DRAM[0]
[49131] R DRAM[1dd000]
[49134] W DRAM[0]
[49234] R DRAM[1de000]
[49237] W DRAM[0]
[49337] R DRAM[1df000]
[49340] W DRAM[0]
[49440] R DRAM[1e0000]
[49443] W DRAM[0]
[49543] R DRAM[1e1000]
[49546] W DRAM[0]
[49646] R DRAM[1e2000]
[49649] W DRAM[0]
[49749] R DRAM[1e3000]
[49752] W DRAM[0]
[49852] R DRAM[1e4000]
[49855] W DRAM[0]
[49955] R DRAM[1e5000]
[49958] W DRAM[0]
[50058] R DRAM[1e6000]
[50061] W DRAM[0]
[50161] R DRAM[1e7000]
[50164] W DRAM[0]
[50264] R DRAM[1e8000]
[50267] W DRAM[0]
[50367] R DRAM[1e9000]
[50370] W DRAM[0]
[50470] R DRAM[1ea000]
[50473] W DRAM[0]
[50573] R DRAM[1eb000]
[50576] W DRAM[0]
[50676] R DRAM[1ec000]
[50679] W DRAM[0]
[50779] R DRAM[1ed000]
[50782] W DRAM[0]
[50882] R DRAM[1ee000]
[50885] W DRAM[0]
[50985] R DRAM[1ef000]
[50988] W DRAM[0]
[51088] R DRAM[1f0000]
[51091] W DRAM[0]
[51191] R DRAM[1f1000]
[51194] W DRAM[0]
[51294] R DRAM[1f2000]
[51297] W DRAM[0]
[51397] R DRAM[1f3000]
[51400] W DRAM[0]
[51500] R DRAM[1f4000]
[51503] W DRAM[0]
[51603] R DRAM[1f5000]
[51606] W DRAM[0]
[51706] R DRAM[1f6000]
[51709] W DRAM[0]
[51809] R DRAM[1f7000]
[51812] W DRAM[0]
[51912] R DRAM[1f8000]
[51915] W DRAM[0]
[52015] R DRAM[1f9000]
[52018] W DRAM[0]
[52118] R DRAM[1fa000]
[52121] W DRAM[0]
[52221] R DRAM[1fb000]
[52224] W DRAM[0]
[52324] R DRAM[1fc000]
[52327] W DRAM[0]
[52427] R DRAM[1fd000]
[52430] W DRAM[0]
[52530] R DRAM[1fe000]
[52533] W DRAM[0]
[52633] R DRAM[1ff000]
[52636] W DRAM[0]
[52736] R DRAM[200000]
[52739] R DRAM[1000]
[52742] W DRAM[2000]
[52745] R DRAM[3000]
[52748] W DRAM[4000]
[52751] R DRAM[5000]
[52754] W DRAM[6000]
[52757] R DRAM[7000]
[52760] W DRAM[8000]
[52763] R DRAM[9000]
[52766] W DRAM[a000]
[52769] R DRAM[b000]
[52772] W DRAM[c000]
[52775] R DRAM[d000]
[52778] W DRAM[e000]
[52781] R DRAM[f000]
[52784] W DRAM[10000]
[52787] R DRAM[11000]
[52790] W DRAM[12000]
[52793] R DRAM[13000]
[52796] W DRAM[14000]
[52799] R DRAM[15000]
[52802] W DRAM[16000]
[52805] R DRAM[17000]
[52808] W DRAM[18000]
[52811] R DRAM[19000]
[52814] W DRAM[1a000]
[52817] R DRAM[1b000]
[52820] W DRAM[1c000]
[52823] R DRAM[1d000]
[52826] W DRAM[1e000]
[52829] R DRAM[1f000]
[52832] W DRAM[20000]
[52835] R DRAM[21000]
[52838] W DRAM[22000]
[52841] R DRAM[23000]
[52844] W DRAM[24000]
[52847] R DRAM[25000]
[52850] W DRAM[26000]
[52853] R DRAM[27000]
[52856] W DRAM[28000]
[52859] R DRAM[29000]
[52862] W DRAM[2a000]
[52865] R DRAM[2b000]
[52868] W DRAM[2c000]
[52871] R DRAM[2d000]
[52874] W DRAM[2e000]
[52877] R DRAM[2f000]
[52880] W DRAM[30000]
[52883] R DRAM[31000]
[52886] W DRAM[32000]
[52889] R DRAM[33000]
[52892] W DRAM[34000]
[52895] R DRAM[35000]
[52898] W DRAM[36000]
[52901] R DRAM[37000]
[52904] W DRAM[38000]
[52907] R DRAM[39000]
[52910] W DRAM[3a000]
[52913] R DRAM[3b000]
[52916] W DRAM[3c000]
[52919] R DRAM[3d000]
[52922] W DRAM[3e000]
[52925] R DRAM[3f000]
[52928] W DRAM[40000]
[52931] R DRAM[41000]
[52934] W DRAM[42000]
[52937] R DRAM[43000]
[52940] W DRAM[44000]
[52943] R DRAM[45000]
[52946] W DRAM[46000]
[52949] R DRAM[47000]
[52952] W DRAM[48000]
[52955] R DRAM[49000]
[52958] W DRAM[4a000]
[52961] R DRAM[4b000]
[52964] W DRAM[4c000]
[52967] R DRAM[4d000]
[52970] W DRAM[4e000]
[52973] R DRAM[4f000]
[52976] W DRAM[50000]
[52979] R DRAM[51000]
[52982] W DRAM[52000]
[52985] R DRAM[53000]
[52988] W DRAM[54000]
[52991] R DRAM[55000]
[52994] W DRAM[56000]
[52997] R DRAM[57000]
[53000] W DRAM[58000]
[53003] R DRAM[59000]
[53006] W DRAM[5a000]
[53009] R DRAM[5b000]
[53012] W DRAM[5c000]
[53015] R DRAM[5d000]
[53018] W DRAM[5e000]
[53021] R DRAM[5f000]
[53024] W DRAM[60000]
[53027] R DRAM[61000]
[53030] W DRAM[62000]
[53033] R DRAM[63000]
[53036] W DRAM[64000]
[53039] R DRAM[65000]
[53042] W DRAM[66000]
[53045] R DRAM[67000]
[53048] W DRAM[68000]
[53051] R DRAM[69000]
[53054] W DRAM[6a000]
[53057] R DRAM[6b000]
[53060] W DRAM[6c000]
[53063] R DRAM[6d000]
[53066] W DRAM[6e000]
[53069] R DRAM[6f000]
[53072] W DRAM[70000]
[53075] R DRAM[71000]
[53078] W DRAM[72000]
[53081] R DRAM[73000]
[53084] W DRAM[74000]
[53087] R DRAM[75000]
[53090] W DRAM[76000]
[53093] R DRAM[77000]
[53096] W DRAM[78000]
[53099] R DRAM[79000]
[53102] W DRAM[7a000]
[53105] R DRAM[7b000]
[53108] W DRAM[7c000]
[53111] R DRAM[7d000]
[53114] W DRAM[7e000]
[53117] R DRAM[7f000]
[53120] W DRAM[80000]
[53123] R DRAM[81000]
[53126] W DRAM[82000]
[53129] R DRAM[83000]
[53132] W DRAM[84000]
[53135] R DRAM[85000]
[53138] W DRAM[86000]
[53141] R DRAM[87000]
[53144] W DRAM[88000]
[53147] R DRAM[89000]
[53150] W DRAM[8a000]
[53153] R DRAM[8b000]
[53156] W DRAM[8c000]
[53159] R DRAM[8d000]
[53162] W DRAM[8e000]
[53165] R DRAM[8f000]
[53168] W DRAM[90000]
[53171] R DRAM[91000]
[53174] W DRAM[92000]
[53177] R DRAM[93000]
[53180] W DRAM[94000]
[53183] R DRAM[95000]
[53186] W DRAM[96000]
[53189] R DRAM[97000]
[53192] W DRAM[98000]
[53195] R DRAM[99000]
[53198] W DRAM[9a000]
[53201] R DRAM[9b000]
[53204] W DRAM[9c000]
[53207] R DRAM[9d000]
[53210] W DRAM[9e000]
[53213] R DRAM[9f000]
[53216] W DRAM[a0000]
[53219] R DRAM[a1000]
[53222] W DRAM[a2000]
[53225] R DRAM[a3000]
[53228] W DRAM[a4000]
[53231] R DRAM[a5000]
[53234] W DRAM[a6000]
[53237] R DRAM[a7000]
[53240] W DRAM[a8000]
[53243] R DRAM[a9000]
[53246] W DRAM[aa000]
[53249] R DRAM[ab000]
[53252] W DRAM[ac000]
[53255] R DRAM[ad000]
[53258] W DRAM[ae000]
[53261] R DRAM[af000]
[53264] W DRAM[b0000]
[53267] R DRAM[b1000]
[53270] W DRAM[b2000]
[53273] R DRAM[b3000]
[53276] W DRAM[b4000]
[53279] R DRAM[b5000]
[53282] W DRAM[b6000]
[53285] R DRAM[b7000]
[53288] W DRAM[b8000]
[53291] R DRAM[b9000]
[53294] W DRAM[ba000]
[53297] R DRAM[bb000]
[53300] W DRAM[bc000]
[53303] R DRAM[bd000]
[53306] W DRAM[be000]
[53309] R DRAM[bf000]
[53312] W DRAM[c0000]
[53315] R DRAM[c1000]
[53318] W DRAM[c2000]
[53321] R DRAM[c3000]
[53324] W DRAM[c4000]
[53327] R DRAM[c5000]
[53330] W DRAM[c6000]
[53333] R DRAM[c7000]
[53336] W DRAM[c8000]
[53339] R DRAM[c9000]
[53342] W DRAM[ca000]
[53345] R DRAM[cb000]
[53348] W DRAM[cc000]
[53351] R DRAM[cd000]
[53354] W DRAM[ce000]
[53357] R DRAM[cf000]
[53360] W DRAM[d0000]
[53363] R DRAM[d1000]
[53366] W DRAM[d2000]
[53369] R DRAM[d3000]
[53372] W DRAM[d4000]
[53375] R DRAM[d5000]
[53378] W DRAM[d6000]
[53381] R DRAM[d7000]
[53384] W DRAM[d8000]
[53387] R DRAM[d9000]
[53390] W DRAM[da000]
[53393] R DRAM[db000]
[53396] W DRAM[dc000]
[53399] R DRAM[dd000]
[53402] W DRAM[de000]
[53405] R DRAM[df000]
[53408] W DRAM[e0000]
[53411] R DRAM[e1000]
[53414] W DRAM[e2000]
[53417] R DRAM[e3000]
[53420] W DRAM[e4000]
[53423] R DRAM[e5000]
[53426] W DRAM[e6000]
[53429] R DRAM[e7000]
[53432] W DRAM[e8000]
[53435] R DRAM[e9000]
[53438] W DRAM[ea000]
[53441] R DRAM[eb000]
[53444] W DRAM[ec000]
[53447] R DRAM[ed000]
[53450] W DRAM[ee000]
[53453] R DRAM[ef000]
[53456] W DRAM[f0000]
[53459] R DRAM[f1000]
[53462] W DRAM[f2000]
[53465] R DRAM[f3000]
[53468] W DRAM[f4000]
[53471] R DRAM[f5000]
[53474] W DRAM[f6000]
[53477] R DRAM[f7000]
[53480] W DRAM[f8000]
[53483] R DRAM[f9000]
[53486] W DRAM[fa000]
[53489] R DRAM[fb000]
[53492] W DRAM[fc000]
[53495] R DRAM[fd000]
[53498] W DRAM[fe000]
[53501] R DRAM[ff000]
[53504] W DRAM[100000]
Elapsed: 53504 ns
Total instructions executed: 768
Total page faults: 512
Total page evictions: 0
Total TLB L1 hits: 0 (0.00%)
Total TLB L2 hits: 256 (33.33%)
Total TLB L1 invalidations: 0
Total TLB L2 invalidations: 0
=========== System Properties ===========
Virtual address:       32 bits
Page index:            12 bits
DRAM address:          28 bits
Disk address:          48 bits
Virtual address space: 4294967296 B
DRAM address space:    268435456 B
Disk address space:    281474976710656 B
Page size:             4096 B
Total pages:           1048576
=========================================
* W 30000000
***** Page fault! *****
PTE found (VA=30000000 VPN=30000 PA=1000)
* W 30001000
***** Page fault! *****
PTE found (VA=30001000 VPN=30001 PA=2000)
* W 30002000
***** Page fault! *****
PTE found (VA=30002000 VPN=30002 PA=3000)
* W 30003000
***** Page fault! *****
PTE found (VA=30003000 VPN=30003 PA=4000)
* W 30004000
***** Page fault! *****
PTE found (VA=30004000 VPN=30004 PA=5000)
* W 30005000
***** Page fault! *****
PTE found (VA=30005000 VPN=30005 PA=6000)
* W 30006000
***** Page fault! *****
PTE found (VA=30006000 VPN=30006 PA=7000)
* W 30007000
***** Page fault! *****
PTE found (VA=30007000 VPN=30007 PA=8000)
* W 30008000
***** Page fault! *****
PTE found (VA=30008000 VPN=30008 PA=9000)
* W 30009000
***** Page fault! *****
PTE found (VA=30009000 VPN=30009 PA=a000)
* W 3000a000
***** Page fault! *****
PTE found (VA=3000a000 VPN=3000a PA=b000)
* W 3000b000
***** Page fault! *****
PTE found (VA=3000b000 VPN=3000b PA=c000)
* W 3000c000
***** Page fault! *****
PTE found (VA=3000c000 VPN=3000c PA=d000)
* W 3000d000
***** Page fault! *****
PTE found (VA=3000d000 VPN=3000d PA=e000)
* W 3000e000
***** Page fault! *****
PTE found (VA=3000e000 VPN=3000e PA=f000)
* W 3000f000
***** Page fault! *****
PTE found (VA=3000f000 VPN=3000f PA=10000)
* W 30010000
***** Page fault! *****
PTE found (VA=30010000 VPN=30010 PA=11000)
* W 30011000
***** Page fault! *****
PTE found (VA=30011000 VPN=30011 PA=12000)
* W 30012000
***** Page fault! *****
PTE found (VA=30012000 VPN=30012 PA=13000)
* W 30013000
***** Page fault! *****
PTE found (VA=30013000 VPN=30013 PA=14000)
* W 30014000
***** Page fault! *****
PTE found (VA=30014000 VPN=30014 PA=15000)
* W 30015000
***** Page fault! *****
PTE found (VA=30015000 VPN=30015 PA=16000)
* W 30016000
***** Page fault! *****
PTE found (VA=30016000 VPN=30016 PA=17000)
* W 30017000
***** Page fault! *****
PTE found (VA=30017000 VPN=30017 PA=18000)
* W 30018000
***** Page fault! *****
PTE found (VA=30018000 VPN=30018 PA=19000)
* W 30019000
***** Page fault! *****
PTE found (VA=30019000 VPN=30019 PA=1a000)
* W 3001a000
***** Page fault! *****
PTE found (VA=3001a000 VPN=3001a PA=1b000)
* W 3001b000
***** Page fault! *****
PTE found (VA=3001b000 VPN=3001b PA=1c000)
* W 3001c000
***** Page fault! *****
PTE found (VA=3001c000 VPN=3001c PA=1d000)
* W 3001d000
***** Page fault! *****
PTE found (VA=3001d000 VPN=3001d PA=1e000)
* W 3001e000
***** Page fault! *****
PTE found (VA=3001e000 VPN=3001e PA=1f000)
* W 3001f000
***** Page fault! *****
PTE found (VA=3001f000 VPN=3001f PA=20000)
* W 30020000
***** Page fault! *****
PTE found (VA=30020000 VPN=30020 PA=21000)
* W 30021000
***** Page fault! *****
PTE found (VA=30021000 VPN=30021 PA=22000)
* W 30022000
***** Page fault! *****
PTE found (VA=30022000 VPN=30022 PA=23000)
* W 30023000
***** Page fault! *****
PTE found (VA=30023000 VPN=30023 PA=24000)
* W 30024000
***** Page fault! *****
PTE found (VA=30024000 VPN=30024 PA=25000)
* W 30025000
***** Page fault! *****
PTE found (VA=30025000 VPN=30025 PA=26000)
* W 30026000
***** Page fault! *****
PTE found (VA=30026000 VPN=30026 PA=27000)
* W 30027000
***** Page fault! *****
PTE found (VA=30027000 VPN=30027 PA=28000)
* W 30028000
***** Page fault! *****
PTE found (VA=30028000 VPN=30028 PA=29000)
* W 30029000
***** Page fault! *****
PTE found (VA=30029000 VPN=30029 PA=2a000)
* W 3002a000
***** Page fault! *****
PTE found (VA=3002a000 VPN=3002a PA=2b000)
* W 3002b000
***** Page fault! *****
PTE found (VA=3002b000 VPN=3002b PA=2c000)
* W 3002c000
***** Page fault! *****
PTE found (VA=3002c000 VPN=3002c PA=2d000)
* W 3002d000
***** Page fault! *****
PTE found (VA=3002d000 VPN=3002d PA=2e000)
* W 3002e000
***** Page fault! *****
PTE found (VA=3002e000 VPN=3002e PA=2f000)
* W 3002f000
***** Page fault! *****
PTE found (VA=3002f000 VPN=3002f PA=30000)
* W 30030000
***** Page fault! *****
PTE found (VA=30030000 VPN=30030 PA=31000)
* W 30031000
***** Page fault! *****
PTE found (VA=30031000 VPN=30031 PA=32000)
* W 30032000
***** Page fault! *****
PTE found (VA=30032000 VPN=30032 PA=33000)
* W 30033000
***** Page fault! *****
PTE found (VA=30033000 VPN=30033 PA=34000)
* W 30034000
***** Page fault! *****
PTE found (VA=30034000 VPN=30034 PA=35000)
* W 30035000
***** Page fault! *****
PTE found (VA=30035000 VPN=30035 PA=36000)
* W 30036000
***** Page fault! *****
PTE found (VA=30036000 VPN=30036 PA=37000)
* W 30037000
***** Page fault! *****
PTE found (VA=30037000 VPN=30037 PA=38000)
* W 30038000
***** Page fault! *****
PTE found (VA=30038000 VPN=30038 PA=39000)
* W 30039000
***** Page fault! *****
PTE found (VA=30039000 VPN=30039 PA=3a000)
* W 3003a000
***** Page fault! *****
PTE found (VA=3003a000 VPN=3003a PA=3b000)
* W 3003b000
***** Page fault! *****
PTE found (VA=3003b000 VPN=3003b PA=3c000)
* W 3003c000
***** Page fault! *****
PTE found (VA=3003c000 VPN=3003c PA=3d000)
* W 3003d000
***** Page fault! *****
PTE found (VA=3003d000 VPN=3003d PA=3e000)
* W 3003e000
***** Page fault! *****
PTE found (VA=3003e000 VPN=3003e PA=3f000)
* W 3003f000
***** Page fault! *****
PTE found (VA=3003f000 VPN=3003f PA=40000)
* W 30040000
***** Page fault! *****
PTE found (VA=30040000 VPN=30040 PA=41000)
* W 30041000
***** Page fault! *****
PTE found (VA=30041000 VPN=30041 PA=42000)
* W 30042000
***** Page fault! *****
PTE found (VA=30042000 VPN=30042 PA=43000)
* W 30043000
***** Page fault! *****
PTE found (VA=30043000 VPN=30043 PA=44000)
* W 30044000
***** Page fault! *****
PTE found (VA=30044000 VPN=30044 PA=45000)
* W 30045000
***** Page fault! *****
PTE found (VA=30045000 VPN=30045 PA=46000)
* W 30046000
***** Page fault! *****
PTE found (VA=30046000 VPN=30046 PA=47000)
* W 30047000
***** Page fault! *****
PTE found (VA=30047000 VPN=30047 PA=48000)
* W 30048000
***** Page fault! *****
PTE found (VA=30048000 VPN=30048 PA=49000)
* W 30049000
***** Page fault! *****
PTE found (VA=30049000 VPN=30049 PA=4a000)
* W 3004a000
***** Page fault! *****
PTE found (VA=3004a000 VPN=3004a PA=4b000)
* W 3004b000
***** Page fault! *****
PTE found (VA=3004b000 VPN=3004b PA=4c000)
* W 3004c000
***** Page fault! *****
PTE found (VA=3004c000 VPN=3004c PA=4d000)
* W 3004d000
***** Page fault! *****
PTE found (VA=3004d000 VPN=3004d PA=4e000)
* W 3004e000
***** Page fault! *****
PTE found (VA=3004e000 VPN=3004e PA=4f000)
* W 3004f000
***** Page fault! *****
PTE found (VA=3004f000 VPN=3004f PA=50000)
* W 30050000
***** Page fault! *****
PTE found (VA=30050000 VPN=30050 PA=51000)
* W 30051000
***** Page fault! *****
PTE found (VA=30051000 VPN=30051 PA=52000)
* W 30052000
***** Page fault! *****
PTE found (VA=30052000 VPN=30052 PA=53000)
* W 30053000
***** Page fault! *****
PTE found (VA=30053000 VPN=30053 PA=54000)
* W 30054000
***** Page fault! *****
PTE found (VA=30054000 VPN=30054 PA=55000)
* W 30055000
***** Page fault! *****
PTE found (VA=30055000 VPN=30055 PA=56000)
* W 30056000
***** Page fault! *****
PTE found (VA=30056000 VPN=30056 PA=57000)
* W 30057000
***** Page fault! *****
PTE found (VA=30057000 VPN=30057 PA=58000)
* W 30058000
***** Page fault! *****
PTE found (VA=30058000 VPN=30058 PA=59000)
* W 30059000
***** Page fault! *****
PTE found (VA=30059000 VPN=30059 PA=5a000)
* W 3005a000
***** Page fault! *****
PTE found (VA=3005a000 VPN=3005a PA=5b000)
* W 3005b000
***** Page fault! *****
PTE found (VA=3005b000 VPN=3005b PA=5c000)
* W 3005c000
***** Page fault! *****
PTE found (VA=3005c000 VPN=3005c PA=5d000)
* W 3005d000
***** Page fault! *****
PTE found (VA=3005d000 VPN=3005d PA=5e000)
* W 3005e000
***** Page fault! *****
PTE found (VA=3005e000 VPN=3005e PA=5f000)
* W 3005f000
***** Page fault! *****
PTE found (VA=3005f000 VPN=3005f PA=60000)
* W 30060000
***** Page fault! *****
PTE found (VA=30060000 VPN=30060 PA=61000)
* W 30061000
***** Page fault! *****
PTE found (VA=30061000 VPN=30061 PA=62000)
* W 30062000
***** Page fault! *****
PTE found (VA=30062000 VPN=30062 PA=63000)
* W 30063000
***** Page fault! *****
PTE found (VA=30063000 VPN=30063 PA=64000)
* W 30064000
***** Page fault! *****
PTE found (VA=30064000 VPN=30064 PA=65000)
* W 30065000
***** Page fault! *****
PTE found (VA=30065000 VPN=30065 PA=66000)
* W 30066000
***** Page fault! *****
PTE found (VA=30066000 VPN=30066 PA=67000)
* W 30067000
***** Page fault! *****
PTE found (VA=30067000 VPN=30067 PA=68000)
* W 30068000
***** Page fault! *****
PTE found (VA=30068000 VPN=30068 PA=69000)
* W 30069000
***** Page fault! *****
PTE found (VA=30069000 VPN=30069 PA=6a000)
* W 3006a000
***** Page fault! *****
PTE found (VA=3006a000 VPN=3006a PA=6b000)
* W 3006b000
***** Page fault! *****
PTE found (VA=3006b000 VPN=3006b PA=6c000)
* W 3006c000
***** Page fault! *****
PTE found (VA=3006c000 VPN=3006c PA=6d000)
* W 3006d000
***** Page fault! *****
PTE found (VA=3006d000 VPN=3006d PA=6e000)
* W 3006e000
***** Page fault! *****
PTE found (VA=3006e000 VPN=3006e PA=6f000)
* W 3006f000
***** Page fault! *****
PTE found (VA=3006f000 VPN=3006f PA=70000)
* W 30070000
***** Page fault! *****
PTE found (VA=30070000 VPN=30070 PA=71000)
* W 30071000
***** Page fault! *****
PTE found (VA=30071000 VPN=30071 PA=72000)
* W 30072000
***** Page fault! *****
PTE found (VA=30072000 VPN=30072 PA=73000)
* W 30073000
***** Page fault! *****
PTE found (VA=30073000 VPN=30073 PA=74000)
* W 30074000
***** Page fault! *****
PTE found (VA=30074000 VPN=30074 PA=75000)
* W 30075000
***** Page fault! *****
PTE found (VA=30075000 VPN=30075 PA=76000)
* W 30076000
***** Page fault! *****
PTE found (VA=30076000 VPN=30076 PA=77000)
* W 30077000
***** Page fault! *****
PTE found (VA=30077000 VPN=30077 PA=78000)
* W 30078000
***** Page fault! *****
PTE found (VA=30078000 VPN=30078 PA=79000)
* W 30079000
***** Page fault! *****
PTE found (VA=30079000 VPN=30079 PA=7a000)
* W 3007a000
***** Page fault! *****
PTE found (VA=3007a000 VPN=3007a PA=7b000)
* W 3007b000
***** Page fault! *****
PTE found (VA=3007b000 VPN=3007b PA=7c000)
* W 3007c000
***** Page fault! *****
PTE found (VA=3007c000 VPN=3007c PA=7d000)
* W 3007d000
***** Page fault! *****
PTE found (VA=3007d000 VPN=3007d PA=7e000)
* W 3007e000
***** Page fault! *****
PTE found (VA=3007e000 VPN=3007e PA=7f000)
* W 3007f000
***** Page fault! *****
PTE found (VA=3007f000 VPN=3007f PA=80000)
* W 30080000
***** Page fault! *****
PTE found (VA=30080000 VPN=30080 PA=81000)
* W 30081000
***** Page fault! *****
PTE found (VA=30081000 VPN=30081 PA=82000)
* W 30082000
***** Page fault! *****
PTE found (VA=30082000 VPN=30082 PA=83000)
* W 30083000
***** Page fault! *****
PTE found (VA=30083000 VPN=30083 PA=84000)
* W 30084000
***** Page fault! *****
PTE found (VA=30084000 VPN=30084 PA=85000)
* W 30085000
***** Page fault! *****
PTE found (VA=30085000 VPN=30085 PA=86000)
* W 30086000
***** Page fault! *****
PTE found (VA=30086000 VPN=30086 PA=87000)
* W 30087000
***** Page fault! *****
PTE found (VA=30087000 VPN=30087 PA=88000)
* W 30088000
***** Page fault! *****
PTE found (VA=30088000 VPN=30088 PA=89000)
* W 30089000
***** Page fault! *****
PTE found (VA=30089000 VPN=30089 PA=8a000)
* W 3008a000
***** Page fault! *****
PTE found (VA=3008a000 VPN=3008a PA=8b000)
* W 3008b000
***** Page fault! *****
PTE found (VA=3008b000 VPN=3008b PA=8c000)
* W 3008c000
***** Page fault! *****
PTE found (VA=3008c000 VPN=3008c PA=8d000)
* W 3008d000
***** Page fault! *****
PTE found (VA=3008d000 VPN=3008d PA=8e000)
* W 3008e000
***** Page fault! *****
PTE found (VA=3008e000 VPN=3008e PA=8f000)
* W 3008f000
***** Page fault! *****
PTE found (VA=3008f000 VPN=3008f PA=90000)
* W 30090000
***** Page fault! *****
PTE found (VA=30090000 VPN=30090 PA=91000)
* W 30091000
***** Page fault! *****
PTE found (VA=30091000 VPN=30091 PA=92000)
* W 30092000
***** Page fault! *****
PTE found (VA=30092000 VPN=30092 PA=93000)
* W 30093000
***** Page fault! *****
PTE found (VA=30093000 VPN=30093 PA=94000)
* W 30094000
***** Page fault! *****
PTE found (VA=30094000 VPN=30094 PA=95000)
* W 30095000
***** Page fault! *****
PTE found (VA=30095000 VPN=30095 PA=96000)
* W 30096000
***** Page fault! *****
PTE found (VA=30096000 VPN=30096 PA=97000)
* W 30097000
***** Page fault! *****
PTE found (VA=30097000 VPN=30097 PA=98000)
* W 30098000
***** Page fault! *****
PTE found (VA=30098000 VPN=30098 PA=99000)
* W 30099000
***** Page fault! *****
PTE found (VA=30099000 VPN=30099 PA=9a000)
* W 3009a000
***** Page fault! *****
PTE found (VA=3009a000 VPN=3009a PA=9b000)
* W 3009b000
***** Page fault! *****
PTE found (VA=3009b000 VPN=3009b PA=9c000)
* W 3009c000
***** Page fault! *****
PTE found (VA=3009c000 VPN=3009c PA=9d000)
* W 3009d000
***** Page fault! *****
PTE found (VA=3009d000 VPN=3009d PA=9e000)
* W 3009e000
***** Page fault! *****
PTE found (VA=3009e000 VPN=3009e PA=9f000)
* W 3009f000
***** Page fault! *****
PTE found (VA=3009f000 VPN=3009f PA=a0000)
* W 300a0000
***** Page fault! *****
PTE found (VA=300a0000 VPN=300a0 PA=a1000)
* W 300a1000
***** Page fault! *****
PTE found (VA=300a1000 VPN=300a1 PA=a2000)
* W 300a2000
***** Page fault! *****
PTE found (VA=300a2000 VPN=300a2 PA=a3000)
* W 300a3000
***** Page fault! *****
PTE found (VA=300a3000 VPN=300a3 PA=a4000)
* W 300a4000
***** Page fault! *****
PTE found (VA=300a4000 VPN=300a4 PA=a5000)
* W 300a5000
***** Page fault! *****
PTE found (VA=300a5000 VPN=300a5 PA=a6000)
* W 300a6000
***** Page fault! *****
PTE found (VA=300a6000 VPN=300a6 PA=a7000)
* W 300a7000
***** Page fault! *****
PTE found (VA=300a7000 VPN=300a7 PA=a8000)
* W 300a8000
***** Page fault! *****
PTE found (VA=300a8000 VPN=300a8 PA=a9000)
* W 300a9000
***** Page fault! *****
PTE found (VA=300a9000 VPN=300a9 PA=aa000)
* W 300aa000
***** Page fault! *****
PTE found (VA=300aa000 VPN=300aa PA=ab000)
* W 300ab000
***** Page fault! *****
PTE found (VA=300ab000 VPN=300ab PA=ac000)
* W 300ac000
***** Page fault! *****
PTE found (VA=300ac000 VPN=300ac PA=ad000)
* W 300ad000
***** Page fault! *****
PTE found (VA=300ad000 VPN=300ad PA=ae000)
* W 300ae000
***** Page fault! *****
PTE found (VA=300ae000 VPN=300ae PA=af000)
* W 300af000
***** Page fault! *****
PTE found (VA=300af000 VPN=300af PA=b0000)
* W 300b0000
***** Page fault! *****
PTE found (VA=300b0000 VPN=300b0 PA=b1000)
* W 300b1000
***** Page fault! *****
PTE found (VA=300b1000 VPN=300b1 PA=b2000)
* W 300b2000
***** Page fault! *****
PTE found (VA=300b2000 VPN=300b2 PA=b3000)
* W 300b3000
***** Page fault! *****
PTE found (VA=300b3000 VPN=300b3 PA=b4000)
* W 300b4000
***** Page fault! *****
PTE found (VA=300b4000 VPN=300b4 PA=b5000)
* W 300b5000
***** Page fault! *****
PTE found (VA=300b5000 VPN=300b5 PA=b6000)
* W 300b6000
***** Page fault! *****
PTE found (VA=300b6000 VPN=300b6 PA=b7000)
* W 300b7000
***** Page fault! *****
PTE found (VA=300b7000 VPN=300b7 PA=b8000)
* W 300b8000
***** Page fault! *****
PTE found (VA=300b8000 VPN=300b8 PA=b9000)
* W 300b9000
***** Page fault! *****
PTE found (VA=300b9000 VPN=300b9 PA=ba000)
* W 300ba000
***** Page fault! *****
PTE found (VA=300ba000 VPN=300ba PA=bb000)
* W 300bb000
***** Page fault! *****
PTE found (VA=300bb000 VPN=300bb PA=bc000)
* W 300bc000
***** Page fault! *****
PTE found (VA=300bc000 VPN=300bc PA=bd000)
* W 300bd000
***** Page fault! *****
PTE found (VA=300bd000 VPN=300bd PA=be000)
* W 300be000
***** Page fault! *****
PTE found (VA=300be000 VPN=300be PA=bf000)
* W 300bf000
***** Page fault! *****
PTE found (VA=300bf000 VPN=300bf PA=c0000)
* W 300c0000
***** Page fault! *****
PTE found (VA=300c0000 VPN=300c0 PA=c1000)
* W 300c1000
***** Page fault! *****
PTE found (VA=300c1000 VPN=300c1 PA=c2000)
* W 300c2000
***** Page fault! *****
PTE found (VA=300c2000 VPN=300c2 PA=c3000)
* W 300c3000
***** Page fault! *****
PTE found (VA=300c3000 VPN=300c3 PA=c4000)
* W 300c4000
***** Page fault! *****
PTE found (VA=300c4000 VPN=300c4 PA=c5000)
* W 300c5000
***** Page fault! *****
PTE found (VA=300c5000 VPN=300c5 PA=c6000)
* W 300c6000
***** Page fault! *****
PTE found (VA=300c6000 VPN=300c6 PA=c7000)
* W 300c7000
***** Page fault! *****
PTE found (VA=300c7000 VPN=300c7 PA=c8000)
* W 300c8000
***** Page fault! *****
PTE found (VA=300c8000 VPN=300c8 PA=c9000)
* W 300c9000
***** Page fault! *****
PTE found (VA=300c9000 VPN=300c9 PA=ca000)
* W 300ca000
***** Page fault! *****
PTE found (VA=300ca000 VPN=300ca PA=cb000)
* W 300cb000
***** Page fault! *****
PTE found (VA=300cb000 VPN=300cb PA=cc000)
* W 300cc000
***** Page fault! *****
PTE found (VA=300cc000 VPN=300cc PA=cd000)
* W 300cd000
***** Page fault! *****
PTE found (VA=300cd000 VPN=300cd PA=ce000)
* W 300ce000
***** Page fault! *****
PTE found (VA=300ce000 VPN=300ce PA=cf000)
* W 300cf000
***** Page fault! *****
PTE found (VA=300cf000 VPN=300cf PA=d0000)
* W 300d0000
***** Page fault! *****
PTE found (VA=300d0000 VPN=300d0 PA=d1000)
* W 300d1000
***** Page fault! *****
PTE found (VA=300d1000 VPN=300d1 PA=d2000)
* W 300d2000
***** Page fault! *****
PTE found (VA=300d2000 VPN=300d2 PA=d3000)
* W 300d3000
***** Page fault! *****
PTE found (VA=300d3000 VPN=300d3 PA=d4000)
* W 300d4000
***** Page fault! *****
PTE found (VA=300d4000 VPN=300d4 PA=d5000)
* W 300d5000
***** Page fault! *****
PTE found (VA=300d5000 VPN=300d5 PA=d6000)
* W 300d6000
***** Page fault! *****
PTE found (VA=300d6000 VPN=300d6 PA=d7000)
* W 300d7000
***** Page fault! *****
PTE found (VA=300d7000 VPN=300d7 PA=d8000)
* W 300d8000
***** Page fault! *****
PTE found (VA=300d8000 VPN=300d8 PA=d9000)
* W 300d9000
***** Page fault! *****
PTE found (VA=300d9000 VPN=300d9 PA=da000)
* W 300da000
***** Page fault! *****
PTE found (VA=300da000 VPN=300da PA=db000)
* W 300db000
***** Page fault! *****
PTE found (VA=300db000 VPN=300db PA=dc000)
* W 300dc000
***** Page fault! *****
PTE found (VA=300dc000 VPN=300dc PA=dd000)
* W 300dd000
***** Page fault! *****
PTE found (VA=300dd000 VPN=300dd PA=de000)
* W 300de000
***** Page fault! *****
PTE found (VA=300de000 VPN=300de PA=df000)
* W 300df000
***** Page fault! *****
PTE found (VA=300df000 VPN=300df PA=e0000)
* W 300e0000
***** Page fault! *****
PTE found (VA=300e0000 VPN=300e0 PA=e1000)
* W 300e1000
***** Page fault! *****
PTE found (VA=300e1000 VPN=300e1 PA=e2000)
* W 300e2000
***** Page fault! *****
PTE found (VA=300e2000 VPN=300e2 PA=e3000)
* W 300e3000
***** Page fault! *****
PTE found (VA=300e3000 VPN=300e3 PA=e4000)
* W 300e4000
***** Page fault! *****
PTE found (VA=300e4000 VPN=300e4 PA=e5000)
* W 300e5000
***** Page fault! *****
PTE found (VA=300e5000 VPN=300e5 PA=e6000)
* W 300e6000
***** Page fault! *****
PTE found (VA=300e6000 VPN=300e6 PA=e7000)
* W 300e7000
***** Page fault! *****
PTE found (VA=300e7000 VPN=300e7 PA=e8000)
* W 300e8000
***** Page fault! *****
PTE found (VA=300e8000 VPN=300e8 PA=e9000)
* W 300e9000
***** Page fault! *****
PTE found (VA=300e9000 VPN=300e9 PA=ea000)
* W 300ea000
***** Page fault! *****
PTE found (VA=300ea000 VPN=300ea PA=eb000)
* W 300eb000
***** Page fault! *****
PTE found (VA=300eb000 VPN=300eb PA=ec000)
* W 300ec000
***** Page fault! *****
PTE found (VA=300ec000 VPN=300ec PA=ed000)
* W 300ed000
***** Page fault! *****
PTE found (VA=300ed000 VPN=300ed PA=ee000)
* W 300ee000
***** Page fault! *****
PTE found (VA=300ee000 VPN=300ee PA=ef000)
* W 300ef000
***** Page fault! *****
PTE found (VA=300ef000 VPN=300ef PA=f0000)
* W 300f0000
***** Page fault! *****
PTE found (VA=300f0000 VPN=300f0 PA=f1000)
* W 300f1000
***** Page fault! *****
PTE found (VA=300f1000 VPN=300f1 PA=f2000)
* W 300f2000
***** Page fault! *****
PTE found (VA=300f2000 VPN=300f2 PA=f3000)
* W 300f3000
***** Page fault! *****
PTE found (VA=300f3000 VPN=300f3 PA=f4000)
* W 300f4000
***** Page fault! *****
PTE found (VA=300f4000 VPN=300f4 PA=f5000)
* W 300f5000
***** Page fault! *****
PTE found (VA=300f5000 VPN=300f5 PA=f6000)
* W 300f6000
***** Page fault! *****
PTE found (VA=300f6000 VPN=300f6 PA=f7000)
* W 300f7000
***** Page fault! *****
PTE found (VA=300f7000 VPN=300f7 PA=f8000)
* W 300f8000
***** Page fault! *****
PTE found (VA=300f8000 VPN=300f8 PA=f9000)
* W 300f9000
***** Page fault! *****
PTE found (VA=300f9000 VPN=300f9 PA=fa000)
* W 300fa000
***** Page fault! *****
PTE found (VA=300fa000 VPN=300fa PA=fb000)
* W 300fb000
***** Page fault! *****
PTE found (VA=300fb000 VPN=300fb PA=fc000)
* W 300fc000
***** Page fault! *****
PTE found (VA=300fc000 VPN=300fc PA=fd000)
* W 300fd000
***** Page fault! *****
PTE found (VA=300fd000 VPN=300fd PA=fe000)
* W 300fe000
***** Page fault! *****
PTE found (VA=300fe000 VPN=300fe PA=ff000)
* W 300ff000
***** Page fault! *****
PTE found (VA=300ff000 VPN=300ff PA=100000)
* R 38000000
***** Page fault! *****
PTE found (VA=38000000 VPN=38000 PA=101000)
* R 38001000
***** Page fault! *****
PTE found (VA=38001000 VPN=38001 PA=102000)
* R 38002000
***** Page fault! *****
PTE found (VA=38002000 VPN=38002 PA=103000)
* R 38003000
***** Page fault! *****
PTE found (VA=38003000 VPN=38003 PA=104000)
* R 38004000
***** Page fault! *****
PTE found (VA=38004000 VPN=38004 PA=105000)
* R 38005000
***** Page fault! *****
PTE found (VA=38005000 VPN=38005 PA=106000)
* R 38006000
***** Page fault! *****
PTE found (VA=38006000 VPN=38006 PA=107000)
* R 38007000
***** Page fault! *****
PTE found (VA=38007000 VPN=38007 PA=108000)
* R 38008000
***** Page fault! *****
PTE found (VA=38008000 VPN=38008 PA=109000)
* R 38009000
***** Page fault! *****
PTE found (VA=38009000 VPN=38009 PA=10a000)
* R 3800a000
***** Page fault! *****
PTE found (VA=3800a000 VPN=3800a PA=10b000)
* R 3800b000
***** Page fault! *****
PTE found (VA=3800b000 VPN=3800b PA=10c000)
* R 3800c000
***** Page fault! *****
PTE found (VA=3800c000 VPN=3800c PA=10d000)
* R 3800d000
***** Page fault! *****
PTE found (VA=3800d000 VPN=3800d PA=10e000)
* R 3800e000
***** Page fault! *****
PTE found (VA=3800e000 VPN=3800e PA=10f000)
* R 3800f000
***** Page fault! *****
PTE found (VA=3800f000 VPN=3800f PA=110000)
* R 38010000
***** Page fault! *****
PTE found (VA=38010000 VPN=38010 PA=111000)
* R 38011000
***** Page fault! *****
PTE found (VA=38011000 VPN=38011 PA=112000)
* R 38012000
***** Page fault! *****
PTE found (VA=38012000 VPN=38012 PA=113000)
* R 38013000
***** Page fault! *****
PTE found (VA=38013000 VPN=38013 PA=114000)
* R 38014000
***** Page fault! *****
PTE found (VA=38014000 VPN=38014 PA=115000)
* R 38015000
***** Page fault! *****
PTE found (VA=38015000 VPN=38015 PA=116000)
* R 38016000
***** Page fault! *****
PTE found (VA=38016000 VPN=38016 PA=117000)
* R 38017000
***** Page fault! *****
PTE found (VA=38017000 VPN=38017 PA=118000)
* R 38018000
***** Page fault! *****
PTE found (VA=38018000 VPN=38018 PA=119000)
* R 38019000
***** Page fault! *****
PTE found (VA=38019000 VPN=38019 PA=11a000)
* R 3801a000
***** Page fault! *****
PTE found (VA=3801a000 VPN=3801a PA=11b000)
* R 3801b000
***** Page fault! *****
PTE found (VA=3801b000 VPN=3801b PA=11c000)
* R 3801c000
***** Page fault! *****
PTE found (VA=3801c000 VPN=3801c PA=11d000)
* R 3801d000
***** Page fault! *****
PTE found (VA=3801d000 VPN=3801d PA=11e000)
* R 3801e000
***** Page fault! *****
PTE found (VA=3801e000 VPN=3801e PA=11f000)
* R 3801f000
***** Page fault! *****
PTE found (VA=3801f000 VPN=3801f PA=120000)
* R 38020000
***** Page fault! *****
PTE found (VA=38020000 VPN=38020 PA=121000)
* R 38021000
***** Page fault! *****
PTE found (VA=38021000 VPN=38021 PA=122000)
* R 38022000
***** Page fault! *****
PTE found (VA=38022000 VPN=38022 PA=123000)
* R 38023000
***** Page fault! *****
PTE found (VA=38023000 VPN=38023 PA=124000)
* R 38024000
***** Page fault! *****
PTE found (VA=38024000 VPN=38024 PA=125000)
* R 38025000
***** Page fault! *****
PTE found (VA=38025000 VPN=38025 PA=126000)
* R 38026000
***** Page fault! *****
PTE found (VA=38026000 VPN=38026 PA=127000)
* R 38027000
***** Page fault! *****
PTE found (VA=38027000 VPN=38027 PA=128000)
* R 38028000
***** Page fault! *****
PTE found (VA=38028000 VPN=38028 PA=129000)
* R 38029000
***** Page fault! *****
PTE found (VA=38029000 VPN=38029 PA=12a000)
* R 3802a000
***** Page fault! *****
PTE found (VA=3802a000 VPN=3802a PA=12b000)
* R 3802b000
***** Page fault! *****
PTE found (VA=3802b000 VPN=3802b PA=12c000)
* R 3802c000
***** Page fault! *****
PTE found (VA=3802c000 VPN=3802c PA=12d000)
* R 3802d000
***** Page fault! *****
PTE found (VA=3802d000 VPN=3802d PA=12e000)
* R 3802e000
***** Page fault! *****
PTE found (VA=3802e000 VPN=3802e PA=12f000)
* R 3802f000
***** Page fault! *****
PTE found (VA=3802f000 VPN=3802f PA=130000)
* R 38030000
***** Page fault! *****
PTE found (VA=38030000 VPN=38030 PA=131000)
* R 38031000
***** Page fault! *****
PTE found (VA=38031000 VPN=38031 PA=132000)
* R 38032000
***** Page fault! *****
PTE found (VA=38032000 VPN=38032 PA=133000)
* R 38033000
***** Page fault! *****
PTE found (VA=38033000 VPN=38033 PA=134000)
* R 38034000
***** Page fault! *****
PTE found (VA=38034000 VPN=38034 PA=135000)
* R 38035000
***** Page fault! *****
PTE found (VA=38035000 VPN=38035 PA=136000)
* R 38036000
***** Page fault! *****
PTE found (VA=38036000 VPN=38036 PA=137000)
* R 38037000
***** Page fault! *****
PTE found (VA=38037000 VPN=38037 PA=138000)
* R 38038000
***** Page fault! *****
PTE found (VA=38038000 VPN=38038 PA=139000)
* R 38039000
***** Page fault! *****
PTE found (VA=38039000 VPN=38039 PA=13a000)
* R 3803a000
***** Page fault! *****
PTE found (VA=3803a000 VPN=3803a PA=13b000)
* R 3803b000
***** Page fault! *****
PTE found (VA=3803b000 VPN=3803b PA=13c000)
* R 3803c000
***** Page fault! *****
PTE found (VA=3803c000 VPN=3803c PA=13d000)
* R 3803d000
***** Page fault! *****
PTE found (VA=3803d000 VPN=3803d PA=13e000)
* R 3803e000
***** Page fault! *****
PTE found (VA=3803e000 VPN=3803e PA=13f000)
* R 3803f000
***** Page fault! *****
PTE found (VA=3803f000 VPN=3803f PA=140000)
* R 38040000
***** Page fault! *****
PTE found (VA=38040000 VPN=38040 PA=141000)
* R 38041000
***** Page fault! *****
PTE found (VA=38041000 VPN=38041 PA=142000)
* R 38042000
***** Page fault! *****
PTE found (VA=38042000 VPN=38042 PA=143000)
* R 38043000
***** Page fault! *****
PTE found (VA=38043000 VPN=38043 PA=144000)
* R 38044000
***** Page fault! *****
PTE found (VA=38044000 VPN=38044 PA=145000)
* R 38045000
***** Page fault! *****
PTE found (VA=38045000 VPN=38045 PA=146000)
* R 38046000
***** Page fault! *****
PTE found (VA=38046000 VPN=38046 PA=147000)
* R 38047000
***** Page fault! *****
PTE found (VA=38047000 VPN=38047 PA=148000)
* R 38048000
***** Page fault! *****
PTE found (VA=38048000 VPN=38048 PA=149000)
* R 38049000
***** Page fault! *****
PTE found (VA=38049000 VPN=38049 PA=14a000)
* R 3804a000
***** Page fault! *****
PTE found (VA=3804a000 VPN=3804a PA=14b000)
* R 3804b000
***** Page fault! *****
PTE found (VA=3804b000 VPN=3804b PA=14c000)
* R 3804c000
***** Page fault! *****
PTE found (VA=3804c000 VPN=3804c PA=14d000)
* R 3804d000
***** Page fault! *****
PTE found (VA=3804d000 VPN=3804d PA=14e000)
* R 3804e000
***** Page fault! *****
PTE found (VA=3804e000 VPN=3804e PA=14f000)
* R 3804f000
***** Page fault! *****
PTE found (VA=3804f000 VPN=3804f PA=150000)
* R 38050000
***** Page fault! *****
PTE found (VA=38050000 VPN=38050 PA=151000)
* R 38051000
***** Page fault! *****
PTE found (VA=38051000 VPN=38051 PA=152000)
* R 38052000
***** Page fault! *****
PTE found (VA=38052000 VPN=38052 PA=153000)
* R 38053000
***** Page fault! *****
PTE found (VA=38053000 VPN=38053 PA=154000)
* R 38054000
***** Page fault! *****
PTE found (VA=38054000 VPN=38054 PA=155000)
* R 38055000
***** Page fault! *****
PTE found (VA=38055000 VPN=38055 PA=156000)
* R 38056000
***** Page fault! *****
PTE found (VA=38056000 VPN=38056 PA=157000)
* R 38057000
***** Page fault! *****
PTE found (VA=38057000 VPN=38057 PA=158000)
* R 38058000
***** Page fault! *****
PTE found (VA=38058000 VPN=38058 PA=159000)
* R 38059000
***** Page fault! *****
PTE found (VA=38059000 VPN=38059 PA=15a000)
* R 3805a000
***** Page fault! *****
PTE found (VA=3805a000 VPN=3805a PA=15b000)
* R 3805b000
***** Page fault! *****
PTE found (VA=3805b000 VPN=3805b PA=15c000)
* R 3805c000
***** Page fault! *****
PTE found (VA=3805c000 VPN=3805c PA=15d000)
* R 3805d000
***** Page fault! *****
PTE found (VA=3805d000 VPN=3805d PA=15e000)
* R 3805e000
***** Page fault! *****
PTE found (VA=3805e000 VPN=3805e PA=15f000)
* R 3805f000
***** Page fault! *****
PTE found (VA=3805f000 VPN=3805f PA=160000)
* R 38060000
***** Page fault! *****
PTE found (VA=38060000 VPN=38060 PA=161000)
* R 38061000
***** Page fault! *****
PTE found (VA=38061000 VPN=38061 PA=162000)
* R 38062000
***** Page fault! *****
PTE found (VA=38062000 VPN=38062 PA=163000)
* R 38063000
***** Page fault! *****
PTE found (VA=38063000 VPN=38063 PA=164000)
* R 38064000
***** Page fault! *****
PTE found (VA=38064000 VPN=38064 PA=165000)
* R 38065000
***** Page fault! *****
PTE found (VA=38065000 VPN=38065 PA=166000)
* R 38066000
***** Page fault! *****
PTE found (VA=38066000 VPN=38066 PA=167000)
* R 38067000
***** Page fault! *****
PTE found (VA=38067000 VPN=38067 PA=168000)
* R 38068000
***** Page fault! *****
PTE found (VA=38068000 VPN=38068 PA=169000)
* R 38069000
***** Page fault! *****
PTE found (VA=38069000 VPN=38069 PA=16a000)
* R 3806a000
***** Page fault! *****
PTE found (VA=3806a000 VPN=3806a PA=16b000)
* R 3806b000
***** Page fault! *****
PTE found (VA=3806b000 VPN=3806b PA=16c000)
* R 3806c000
***** Page fault! *****
PTE found (VA=3806c000 VPN=3806c PA=16d000)
* R 3806d000
***** Page fault! *****
PTE found (VA=3806d000 VPN=3806d PA=16e000)
* R 3806e000
***** Page fault! *****
PTE found (VA=3806e000 VPN=3806e PA=16f000)
* R 3806f000
***** Page fault! *****
PTE found (VA=3806f000 VPN=3806f PA=170000)
* R 38070000
***** Page fault! *****
PTE found (VA=38070000 VPN=38070 PA=171000)
* R 38071000
***** Page fault! *****
PTE found (VA=38071000 VPN=38071 PA=172000)
* R 38072000
***** Page fault! *****
PTE found (VA=38072000 VPN=38072 PA=173000)
* R 38073000
***** Page fault! *****
PTE found (VA=38073000 VPN=38073 PA=174000)
* R 38074000
***** Page fault! *****
PTE found (VA=38074000 VPN=38074 PA=175000)
* R 38075000
***** Page fault! *****
PTE found (VA=38075000 VPN=38075 PA=176000)
* R 38076000
***** Page fault! *****
PTE found (VA=38076000 VPN=38076 PA=177000)
* R 38077000
***** Page fault! *****
PTE found (VA=38077000 VPN=38077 PA=178000)
* R 38078000
***** Page fault! *****
PTE found (VA=38078000 VPN=38078 PA=179000)
* R 38079000
***** Page fault! *****
PTE found (VA=38079000 VPN=38079 PA=17a000)
* R 3807a000
***** Page fault! *****
PTE found (VA=3807a000 VPN=3807a PA=17b000)
* R 3807b000
***** Page fault! *****
PTE found (VA=3807b000 VPN=3807b PA=17c000)
* R 3807c000
***** Page fault! *****
PTE found (VA=3807c000 VPN=3807c PA=17d000)
* R 3807d000
***** Page fault! *****
PTE found (VA=3807d000 VPN=3807d PA=17e000)
* R 3807e000
***** Page fault! *****
PTE found (VA=3807e000 VPN=3807e PA=17f000)
* R 3807f000
***** Page fault! *****
PTE found (VA=3807f000 VPN=3807f PA=180000)
* R 38080000
***** Page fault! *****
PTE found (VA=38080000 VPN=38080 PA=181000)
* R 38081000
***** Page fault! *****
PTE found (VA=38081000 VPN=38081 PA=182000)
* R 38082000
***** Page fault! *****
PTE found (VA=38082000 VPN=38082 PA=183000)
* R 38083000
***** Page fault! *****
PTE found (VA=38083000 VPN=38083 PA=184000)
* R 38084000
***** Page fault! *****
PTE found (VA=38084000 VPN=38084 PA=185000)
* R 38085000
***** Page fault! *****
PTE found (VA=38085000 VPN=38085 PA=186000)
* R 38086000
***** Page fault! *****
PTE found (VA=38086000 VPN=38086 PA=187000)
* R 38087000
***** Page fault! *****
PTE found (VA=38087000 VPN=38087 PA=188000)
* R 38088000
***** Page fault! *****
PTE found (VA=38088000 VPN=38088 PA=189000)
* R 38089000
***** Page fault! *****
PTE found (VA=38089000 VPN=38089 PA=18a000)
* R 3808a000
***** Page fault! *****
PTE found (VA=3808a000 VPN=3808a PA=18b000)
* R 3808b000
***** Page fault! *****
PTE found (VA=3808b000 VPN=3808b PA=18c000)
* R 3808c000
***** Page fault! *****
PTE found (VA=3808c000 VPN=3808c PA=18d000)
* R 3808d000
***** Page fault! *****
PTE found (VA=3808d000 VPN=3808d PA=18e000)
* R 3808e000
***** Page fault! *****
PTE found (VA=3808e000 VPN=3808e PA=18f000)
* R 3808f000
***** Page fault! *****
PTE found (VA=3808f000 VPN=3808f PA=190000)
* R 38090000
***** Page fault! *****
PTE found (VA=38090000 VPN=38090 PA=191000)
* R 38091000
***** Page fault! *****
PTE found (VA=38091000 VPN=38091 PA=192000)
* R 38092000
***** Page fault! *****
PTE found (VA=38092000 VPN=38092 PA=193000)
* R 38093000
***** Page fault! *****
PTE found (VA=38093000 VPN=38093 PA=194000)
* R 38094000
***** Page fault! *****
PTE found (VA=38094000 VPN=38094 PA=195000)
* R 38095000
***** Page fault! *****
PTE found (VA=38095000 VPN=38095 PA=196000)
* R 38096000
***** Page fault! *****
PTE found (VA=38096000 VPN=38096 PA=197000)
* R 38097000
***** Page fault! *****
PTE found (VA=38097000 VPN=38097 PA=198000)
* R 38098000
***** Page fault! *****
PTE found (VA=38098000 VPN=38098 PA=199000)
* R 38099000
***** Page fault! *****
PTE found (VA=38099000 VPN=38099 PA=19a000)
* R 3809a000
***** Page fault! *****
PTE found (VA=3809a000 VPN=3809a PA=19b000)
* R 3809b000
***** Page fault! *****
PTE found (VA=3809b000 VPN=3809b PA=19c000)
* R 3809c000
***** Page fault! *****
PTE found (VA=3809c000 VPN=3809c PA=19d000)
* R 3809d000
***** Page fault! *****
PTE found (VA=3809d000 VPN=3809d PA=19e000)
* R 3809e000
***** Page fault! *****
PTE found (VA=3809e000 VPN=3809e PA=19f000)
* R 3809f000
***** Page fault! *****
PTE found (VA=3809f000 VPN=3809f PA=1a0000)
* R 380a0000
***** Page fault! *****
PTE found (VA=380a0000 VPN=380a0 PA=1a1000)
* R 380a1000
***** Page fault! *****
PTE found (VA=380a1000 VPN=380a1 PA=1a2000)
* R 380a2000
***** Page fault! *****
PTE found (VA=380a2000 VPN=380a2 PA=1a3000)
* R 380a3000
***** Page fault! *****
PTE found (VA=380a3000 VPN=380a3 PA=1a4000)
* R 380a4000
***** Page fault! *****
PTE found (VA=380a4000 VPN=380a4 PA=1a5000)
* R 380a5000
***** Page fault! *****
PTE found (VA=380a5000 VPN=380a5 PA=1a6000)
* R 380a6000
***** Page fault! *****
PTE found (VA=380a6000 VPN=380a6 PA=1a7000)
* R 380a7000
***** Page fault! *****
PTE found (VA=380a7000 VPN=380a7 PA=1a8000)
* R 380a8000
***** Page fault! *****
PTE found (VA=380a8000 VPN=380a8 PA=1a9000)
* R 380a9000
***** Page fault! *****
PTE found (VA=380a9000 VPN=380a9 PA=1aa000)
* R 380aa000
***** Page fault! *****
PTE found (VA=380aa000 VPN=380aa PA=1ab000)
* R 380ab000
***** Page fault! *****
PTE found (VA=380ab000 VPN=380ab PA=1ac000)
* R 380ac000
***** Page fault! *****
PTE found (VA=380ac000 VPN=380ac PA=1ad000)
* R 380ad000
***** Page fault! *****
PTE found (VA=380ad000 VPN=380ad PA=1ae000)
* R 380ae000
***** Page fault! *****
PTE found (VA=380ae000 VPN=380ae PA=1af000)
* R 380af000
***** Page fault! *****
PTE found (VA=380af000 VPN=380af PA=1b0000)
* R 380b0000
***** Page fault! *****
PTE found (VA=380b0000 VPN=380b0 PA=1b1000)
* R 380b1000
***** Page fault! *****
PTE found (VA=380b1000 VPN=380b1 PA=1b2000)
* R 380b2000
***** Page fault! *****
PTE found (VA=380b2000 VPN=380b2 PA=1b3000)
* R 380b3000
***** Page fault! *****
PTE found (VA=380b3000 VPN=380b3 PA=1b4000)
* R 380b4000
***** Page fault! *****
PTE found (VA=380b4000 VPN=380b4 PA=1b5000)
* R 380b5000
***** Page fault! *****
PTE found (VA=380b5000 VPN=380b5 PA=1b6000)
* R 380b6000
***** Page fault! *****
PTE found (VA=380b6000 VPN=380b6 PA=1b7000)
* R 380b7000
***** Page fault! *****
PTE found (VA=380b7000 VPN=380b7 PA=1b8000)
* R 380b8000
***** Page fault! *****
PTE found (VA=380b8000 VPN=380b8 PA=1b9000)
* R 380b9000
***** Page fault! *****
PTE found (VA=380b9000 VPN=380b9 PA=1ba000)
* R 380ba000
***** Page fault! *****
PTE found (VA=380ba000 VPN=380ba PA=1bb000)
* R 380bb000
***** Page fault! *****
PTE found (VA=380bb000 VPN=380bb PA=1bc000)
* R 380bc000
***** Page fault! *****
PTE found (VA=380bc000 VPN=380bc PA=1bd000)
* R 380bd000
***** Page fault! *****
PTE found (VA=380bd000 VPN=380bd PA=1be000)
* R 380be000
***** Page fault! *****
PTE found (VA=380be000 VPN=380be PA=1bf000)
* R 380bf000
***** Page fault! *****
PTE found (VA=380bf000 VPN=380bf PA=1c0000)
* R 380c0000
***** Page fault! *****
PTE found (VA=380c0000 VPN=380c0 PA=1c1000)
* R 380c1000
***** Page fault! *****
PTE found (VA=380c1000 VPN=380c1 PA=1c2000)
* R 380c2000
***** Page fault! *****
PTE found (VA=380c2000 VPN=380c2 PA=1c3000)
* R 380c3000
***** Page fault! *****
PTE found (VA=380c3000 VPN=380c3 PA=1c4000)
* R 380c4000
***** Page fault! *****
PTE found (VA=380c4000 VPN=380c4 PA=1c5000)
* R 380c5000
***** Page fault! *****
PTE found (VA=380c5000 VPN=380c5 PA=1c6000)
* R 380c6000
***** Page fault! *****
PTE found (VA=380c6000 VPN=380c6 PA=1c7000)
* R 380c7000
***** Page fault! *****
PTE found (VA=380c7000 VPN=380c7 PA=1c8000)
* R 380c8000
***** Page fault! *****
PTE found (VA=380c8000 VPN=380c8 PA=1c9000)
* R 380c9000
***** Page fault! *****
PTE found (VA=380c9000 VPN=380c9 PA=1ca000)
* R 380ca000
***** Page fault! *****
PTE found (VA=380ca000 VPN=380ca PA=1cb000)
* R 380cb000
***** Page fault! *****
PTE found (VA=380cb000 VPN=380cb PA=1cc000)
* R 380cc000
***** Page fault! *****
PTE found (VA=380cc000 VPN=380cc PA=1cd000)
* R 380cd000
***** Page fault! *****
PTE found (VA=380cd000 VPN=380cd PA=1ce000)
* R 380ce000
***** Page fault! *****
PTE found (VA=380ce000 VPN=380ce PA=1cf000)
* R 380cf000
***** Page fault! *****
PTE found (VA=380cf000 VPN=380cf PA=1d0000)
* R 380d0000
***** Page fault! *****
PTE found (VA=380d0000 VPN=380d0 PA=1d1000)
* R 380d1000
***** Page fault! *****
PTE found (VA=380d1000 VPN=380d1 PA=1d2000)
* R 380d2000
***** Page fault! *****
PTE found (VA=380d2000 VPN=380d2 PA=1d3000)
* R 380d3000
***** Page fault! *****
PTE found (VA=380d3000 VPN=380d3 PA=1d4000)
* R 380d4000
***** Page fault! *****
PTE found (VA=380d4000 VPN=380d4 PA=1d5000)
* R 380d5000
***** Page fault! *****
PTE found (VA=380d5000 VPN=380d5 PA=1d6000)
* R 380d6000
***** Page fault! *****
PTE found (VA=380d6000 VPN=380d6 PA=1d7000)
* R 380d7000
***** Page fault! *****
PTE found (VA=380d7000 VPN=380d7 PA=1d8000)
* R 380d8000
***** Page fault! *****
PTE found (VA=380d8000 VPN=380d8 PA=1d9000)
* R 380d9000
***** Page fault! *****
PTE found (VA=380d9000 VPN=380d9 PA=1da000)
* R 380da000
***** Page fault! *****
PTE found (VA=380da000 VPN=380da PA=1db000)
* R 380db000
***** Page fault! *****
PTE found (VA=380db000 VPN=380db PA=1dc000)
* R 380dc000
***** Page fault! *****
PTE found (VA=380dc000 VPN=380dc PA=1dd000)
* R 380dd000
***** Page fault! *****
PTE found (VA=380dd000 VPN=380dd PA=1de000)
* R 380de000
***** Page fault! *****
PTE found (VA=380de000 VPN=380de PA=1df000)
* R 380df000
***** Page fault! *****
PTE found (VA=380df000 VPN=380df PA=1e0000)
* R 380e0000
***** Page fault! *****
PTE found (VA=380e0000 VPN=380e0 PA=1e1000)
* R 380e1000
***** Page fault! *****
PTE found (VA=380e1000 VPN=380e1 PA=1e2000)
* R 380e2000
***** Page fault! *****
PTE found (VA=380e2000 VPN=380e2 PA=1e3000)
* R 380e3000
***** Page fault! *****
PTE found (VA=380e3000 VPN=380e3 PA=1e4000)
* R 380e4000
***** Page fault! *****
PTE found (VA=380e4000 VPN=380e4 PA=1e5000)
* R 380e5000
***** Page fault! *****
PTE found (VA=380e5000 VPN=380e5 PA=1e6000)
* R 380e6000
***** Page fault! *****
PTE found (VA=380e6000 VPN=380e6 PA=1e7000)
* R 380e7000
***** Page fault! *****
PTE found (VA=380e7000 VPN=380e7 PA=1e8000)
* R 380e8000
***** Page fault! *****
PTE found (VA=380e8000 VPN=380e8 PA=1e9000)
* R 380e9000
***** Page fault! *****
PTE found (VA=380e9000 VPN=380e9 PA=1ea000)
* R 380ea000
***** Page fault! *****
PTE found (VA=380ea000 VPN=380ea PA=1eb000)
* R 380eb000
***** Page fault! *****
PTE found (VA=380eb000 VPN=380eb PA=1ec000)
* R 380ec000
***** Page fault! *****
PTE found (VA=380ec000 VPN=380ec PA=1ed000)
* R 380ed000
***** Page fault! *****
PTE found (VA=380ed000 VPN=380ed PA=1ee000)
* R 380ee000
***** Page fault! *****
PTE found (VA=380ee000 VPN=380ee PA=1ef000)
* R 380ef000
***** Page fault! *****
PTE found (VA=380ef000 VPN=380ef PA=1f0000)
* R 380f0000
***** Page fault! *****
PTE found (VA=380f0000 VPN=380f0 PA=1f1000)
* R 380f1000
***** Page fault! *****
PTE found (VA=380f1000 VPN=380f1 PA=1f2000)
* R 380f2000
***** Page fault! *****
PTE found (VA=380f2000 VPN=380f2 PA=1f3000)
* R 380f3000
***** Page fault! *****
PTE found (VA=380f3000 VPN=380f3 PA=1f4000)
* R 380f4000
***** Page fault! *****
PTE found (VA=380f4000 VPN=380f4 PA=1f5000)
* R 380f5000
***** Page fault! *****
PTE found (VA=380f5000 VPN=380f5 PA=1f6000)
* R 380f6000
***** Page fault! *****
PTE found (VA=380f6000 VPN=380f6 PA=1f7000)
* R 380f7000
***** Page fault! *****
PTE found (VA=380f7000 VPN=380f7 PA=1f8000)
* R 380f8000
***** Page fault! *****
PTE found (VA=380f8000 VPN=380f8 PA=1f9000)
* R 380f9000
***** Page fault! *****
PTE found (VA=380f9000 VPN=380f9 PA=1fa000)
* R 380fa000
***** Page fault! *****
PTE found (VA=380fa000 VPN=380fa PA=1fb000)
* R 380fb000
***** Page fault! *****
PTE found (VA=380fb000 VPN=380fb PA=1fc000)
* R 380fc000
***** Page fault! *****
PTE found (VA=380fc000 VPN=380fc PA=1fd000)
* R 380fd000
***** Page fault! *****
PTE found (VA=380fd000 VPN=380fd PA=1fe000)
* R 380fe000
***** Page fault! *****
PTE found (VA=380fe000 VPN=380fe PA=1ff000)
* R 380ff000
***** Page fault! *****
PTE found (VA=380ff000 VPN=380ff PA=200000)
* R 30000000
* W 30001000
* R 30002000
* W 30003000
* R 30004000
* W 30005000
* R 30006000
* W 30007000
* R 30008000
* W 30009000
* R 3000a000
* W 3000b000
* R 3000c000
* W 3000d000
* R 3000e000
* W 3000f000
* R 30010000
* W 30011000
* R 30012000
* W 30013000
* R 30014000
* W 30015000
* R 30016000
* W 30017000
* R 30018000
* W 30019000
* R 3001a000
* W 3001b000
* R 3001c000
* W 3001d000
* R 3001e000
* W 3001f000
* R 30020000
* W 30021000
* R 30022000
* W 30023000
* R 30024000
* W 30025000
* R 30026000
* W 30027000
* R 30028000
* W 30029000
* R 3002a000
* W 3002b000
* R 3002c000
* W 3002d000
* R 3002e000
* W 3002f000
* R 30030000
* W 30031000
* R 30032000
* W 30033000
* R 30034000
* W 30035000
* R 30036000
* W 30037000
* R 30038000
* W 30039000
* R 3003a000
* W 3003b000
* R 3003c000
* W 3003d000
* R 3003e000
* W 3003f000
* R 30040000
* W 30041000
* R 30042000
* W 30043000
* R 30044000
* W 30045000
* R 30046000
* W 30047000
* R 30048000
* W 30049000
* R 3004a000
* W 3004b000
* R 3004c000
* W 3004d000
* R 3004e000
* W 3004f000
* R 30050000
* W 30051000
* R 30052000
* W 30053000
* R 30054000
* W 30055000
* R 30056000
* W 30057000
* R 30058000
* W 30059000
* R 3005a000
* W 3005b000
* R 3005c000
* W 3005d000
* R 3005e000
* W 3005f000
* R 30060000
* W 30061000
* R 30062000
* W 30063000
* R 30064000
* W 30065000
* R 30066000
* W 30067000
* R 30068000
* W 30069000
* R 3006a000
* W 3006b000
* R 3006c000
* W 3006d000
* R 3006e000
* W 3006f000
* R 30070000
* W 30071000
* R 30072000
* W 30073000
* R 30074000
* W 30075000
* R 30076000
* W 30077000
* R 30078000
* W 30079000
* R 3007a000
* W 3007b000
* R 3007c000
* W 3007d000
* R 3007e000
* W 3007f000
* R 30080000
* W 30081000
* R 30082000
* W 30083000
* R 30084000
* W 30085000
* R 30086000
* W 30087000
* R 30088000
* W 30089000
* R 3008a000
* W 3008b000
* R 3008c000
* W 3008d000
* R 3008e000
* W 3008f000
* R 30090000
* W 30091000
* R 30092000
* W 30093000
* R 30094000
* W 30095000
* R 30096000
* W 30097000
* R 30098000
* W 30099000
* R 3009a000
* W 3009b000
* R 3009c000
* W 3009d000
* R 3009e000
* W 3009f000
* R 300a0000
* W 300a1000
* R 300a2000
* W 300a3000
* R 300a4000
* W 300a5000
* R 300a6000
* W 300a7000
* R 300a8000
* W 300a9000
* R 300aa000
* W 300ab000
* R 300ac000
* W 300ad000
* R 300ae000
* W 300af000
* R 300b0000
* W 300b1000
* R 300b2000
* W 300b3000
* R 300b4000
* W 300b5000
* R 300b6000
* W 300b7000
* R 300b8000
* W 300b9000
* R 300ba000
* W 300bb000
* R 300bc000
* W 300bd000
* R 300be000
* W 300bf000
* R 300c0000
* W 300c1000
* R 300c2000
* W 300c3000
* R 300c4000
* W 300c5000
* R 300c6000
* W 300c7000
* R 300c8000
* W 300c9000
* R 300ca000
* W 300cb000
* R 300cc000
* W 300cd000
* R 300ce000
* W 300cf000
* R 300d0000
* W 300d1000
* R 300d2000
* W 300d3000
* R 300d4000
* W 300d5000
* R 300d6000
* W 300d7000
* R 300d8000
* W 300d9000
* R 300da000
* W 300db000
* R 300dc000
* W 300dd000
* R 300de000
* W 300df000
* R 300e0000
* W 300e1000
* R 300e2000
* W 300e3000
* R 300e4000
* W 300e5000
* R 300e6000
* W 300e7000
* R 300e8000
* W 300e9000
* R 300ea000
* W 300eb000
* R 300ec000
* W 300ed000
* R 300ee000
* W 300ef000
* R 300f0000
* W 300f1000
* R 300f2000
* W 300f3000
* R 300f4000
* W 300f5000
* R 300f6000
* W 300f7000
* R 300f8000
* W 300f9000
* R 300fa000
* W 300fb000
* R 300fc000
* W 300fd000
* R 300fe000
* W 300ff000
