[3] W DRAM[0]
[103] R DRAM[1000]
[106] W DRAM[0]
[206] R DRAM[2000]
[209] W DRAM[0]
[309] R DRAM[3000]
[312] W DRAM[0]
[412] W DRAM[4000]
[415] W DRAM[0]
[515] R DRAM[5000]
[518] W DRAM[0]
[618] R DRAM[6000]
[621] W DRAM[0]
[721] R DRAM[7000]
[722] W DRAM[77f0]
[725] W DRAM[0]
[825] W DRAM[8000]
[828] W DRAM[0]
[928] R DRAM[9000]
[931] W DRAM[0]
[1031] R DRAM[a000]
[1034] W DRAM[0]
[1134] R DRAM[b000]
[1137] W DRAM[0]
[1237] W DRAM[c000]
[1240] W DRAM[0]
[1340] R DRAM[d000]
[1343] W DRAM[0]
[1443] R DRAM[e000]
[1446] W DRAM[0]
[1546] R DRAM[f000]
[1547] W DRAM[f7f0]
[1550] W DRAM[0]
[1650] W DRAM[10000]
[1653] W DRAM[0]
[1753] R DRAM[11000]
[1756] W DRAM[0]
[1856] R DRAM[12000]
[1859] W DRAM[0]
[1959] R DRAM[13000]
[1962] W DRAM[0]
[2062] W DRAM[14000]
[2065] W DRAM[0]
[2165] R DRAM[15000]
[2168] W DRAM[0]
[2268] R DRAM[16000]
[2271] W DRAM[0]
[2371] R DRAM[17000]
[2372] W DRAM[177f0]
[2375] W DRAM[0]
[2475] W DRAM[18000]
[2478] W DRAM[0]
[2578] R DRAM[19000]
[2581] W DRAM[0]
[2681] R DRAM[1a000]
[2684] W DRAM[0]
[2784] R DRAM[1b000]
[2787] W DRAM[0]
[2887] W DRAM[1c000]
[2890] W DRAM[0]
[2990] R DRAM[1d000]
[2993] W DRAM[0]
[3093] R DRAM[1e000]
[3096] W DRAM[0]
[3196] R DRAM[1f000]
[3197] W DRAM[1f7f0]
[3200] W DRAM[0]
[3300] W DRAM[20000]
[3303] W DRAM[0]
[3403] R DRAM[21000]
[3406] W DRAM[0]
[3506] R DRAM[22000]
[3509] W DRAM[0]
[3609] R DRAM[23000]
[3612] W DRAM[0]
[3712] W DRAM[24000]
[3715] W DRAM[0]
[3815] R DRAM[25000]
[3818] W DRAM[0]
[3918] R DRAM[26000]
[3921] W DRAM[0]
[4021] R DRAM[27000]
[4022] W DRAM[277f0]
[4025] W DRAM[0]
[4125] W DRAM[28000]
[4128] W DRAM[0]
[4228] R DRAM[29000]
[4231] W DRAM[0]
[4331] R DRAM[2a000]
[4334] W DRAM[0]
[4434] R DRAM[2b000]
[4437] W DRAM[0]
[4537] W DRAM[2c000]
[4540] W DRAM[0]
[4640] R DRAM[2d000]
[4643] W DRAM[0]
[4743] R DRAM[2e000]
[4746] W DRAM[0]
[4846] R DRAM[2f000]
[4847] W DRAM[2f7f0]
[4850] W DRAM[0]
[4950] W DRAM[30000]
[4953] W DRAM[0]
[5053] R DRAM[31000]
[5056] W DRAM[0]
[5156] R DRAM[32000]
[5159] W DRAM[0]
[5259] R DRAM[33000]
[5262] W DRAM[0]
[5362] W DRAM[34000]
[5365] W DRAM[0]
[5465] R DRAM[35000]
[5468] W DRAM[0]
[5568] R DRAM[36000]
[5571] W DRAM[0]
[5671] R DRAM[37000]
[5672] W DRAM[377f0]
[5675] W DRAM[0]
[5775] W DRAM[38000]
[5778] W DRAM[0]
[5878] R DRAM[39000]
[5881] W DRAM[0]
[5981] R DRAM[3a000]
[5984] W DRAM[0]
[6084] R DRAM[3b000]
[6087] W DRAM[0]
[6187] W DRAM[3c000]
[6190] W DRAM[0]
[6290] R DRAM[3d000]
[6293] W DRAM[0]
[6393] R DRAM[3e000]
[6396] W DRAM[0]
[6496] R DRAM[3f000]
[6497] W DRAM[3f7f0]
[6500] W DRAM[0]
[6600] W DRAM[40000]
[6603] R DRAM[1000]
[6606] W DRAM[0]
[6706] R DRAM[41000]
[6709] R DRAM[3000]
[6712] W DRAM[0]
[6812] W DRAM[42000]
[6815] R DRAM[5000]
[6818] W DRAM[0]
[6918] R DRAM[43000]
[6921] R DRAM[7000]
[6922] W DRAM[77f0]
[6925] W DRAM[0]
[7025] W DRAM[44000]
[7028] R DRAM[9000]
[7031] W DRAM[0]
[7131] R DRAM[45000]
[7134] R DRAM[b000]
[7137] W DRAM[0]
[7237] W DRAM[46000]
[7240] R DRAM[d000]
[7243] W DRAM[0]
[7343] R DRAM[47000]
[7346] R DRAM[f000]
[7347] W DRAM[f7f0]
[7350] W DRAM[0]
[7450] W DRAM[48000]
[7453] R DRAM[11000]
[7456] W DRAM[0]
[7556] R DRAM[49000]
[7559] R DRAM[13000]
[7562] W DRAM[0]
[7662] W DRAM[4a000]
[7665] R DRAM[15000]
[7668] W DRAM[0]
[7768] R DRAM[4b000]
[7771] R DRAM[17000]
[7772] W DRAM[177f0]
[7775] W DRAM[0]
[7875] W DRAM[4c000]
[7878] R DRAM[19000]
[7881] W DRAM[0]
[7981] R DRAM[4d000]
[7984] R DRAM[1b000]
[7987] W DRAM[0]
[8087] W DRAM[4e000]
[8090] R DRAM[1d000]
[8093] W DRAM[0]
[8193] R DRAM[4f000]
[8196] R DRAM[1f000]
[8197] W DRAM[1f7f0]
[8200] W DRAM[0]
[8300] W DRAM[50000]
[8303] R DRAM[21000]
[8306] W DRAM[0]
[8406] R DRAM[51000]
[8409] R DRAM[23000]
[8412] W DRAM[0]
[8512] W DRAM[52000]
[8515] R DRAM[25000]
[8518] W DRAM[0]
[8618] R DRAM[53000]
[8621] R DRAM[27000]
[8622] W DRAM[277f0]
[8625] W DRAM[0]
[8725] W DRAM[54000]
[8728] R DRAM[29000]
[8731] W DRAM[0]
[8831] R DRAM[55000]
[8834] R DRAM[2b000]
[8837] W DRAM[0]
[8937] W DRAM[56000]
[8940] R DRAM[2d000]
[8943] W DRAM[0]
[9043] R DRAM[57000]
[9046] R DRAM[2f000]
[9047] W DRAM[2f7f0]
[9050] W DRAM[0]
[9150] W DRAM[58000]
[9153] R DRAM[31000]
[9156] W DRAM[0]
[9256] R DRAM[59000]
[9259] R DRAM[33000]
[9262] W DRAM[0]
[9362] W DRAM[5a000]
[9365] R DRAM[35000]
[9368] W DRAM[0]
[9468] R DRAM[5b000]
[9471] R DRAM[37000]
[9472] W DRAM[377f0]
[9475] W DRAM[0]
[9575] W DRAM[5c000]
[9578] R DRAM[39000]
[9581] W DRAM[0]
[9681] R DRAM[5d000]
[9684] R DRAM[3b000]
[9687] W DRAM[0]
[9787] W DRAM[5e000]
[9790] R DRAM[3d000]
[9793] W DRAM[0]
[9893] R DRAM[5f000]
[9896] R DRAM[3f000]
[9897] W DRAM[3f7f0]
[9900] W DRAM[0]
[10000] W DRAM[60000]
Elapsed: 10000 ns
Total instructions executed: 144
Total page faults: 96
Total page evictions: 0
Total TLB L1 hits: 16 (11.11%)
Total TLB L2 hits: 32 (25.00%)
Total TLB L1 invalidations: 0
Total TLB L2 invalidations: 0
=========== System Properties ===========
Virtual address:       32 bits
Page index:            12 bits
DRAM address:          28 bits
Disk address:          48 bits
Virtual address space: 4294967296 B
DRAM address space:    268435456 B
Disk address space:    281474976710656 B
Page size:             4096 B
Total pages:           1048576
=========================================
* R 8000000
***** Page fault! *****
PTE found (VA=8000000 VPN=8000 PA=1000)
* R 2000000
***** Page fault! *****
PTE found (VA=2000000 VPN=2000 PA=2000)
* R 8001000
***** Page fault! *****
PTE found (VA=8001000 VPN=8001 PA=3000)
* W 4000000
***** Page fault! *****
PTE found (VA=4000000 VPN=4000 PA=4000)
* R 8002000
***** Page fault! *****
PTE found (VA=8002000 VPN=8002 PA=5000)
* R 7000000
***** Page fault! *****
PTE found (VA=7000000 VPN=7000 PA=6000)
* R 8003000
***** Page fault! *****
PTE found (VA=8003000 VPN=8003 PA=7000)
* W 80037f0
* W b000000
***** Page fault! *****
PTE found (VA=b000000 VPN=b000 PA=8000)
* R 8004000
***** Page fault! *****
PTE found (VA=8004000 VPN=8004 PA=9000)
* R 2100000
***** Page fault! *****
PTE found (VA=2100000 VPN=2100 PA=a000)
* R 8005000
***** Page fault! *****
PTE found (VA=8005000 VPN=8005 PA=b000)
* W 4100000
***** Page fault! *****
PTE found (VA=4100000 VPN=4100 PA=c000)
* R 8006000
***** Page fault! *****
PTE found (VA=8006000 VPN=8006 PA=d000)
* R 7100000
***** Page fault! *****
PTE found (VA=7100000 VPN=7100 PA=e000)
* R 8007000
***** Page fault! *****
PTE found (VA=8007000 VPN=8007 PA=f000)
* W 80077f0
* W b100000
***** Page fault! *****
PTE found (VA=b100000 VPN=b100 PA=10000)
* R 8008000
***** Page fault! *****
PTE found (VA=8008000 VPN=8008 PA=11000)
* R 2200000
***** Page fault! *****
PTE found (VA=2200000 VPN=2200 PA=12000)
* R 8009000
***** Page fault! *****
PTE found (VA=8009000 VPN=8009 PA=13000)
* W 4200000
***** Page fault! *****
PTE found (VA=4200000 VPN=4200 PA=14000)
* R 800a000
***** Page fault! *****
PTE found (VA=800a000 VPN=800a PA=15000)
* R 7200000
***** Page fault! *****
PTE found (VA=7200000 VPN=7200 PA=16000)
* R 800b000
***** Page fault! *****
PTE found (VA=800b000 VPN=800b PA=17000)
* W 800b7f0
* W b200000
***** Page fault! *****
PTE found (VA=b200000 VPN=b200 PA=18000)
* R 800c000
***** Page fault! *****
PTE found (VA=800c000 VPN=800c PA=19000)
* R 2300000
***** Page fault! *****
PTE found (VA=2300000 VPN=2300 PA=1a000)
* R 800d000
***** Page fault! *****
PTE found (VA=800d000 VPN=800d PA=1b000)
* W 4300000
***** Page fault! *****
PTE found (VA=4300000 VPN=4300 PA=1c000)
* R 800e000
***** Page fault! *****
PTE found (VA=800e000 VPN=800e PA=1d000)
* R 7300000
***** Page fault! *****
PTE found (VA=7300000 VPN=7300 PA=1e000)
* R 800f000
***** Page fault! *****
PTE found (VA=800f000 VPN=800f PA=1f000)
* W 800f7f0
* W b300000
***** Page fault! *****
PTE found (VA=b300000 VPN=b300 PA=20000)
* R 8010000
***** Page fault! *****
PTE found (VA=8010000 VPN=8010 PA=21000)
* R 2400000
***** Page fault! *****
PTE found (VA=2400000 VPN=2400 PA=22000)
* R 8011000
***** Page fault! *****
PTE found (VA=8011000 VPN=8011 PA=23000)
* W 4400000
***** Page fault! *****
PTE found (VA=4400000 VPN=4400 PA=24000)
* R 8012000
***** Page fault! *****
PTE found (VA=8012000 VPN=8012 PA=25000)
* R 7400000
***** Page fault! *****
PTE found (VA=7400000 VPN=7400 PA=26000)
* R 8013000
***** Page fault! *****
PTE found (VA=8013000 VPN=8013 PA=27000)
* W 80137f0
* W b400000
***** Page fault! *****
PTE found (VA=b400000 VPN=b400 PA=28000)
* R 8014000
***** Page fault! *****
PTE found (VA=8014000 VPN=8014 PA=29000)
* R 2500000
***** Page fault! *****
PTE found (VA=2500000 VPN=2500 PA=2a000)
* R 8015000
***** Page fault! *****
PTE found (VA=8015000 VPN=8015 PA=2b000)
* W 4500000
***** Page fault! *****
PTE found (VA=4500000 VPN=4500 PA=2c000)
* R 8016000
***** Page fault! *****
PTE found (VA=8016000 VPN=8016 PA=2d000)
* R 7500000
***** Page fault! *****
PTE found (VA=7500000 VPN=7500 PA=2e000)
* R 8017000
***** Page fault! *****
PTE found (VA=8017000 VPN=8017 PA=2f000)
* W 80177f0
* W b500000
***** Page fault! *****
PTE found (VA=b500000 VPN=b500 PA=30000)
* R 8018000
***** Page fault! *****
PTE found (VA=8018000 VPN=8018 PA=31000)
* R 2600000
***** Page fault! *****
PTE found (VA=2600000 VPN=2600 PA=32000)
* R 8019000
***** Page fault! *****
PTE found (VA=8019000 VPN=8019 PA=33000)
* W 4600000
***** Page fault! *****
PTE found (VA=4600000 VPN=4600 PA=34000)
* R 801a000
***** Page fault! *****
PTE found (VA=801a000 VPN=801a PA=35000)
* R 7600000
***** Page fault! *****
PTE found (VA=7600000 VPN=7600 PA=36000)
* R 801b000
***** Page fault! *****
PTE found (VA=801b000 VPN=801b PA=37000)
* W 801b7f0
* W b600000
***** Page fault! *****
PTE found (VA=b600000 VPN=b600 PA=38000)
* R 801c000
***** Page fault! *****
PTE found (VA=801c000 VPN=801c PA=39000)
* R 2700000
***** Page fault! *****
PTE found (VA=2700000 VPN=2700 PA=3a000)
* R 801d000
***** Page fault! *****
PTE found (VA=801d000 VPN=801d PA=3b000)
* W 4700000
***** Page fault! *****
PTE found (VA=4700000 VPN=4700 PA=3c000)
* R 801e000
***** Page fault! *****
PTE found (VA=801e000 VPN=801e PA=3d000)
* R 7700000
***** Page fault! *****
PTE found (VA=7700000 VPN=7700 PA=3e000)
* R 801f000
***** Page fault! *****
PTE found (VA=801f000 VPN=801f PA=3f000)
* W 801f7f0
* W b700000
***** Page fault! *****
PTE found (VA=b700000 VPN=b700 PA=40000)
* R 8000000
* R 2800000
***** Page fault! *****
PTE found (VA=2800000 VPN=2800 PA=41000)
* R 8001000
* W 4800000
***** Page fault! *****
PTE found (VA=4800000 VPN=4800 PA=42000)
* R 8002000
* R 7800000
***** Page fault! *****
PTE found (VA=7800000 VPN=7800 PA=43000)
* R 8003000
* W 80037f0
* W b800000
***** Page fault! *****
PTE found (VA=b800000 VPN=b800 PA=44000)
* R 8004000
* R 2900000
***** Page fault! *****
PTE found (VA=2900000 VPN=2900 PA=45000)
* R 8005000
* W 4900000
***** Page fault! *****
PTE found (VA=4900000 VPN=4900 PA=46000)
* R 8006000
* R 7900000
***** Page fault! *****
PTE found (VA=7900000 VPN=7900 PA=47000)
* R 8007000
* W 80077f0
* W b900000
***** Page fault! *****
PTE found (VA=b900000 VPN=b900 PA=48000)
* R 8008000
* R 2a00000
***** Page fault! *****
PTE found (VA=2a00000 VPN=2a00 PA=49000)
* R 8009000
* W 4a00000
***** Page fault! *****
PTE found (VA=4a00000 VPN=4a00 PA=4a000)
* R 800a000
* R 7a00000
***** Page fault! *****
PTE found (VA=7a00000 VPN=7a00 PA=4b000)
* R 800b000
* W 800b7f0
* W ba00000
***** Page fault! *****
PTE found (VA=ba00000 VPN=ba00 PA=4c000)
* R 800c000
* R 2b00000
***** Page fault! *****
PTE found (VA=2b00000 VPN=2b00 PA=4d000)
* R 800d000
* W 4b00000
***** Page fault! *****
PTE found (VA=4b00000 VPN=4b00 PA=4e000)
* R 800e000
* R 7b00000
***** Page fault! *****
PTE found (VA=7b00000 VPN=7b00 PA=4f000)
* R 800f000
* W 800f7f0
* W bb00000
***** Page fault! *****
PTE found (VA=bb00000 VPN=bb00 PA=50000)
* R 8010000
* R 2c00000
***** Page fault! *****
PTE found (VA=2c00000 VPN=2c00 PA=51000)
* R 8011000
* W 4c00000
***** Page fault! *****
PTE found (VA=4c00000 VPN=4c00 PA=52000)
* R 8012000
* R 7c00000
***** Page fault! *****
PTE found (VA=7c00000 VPN=7c00 PA=53000)
* R 8013000
* W 80137f0
* W bc00000
***** Page fault! *****
PTE found (VA=bc00000 VPN=bc00 PA=54000)
* R 8014000
* R 2d00000
***** Page fault! *****
PTE found (VA=2d00000 VPN=2d00 PA=55000)
* R 8015000
* W 4d00000
***** Page fault! *****
PTE found (VA=4d00000 VPN=4d00 PA=56000)
* R 8016000
* R 7d00000
***** Page fault! *****
PTE found (VA=7d00000 VPN=7d00 PA=57000)
* R 8017000
* W 80177f0
* W bd00000
***** Page fault! *****
PTE found (VA=bd00000 VPN=bd00 PA=58000)
* R 8018000
* R 2e00000
***** Page fault! *****
PTE found (VA=2e00000 VPN=2e00 PA=59000)
* R 8019000
* W 4e00000
***** Page fault! *****
PTE found (VA=4e00000 VPN=4e00 PA=5a000)
* R 801a000
* R 7e00000
***** Page fault! *****
PTE found (VA=7e00000 VPN=7e00 PA=5b000)
* R 801b000
* W 801b7f0
* W be00000
***** Page fault! *****
PTE found (VA=be00000 VPN=be00 PA=5c000)
* R 801c000
* R 2f00000
***** Page fault! *****
PTE found (VA=2f00000 VPN=2f00 PA=5d000)
* R 801d000
* W 4f00000
***** Page fault! *****
PTE found (VA=4f00000 VPN=4f00 PA=5e000)
* R 801e000
* R 7f00000
***** Page fault! *****
PTE found (VA=7f00000 VPN=7f00 PA=5f000)
* R 801f000
* W 801f7f0
* W bf00000
***** Page fault! *****
PTE found (VA=bf00000 VPN=bf00 PA=60000)
