[3] W DRAM[0]
[103] R DRAM[1000]
[106] W DRAM[0]
[206] R DRAM[2000]
[209] W DRAM[0]
[309] R DRAM[3000]
[312] W DRAM[0]
[412] W DRAM[4000]
[415] W DRAM[0]
[515] R DRAM[5000]
[518] W DRAM[0]
[618] R DRAM[6000]
[621] W DRAM[0]
[721] R DRAM[7000]
[722] W DRAM[77f0]
[725] W DRAM[0]
[825] W DRAM[8000]
[828] W DRAM[0]
[928] R DRAM[9000]
[931] W DRAM[0]
[1031] R DRAM[a000]
[1034] W DRAM[0]
[1134] R DRAM[b000]
[1137] W DRAM[0]
[1237] W DRAM[c000]
[1240] W DRAM[0]
[1340] R DRAM[d000]
[1343] W DRAM[0]
[1443] R DRAM[e000]
[1446] W DRAM[0]
[1546] R DRAM[f000]
[1547] W DRAM[f7f0]
[1550] W DRAM[0]
[1650] W DRAM[10000]
[1653] W DRAM[0]
[1753] R DRAM[11000]
[1756] W DRAM[0]
[1856] R DRAM[12000]
[1859] W DRAM[0]
[1959] R DRAM[13000]
[1962] W DRAM[0]
[2062] W DRAM[14000]
[2065] W DRAM[0]
[2165] R DRAM[15000]
[2168] W DRAM[0]
[2268] R DRAM[16000]
[2271] W DRAM[0]
[2371] R DRAM[17000]
[2372] W DRAM[177f0]
[2375] W DRAM[0]
[2475] W DRAM[18000]
[2478] W DRAM[0]
[2578] R DRAM[19000]
[2581] W DRAM[0]
[2681] R DRAM[1a000]
[2684] W DRAM[0]
[2784] R DRAM[1b000]
[2787] W DRAM[0]
[2887] W DRAM[1c000]
[2890] W DRAM[0]
[2990] R DRAM[1d000]
[2993] W DRAM[0]
[3093] R DRAM[1e000]
[3096] W DRAM[0]
[3196] R DRAM[1f000]
[3197] W DRAM[1f7f0]
[3200] W DRAM[0]
[3300] W DRAM[20000]
[3303] W DRAM[0]
[3403] R DRAM[21000]
[3406] W DRAM[0]
[3506] R DRAM[22000]
[3509] W DRAM[0]
[3609] R DRAM[23000]
[3612] W DRAM[0]
[3712] W DRAM[24000]
[3715] W DRAM[0]
[3815] R DRAM[25000]
[3818] W DRAM[0]
[3918] R DRAM[26000]
[3921] W DRAM[0]
[4021] R DRAM[27000]
[4022] W DRAM[277f0]
[4025] W DRAM[0]
[4125] W DRAM[28000]
[4128] W DRAM[0]
[4228] R DRAM[29000]
[4231] W DRAM[0]
[4331] R DRAM[2a000]
[4334] W DRAM[0]
[4434] R DRAM[2b000]
[4437] W DRAM[0]
[4537] W DRAM[2c000]
[4540] W DRAM[0]
[4640] R DRAM[2d000]
[4643] W DRAM[0]
[4743] R DRAM[2e000]
[4746] W DRAM[0]
[4846] R DRAM[2f000]
[4847] W DRAM[2f7f0]
[4850] W DRAM[0]
[4950] W DRAM[30000]
[4953] W DRAM[0]
[5053] R DRAM[31000]
[5056] W DRAM[0]
[5156] R DRAM[32000]
[5159] W DRAM[0]
[5259] R DRAM[33000]
[5262] W DRAM[0]
[5362] W DRAM[34000]
[5365] W DRAM[0]
[5465] R DRAM[35000]
[5468] W DRAM[0]
[5568] R DRAM[36000]
[5571] W DRAM[0]
[5671] R DRAM[37000]
[5672] W DRAM[377f0]
[5675] W DRAM[0]
[5775] W DRAM[38000]
[5778] W DRAM[0]
[5878] R DRAM[39000]
[5881] W DRAM[0]
[5981] R DRAM[3a000]
[5984] W DRAM[0]
[6084] R DRAM[3b000]
[6087] W DRAM[0]
[6187] W DRAM[3c000]
[6190] W DRAM[0]
[6290] R DRAM[3d000]
[6293] W DRAM[0]
[6393] R DRAM[3e000]
[6396] W DRAM[0]
[6496] R DRAM[3f000]
[6497] W DRAM[3f7f0]
[6500] W DRAM[0]
[6600] W DRAM[40000]
[6603] R DRAM[1000]
[6606] W DRAM[0]
[6706] R DRAM[41000]
[6709] R DRAM[3000]
[6712] W DRAM[0]
[6812] W DRAM[42000]
[6815] R DRAM[5000]
[6818] W DRAM[0]
[6918] R DRAM[43000]
[6921] R DRAM[7000]
[6922] W DRAM[77f0]
[6925] W DRAM[0]
[7025] W DRAM[44000]
[7028] R DRAM[9000]
[7031] W DRAM[0]
[7131] R DRAM[45000]
[7134] R DRAM[b000]
[7137] W DRAM[0]
[7237] W DRAM[46000]
[7240] R DRAM[d000]
[7243] W DRAM[0]
[7343] R DRAM[47000]
[7346] R DRAM[f000]
[7347] W DRAM[f7f0]
[7350] W DRAM[0]
[7450] W DRAM[48000]
[7453] R DRAM[11000]
[7456] W DRAM[0]
[7556] R DRAM[49000]
[7559] R DRAM[13000]
[7562] W DRAM[0]
[7662] W DRAM[4a000]
[7665] R DRAM[15000]
[7668] W DRAM[0]
[7768] R DRAM[4b000]
[7771] R DRAM[17000]
[7772] W DRAM[177f0]
[7775] W DRAM[0]
[7875] W DRAM[4c000]
[7878] R DRAM[19000]
[7881] W DRAM[0]
[7981] R DRAM[4d000]
[7984] R DRAM[1b000]
[7987] W DRAM[0]
[8087] W DRAM[4e000]
[8090] R DRAM[1d000]
[8093] W DRAM[0]
[8193] R DRAM[4f000]
[8196] R DRAM[1f000]
[8197] W DRAM[1f7f0]
[8200] W DRAM[0]
[8300] W DRAM[50000]
[8303] R DRAM[21000]
[8306] W DRAM[0]
[8406] R DRAM[51000]
[8409] R DRAM[23000]
[8412] W DRAM[0]
[8512] W DRAM[52000]
[8515] R DRAM[25000]
[8518] W DRAM[0]
[8618] R DRAM[53000]
[8621] R DRAM[27000]
[8622] W DRAM[277f0]
[8625] W DRAM[0]
[8725] W DRAM[54000]
[8728] R DRAM[29000]
[8731] W DRAM[0]
[8831] R DRAM[55000]
[8834] R DRAM[2b000]
[8837] W DRAM[0]
[8937] W DRAM[56000]
[8940] R DRAM[2d000]
[8943] W DRAM[0]
[9043] R DRAM[57000]
[9046] R DRAM[2f000]
[9047] W DRAM[2f7f0]
[9050] W DRAM[0]
[9150] W DRAM[58000]
[9153] R DRAM[31000]
[9156] W DRAM[0]
[9256] R DRAM[59000]
[9259] R DRAM[33000]
[9262] W DRAM[0]
[9362] W DRAM[5a000]
[9365] R DRAM[35000]
[9368] W DRAM[0]
[9468] R DRAM[5b000]
[9471] R DRAM[37000]
[9472] W DRAM[377f0]
[9475] W DRAM[0]
[9575] W DRAM[5c000]
[9578] R DRAM[39000]
[9581] W DRAM[0]
[9681] R DRAM[5d000]
[9684] R DRAM[3b000]
[9687] W DRAM[0]
[9787] W DRAM[5e000]
[9790] R DRAM[3d000]
[9793] W DRAM[0]
[9893] R DRAM[5f000]
[9896] R DRAM[3f000]
[9897] W DRAM[3f7f0]
[9900] W DRAM[0]
[10000] W DRAM[60000]
Elapsed: 10000 ns
Total instructions executed: 144
Total page faults: 96
Total page evictions: 0
Total TLB L1 hits: 16 (11.11%)
Total TLB L2 hits: 32 (25.00%)
Total TLB L1 invalidations: 0
Total TLB L2 invalidations: 0
